04-22 21:39:38.227  2590  2590 D SecPlayerViewHolder: ColorUpdate progressBarSecondaryColor changed from 0xFFFFB3AF to 0xFFFFB3AF
04-22 21:39:38.227  2590  2590 D SecColorSchemeTransition: ColorUpdate updateAlbumGradient bgColor 0xFF303030 bgGradientStart 0x67311615 bgGradientEnd 0xDA2F070A
04-22 21:39:38.227  2590  2590 D SecColorSchemeTransition: ColorUpdate updateAlbumGradient bgColor 0xFF303030 bgGradientStart 0x67311615 bgGradientEnd 0xE631070B
04-22 21:39:38.227  2590  2590 D SecPlayerViewHolder: ColorUpdate progressBarPrimaryColor changed from 0xFFFFDAD7 to 0xFFFFDAD7
04-22 21:39:38.227  2590  2590 D SecPlayerViewHolder: ColorUpdate progressBarSecondaryColor changed from 0xFFFFB3AD to 0xFFFFB3AE
04-22 21:39:38.228  2590  2590 D SecColorSchemeTransition: ColorUpdate updateAlbumGradient bgColor 0xFF303030 bgGradientStart 0x5A2E1514 bgGradientEnd 0xBA2C060A
04-22 21:39:38.228  2590  2590 D SecColorSchemeTransition: ColorUpdate updateAlbumGradient bgColor 0xFF303030 bgGradientStart 0x5A2E1514 bgGradientEnd 0xCA2E060A
04-22 21:39:38.228  2590  2590 D SecPlayerViewHolder: ColorUpdate progressBarPrimaryColor changed from 0xFFFFDAD6 to 0xFFFFDAD7
04-22 21:39:38.228  2590  2590 D SecPlayerViewHolder: ColorUpdate progressBarSecondaryColor changed from 0xFFFFB3AC to 0xFFFFB3AD
04-22 21:39:38.228  2590  2590 D SecColorSchemeTransition: ColorUpdate updateAlbumGradient bgColor 0xFF303030 bgGradientStart 0x4A2A1312 bgGradientEnd 0x93280509
04-22 21:39:38.228  2590  2590 D SecColorSchemeTransition: ColorUpdate updateAlbumGradient bgColor 0xFF303030 bgGradientStart 0x4A2A1312 bgGradientEnd 0xA62A0609
04-22 21:39:38.242  1050  1376 D libcomposer_ext: ClientImplAidl::kickIdle()
04-22 21:39:38.243   976   990 D libcomposer_ext: DeviceImplAidl::syncPerform(17), client_handle: 0
04-22 21:39:38.243   976   990 D libcomposer_ext: DeviceImplAidl::DeviceClientContextAidl::ParseKickIdle()
04-22 21:39:38.243  2590  2590 D SecPlayerViewHolder: ColorUpdate progressBarPrimaryColor changed from 0xFFFFDAD8 to 0xFFFFDAD8
04-22 21:39:38.243  2590  2590 D SecPlayerViewHolder: ColorUpdate progressBarSecondaryColor changed from 0xFFFFB3AF to 0xFFFFB3AF
04-22 21:39:38.244  2590  2590 D SecColorSchemeTransition: ColorUpdate updateAlbumGradient bgColor 0xFF303030 bgGradientStart 0x6C321615 bgGradientEnd 0xE631070B
04-22 21:39:38.244  2590  2590 D SecColorSchemeTransition: ColorUpdate updateAlbumGradient bgColor 0xFF303030 bgGradientStart 0x6C321615 bgGradientEnd 0xF132070B
04-22 21:39:38.244  2590  2590 D SecPlayerViewHolder: ColorUpdate progressBarPrimaryColor changed from 0xFFFFDAD7 to 0xFFFFDAD7
04-22 21:39:38.244  2590  2590 D SecPlayerViewHolder: ColorUpdate progressBarSecondaryColor changed from 0xFFFFB3AE to 0xFFFFB3AF
04-22 21:39:38.245  2590  2590 D SecColorSchemeTransition: ColorUpdate updateAlbumGradient bgColor 0xFF303030 bgGradientStart 0x612F1514 bgGradientEnd 0xCA2E060A
04-22 21:39:38.245  2590  2590 D SecColorSchemeTransition: ColorUpdate updateAlbumGradient bgColor 0xFF303030 bgGradientStart 0x612F1514 bgGradientEnd 0xDA2F070A
04-22 21:39:38.245  2590  2590 D SecPlayerViewHolder: ColorUpdate progressBarPrimaryColor changed from 0xFFFFDAD7 to 0xFFFFDAD7
04-22 21:39:38.245  2590  2590 D SecPlayerViewHolder: ColorUpdate progressBarSecondaryColor changed from 0xFFFFB3AD to 0xFFFFB3AD
04-22 21:39:38.245  2590  2590 D SecColorSchemeTransition: ColorUpdate updateAlbumGradient bgColor 0xFF303030 bgGradientStart 0x532C1413 bgGradientEnd 0xA62A0609
04-22 21:39:38.245  2590  2590 D SecColorSchemeTransition: ColorUpdate updateAlbumGradient bgColor 0xFF303030 bgGradientStart 0x532C1413 bgGradientEnd 0xB92C060A
04-22 21:39:38.245  1050  1050 D CompositionEngine: AodOverrideCEHelper 1 setEnabled
04-22 21:39:38.259  1050  1050 I SurfaceFlinger: [com.brave.browser/ChromeChildSurface#174783] setFrameRate: 25.000000, ExactOrMultiple, OnlySeamless
04-22 21:39:38.260  1245  1245 I thermal_repeater: socket -1
04-22 21:39:38.260  2590  2590 D SecPlayerViewHolder: ColorUpdate progressBarPrimaryColor changed from 0xFFFFDAD8 to 0xFFFFDAD8
04-22 21:39:38.260  2590  2590 D SecPlayerViewHolder: ColorUpdate progressBarSecondaryColor changed from 0xFFFFB3AF to 0xFFFFB3B0
04-22 21:39:38.260  2590  2590 D SecColorSchemeTransition: ColorUpdate updateAlbumGradient bgColor 0xFF303030 bgGradientStart 0x6F321716 bgGradientEnd 0xF132070B
04-22 21:39:38.260  2590  2590 D SecColorSchemeTransition: ColorUpdate updateAlbumGradient bgColor 0xFF303030 bgGradientStart 0x6F321716 bgGradientEnd 0xF932070B
04-22 21:39:38.261  2590  2590 D SecPlayerViewHolder: ColorUpdate progressBarPrimaryColor changed from 0xFFFFDAD7 to 0xFFFFDAD8
04-22 21:39:38.261  2590  2590 D SecPlayerViewHolder: ColorUpdate progressBarSecondaryColor changed from 0xFFFFB3AF to 0xFFFFB3AF
04-22 21:39:38.261  2590  2590 D SecColorSchemeTransition: ColorUpdate updateAlbumGradient bgColor 0xFF303030 bgGradientStart 0x67311615 bgGradientEnd 0xDA2F070A
04-22 21:39:38.261  2590  2590 D SecColorSchemeTransition: ColorUpdate updateAlbumGradient bgColor 0xFF303030 bgGradientStart 0x67311615 bgGradientEnd 0xE731070B
04-22 21:39:38.261  2590  2590 D SecPlayerViewHolder: ColorUpdate progressBarPrimaryColor changed from 0xFFFFDAD7 to 0xFFFFDAD7
04-22 21:39:38.261  2590  2590 D SecPlayerViewHolder: ColorUpdate progressBarSecondaryColor changed from 0xFFFFB3AD to 0xFFFFB3AE
04-22 21:39:38.261  2590  2590 D SecColorSchemeTransition: ColorUpdate updateAlbumGradient bgColor 0xFF303030 bgGradientStart 0x5A2E1514 bgGradientEnd 0xB92C060A
04-22 21:39:38.261  2590  2590 D SecColorSchemeTransition: ColorUpdate updateAlbumGradient bgColor 0xFF303030 bgGradientStart 0x5A2E1514 bgGradientEnd 0xCA2E060A
04-22 21:39:38.262  1050  1050 D CompositionEngine: AodOverrideCEHelper 1 setEnabled
04-22 21:39:38.267  1050  1380 I SurfaceFlinger: Capture layer list: 	 com.brave.browser/ChromeChildSurface#174783(seamlessTransition:0)
04-22 21:39:38.267  1050  1380 I SurfaceFlinger: Capture layer list: 	 com.brave.browser/com.google.android.apps.chrome.Main$_5900#174777(seamlessTransition:0)
04-22 21:39:38.276  2590  2590 D SecPlayerViewHolder: ColorUpdate progressBarPrimaryColor changed from 0xFFFFDAD8 to 0xFFFFDAD8
04-22 21:39:38.277  2590  2590 D SecPlayerViewHolder: ColorUpdate progressBarSecondaryColor changed from 0xFFFFB3B0 to 0xFFFFB3B0
04-22 21:39:38.277  2590  2590 D SecColorSchemeTransition: ColorUpdate updateAlbumGradient bgColor 0xFF303030 bgGradientStart 0x71331716 bgGradientEnd 0xF932070B
04-22 21:39:38.277  2590  2590 D SecColorSchemeTransition: ColorUpdate updateAlbumGradient bgColor 0xFF303030 bgGradientStart 0x71331716 bgGradientEnd 0xFD33070B
04-22 21:39:38.277  2590  2590 D SecPlayerViewHolder: ColorUpdate progressBarPrimaryColor changed from 0xFFFFDAD8 to 0xFFFFDAD8
04-22 21:39:38.277  2590  2590 D SecPlayerViewHolder: ColorUpdate progressBarSecondaryColor changed from 0xFFFFB3AF to 0xFFFFB3AF
04-22 21:39:38.278  2590  2590 D SecColorSchemeTransition: ColorUpdate updateAlbumGradient bgColor 0xFF303030 bgGradientStart 0x6C321615 bgGradientEnd 0xE731070B
04-22 21:39:38.278  1050  1050 D CompositionEngine: AodOverrideCEHelper 1 setEnabled
04-22 21:39:38.278  2590  2590 D SecColorSchemeTransition: ColorUpdate updateAlbumGradient bgColor 0xFF303030 bgGradientStart 0x6C321615 bgGradientEnd 0xF132070B
04-22 21:39:38.278  2590  2590 D SecPlayerViewHolder: ColorUpdate progressBarPrimaryColor changed from 0xFFFFDAD7 to 0xFFFFDAD7
04-22 21:39:38.278  2590  2590 D SecPlayerViewHolder: ColorUpdate progressBarSecondaryColor changed from 0xFFFFB3AE to 0xFFFFB3AF
04-22 21:39:38.279  2590  2590 D SecColorSchemeTransition: ColorUpdate updateAlbumGradient bgColor 0xFF303030 bgGradientStart 0x612F1514 bgGradientEnd 0xCA2E060A
04-22 21:39:38.279  2590  2590 D SecColorSchemeTransition: ColorUpdate updateAlbumGradient bgColor 0xFF303030 bgGradientStart 0x612F1514 bgGradientEnd 0xD92F070A
04-22 21:39:38.293  2590  2590 D SecPlayerViewHolder: ColorUpdate progressBarPrimaryColor changed from 0xFFFFDAD8 to 0xFFFFDAD8
04-22 21:39:38.293  2590  2590 D SecPlayerViewHolder: ColorUpdate progressBarSecondaryColor changed from 0xFFFFB3B0 to 0xFFFFB3B0
04-22 21:39:38.293  2590  2590 D SecColorSchemeTransition: ColorUpdate updateAlbumGradient bgColor 0xFF303030 bgGradientStart 0x72331716 bgGradientEnd 0xFD33070B
04-22 21:39:38.294  2590  2590 D SecColorSchemeTransition: ColorUpdate updateAlbumGradient bgColor 0xFF303030 bgGradientStart 0x72331716 bgGradientEnd 0xFF33070B
04-22 21:39:38.294  2590  2590 D SecPlayerViewHolder: ColorUpdate progressBarPrimaryColor changed from 0xFFFFDAD8 to 0xFFFFDAD8
04-22 21:39:38.295  2590  2590 D SecPlayerViewHolder: ColorUpdate progressBarSecondaryColor changed from 0xFFFFB3AF to 0xFFFFB3B0
04-22 21:39:38.295  2590  2590 D SecColorSchemeTransition: ColorUpdate updateAlbumGradient bgColor 0xFF303030 bgGradientStart 0x6F321716 bgGradientEnd 0xF132070B
04-22 21:39:38.295  2590  2590 D SecColorSchemeTransition: ColorUpdate updateAlbumGradient bgColor 0xFF303030 bgGradientStart 0x6F321716 bgGradientEnd 0xF932070B
04-22 21:39:38.295  2590  2590 D SecPlayerViewHolder: ColorUpdate progressBarPrimaryColor changed from 0xFFFFDAD7 to 0xFFFFDAD8
04-22 21:39:38.295  2590  2590 D SecPlayerViewHolder: ColorUpdate progressBarSecondaryColor changed from 0xFFFFB3AF to 0xFFFFB3AF
04-22 21:39:38.295  2590  2590 D SecColorSchemeTransition: ColorUpdate updateAlbumGradient bgColor 0xFF303030 bgGradientStart 0x67311615 bgGradientEnd 0xD92F070A
04-22 21:39:38.295  2590  2590 D SecColorSchemeTransition: ColorUpdate updateAlbumGradient bgColor 0xFF303030 bgGradientStart 0x67311615 bgGradientEnd 0xE631070B
04-22 21:39:38.310  2590  2590 D SecPlayerViewHolder: ColorUpdate progressBarPrimaryColor changed from 0xFFFFDAD8 to 0xFFFFDAD8
04-22 21:39:38.310  2590  2590 D SecPlayerViewHolder: ColorUpdate progressBarSecondaryColor changed from 0xFFFFB3B0 to 0xFFFFB3B0
04-22 21:39:38.310  2590  2590 D SecColorSchemeTransition: ColorUpdate updateAlbumGradient bgColor 0xFF303030 bgGradientStart 0x71331716 bgGradientEnd 0xF932070B
04-22 21:39:38.310  2590  2590 D SecColorSchemeTransition: ColorUpdate updateAlbumGradient bgColor 0xFF303030 bgGradientStart 0x71331716 bgGradientEnd 0xFE33070B
04-22 21:39:38.310  2590  2590 D SecPlayerViewHolder: ColorUpdate progressBarPrimaryColor changed from 0xFFFFDAD8 to 0xFFFFDAD8
04-22 21:39:38.311  2590  2590 D SecPlayerViewHolder: ColorUpdate progressBarSecondaryColor changed from 0xFFFFB3AF to 0xFFFFB3AF
04-22 21:39:38.311  2590  2590 D SecColorSchemeTransition: ColorUpdate updateAlbumGradient bgColor 0xFF303030 bgGradientStart 0x6C321615 bgGradientEnd 0xE631070B
04-22 21:39:38.311  2590  2590 D SecColorSchemeTransition: ColorUpdate updateAlbumGradient bgColor 0xFF303030 bgGradientStart 0x6C321615 bgGradientEnd 0xF132070B
04-22 21:39:38.326  1050  1376 D libcomposer_ext: ClientImplAidl::kickIdle()
04-22 21:39:38.326   976   990 D libcomposer_ext: DeviceImplAidl::syncPerform(17), client_handle: 0
04-22 21:39:38.326   976   990 D libcomposer_ext: DeviceImplAidl::DeviceClientContextAidl::ParseKickIdle()
04-22 21:39:38.326  2590  2590 D SecPlayerViewHolder: ColorUpdate progressBarPrimaryColor changed from 0xFFFFDAD8 to 0xFFFFDAD8
04-22 21:39:38.327  2590  2590 D SecPlayerViewHolder: ColorUpdate progressBarSecondaryColor changed from 0xFFFFB3B0 to 0xFFFFB3B0
04-22 21:39:38.327  2590  2590 D SecColorSchemeTransition: ColorUpdate updateAlbumGradient bgColor 0xFF303030 bgGradientStart 0x72331716 bgGradientEnd 0xFE33070B
04-22 21:39:38.327  2590  2590 D SecColorSchemeTransition: ColorUpdate updateAlbumGradient bgColor 0xFF303030 bgGradientStart 0x72331716 bgGradientEnd 0xFF33070B
04-22 21:39:38.327  2590  2590 D SecPlayerViewHolder: ColorUpdate progressBarPrimaryColor changed from 0xFFFFDAD8 to 0xFFFFDAD8
04-22 21:39:38.327  2590  2590 D SecPlayerViewHolder: ColorUpdate progressBarSecondaryColor changed from 0xFFFFB3AF to 0xFFFFB3B0
04-22 21:39:38.327  2590  2590 D SecColorSchemeTransition: ColorUpdate updateAlbumGradient bgColor 0xFF303030 bgGradientStart 0x6F321716 bgGradientEnd 0xF132070B
04-22 21:39:38.328  2590  2590 D SecColorSchemeTransition: ColorUpdate updateAlbumGradient bgColor 0xFF303030 bgGradientStart 0x6F321716 bgGradientEnd 0xF832070B
04-22 21:39:38.328  1050  1050 D CompositionEngine: AodOverrideCEHelper 1 setEnabled
04-22 21:39:38.343  2590  2590 D SecPlayerViewHolder: ColorUpdate progressBarPrimaryColor changed from 0xFFFFDAD8 to 0xFFFFDAD8
04-22 21:39:38.343  2590  2590 D SecPlayerViewHolder: ColorUpdate progressBarSecondaryColor changed from 0xFFFFB3B0 to 0xFFFFB3B0
04-22 21:39:38.343  2590  2590 D SecColorSchemeTransition: ColorUpdate updateAlbumGradient bgColor 0xFF303030 bgGradientStart 0x71331716 bgGradientEnd 0xF832070B
04-22 21:39:38.343  2590  2590 D SecColorSchemeTransition: ColorUpdate updateAlbumGradient bgColor 0xFF303030 bgGradientStart 0x71331716 bgGradientEnd 0xFD33070B
04-22 21:39:38.360  2590  2590 D SecPlayerViewHolder: ColorUpdate progressBarPrimaryColor changed from 0xFFFFDAD8 to 0xFFFFDAD8
04-22 21:39:38.360  2590  2590 D SecPlayerViewHolder: ColorUpdate progressBarSecondaryColor changed from 0xFFFFB3B0 to 0xFFFFB3B0
04-22 21:39:38.361  2590  2590 D SecColorSchemeTransition: ColorUpdate updateAlbumGradient bgColor 0xFF303030 bgGradientStart 0x72331716 bgGradientEnd 0xFD33070B
04-22 21:39:38.361  2590  2590 D SecColorSchemeTransition: ColorUpdate updateAlbumGradient bgColor 0xFF303030 bgGradientStart 0x72331716 bgGradientEnd 0xFF33070B
04-22 21:39:38.361  1050  1050 D CompositionEngine: AodOverrideCEHelper 1 setEnabled
04-22 21:39:38.367  1050  1380 I SurfaceFlinger: Capture layer list: 	 com.brave.browser/ChromeChildSurface#174783(seamlessTransition:0)
04-22 21:39:38.367  1050  1380 I SurfaceFlinger: Capture layer list: 	 com.brave.browser/com.google.android.apps.chrome.Main$_5900#174777(seamlessTransition:0)
04-22 21:39:38.394  1050  1050 D CompositionEngine: AodOverrideCEHelper 1 setEnabled
04-22 21:39:38.442  1050  1376 D libcomposer_ext: ClientImplAidl::kickIdle()
04-22 21:39:38.442   976   990 D libcomposer_ext: DeviceImplAidl::syncPerform(17), client_handle: 0
04-22 21:39:38.442   976   990 D libcomposer_ext: DeviceImplAidl::DeviceClientContextAidl::ParseKickIdle()
04-22 21:39:38.445  1050  1050 D CompositionEngine: AodOverrideCEHelper 1 setEnabled
04-22 21:39:38.460  1171  1681 E WiFiFWLogger: port index:0 not opened
04-22 21:39:38.460  1171  1681 E WiFiFWLogger: port index:1 not opened
04-22 21:39:38.461  1171  1681 E WiFiFWLogger: port index:0 not opened
04-22 21:39:38.461  1171  1681 E WiFiFWLogger: port index:1 not opened
04-22 21:39:38.467  1050  1380 I SurfaceFlinger: Capture layer list: 	 com.brave.browser/ChromeChildSurface#174783(seamlessTransition:0)
04-22 21:39:38.468  1050  1380 I SurfaceFlinger: Capture layer list: 	 com.brave.browser/com.google.android.apps.chrome.Main$_5900#174777(seamlessTransition:0)
04-22 21:39:38.469  1001  1287 I thermal_core: pivot(AP) : 353, skin : 375
04-22 21:39:38.475  4698  6375 I SDHMS:x : SIOP:: AP:354 BAT:323 USB:0 CHG:410 PA:344 CP:340 BLK:0 SUBBAT:0 LRPTHM:346 SKIN:375 SKINF:349 SKINB:375 LRP2:375 LRF2:349 LRB2:375 AP2:375 CHG2:373 MEM2:375 WIFI2:372 RCV2:374 SPK2:335 UPSPK:342 DNSPK:321 VAP:347 AVGCUR:1529 AVGSYS:0 POWER:5903
04-22 21:39:38.477  1050  1050 D CompositionEngine: AodOverrideCEHelper 1 setEnabled
04-22 21:39:38.510  1050  1050 D CompositionEngine: AodOverrideCEHelper 1 setEnabled
04-22 21:39:38.527  1050  1050 D CompositionEngine: AodOverrideCEHelper 1 setEnabled
04-22 21:39:38.560  1050  1050 D CompositionEngine: AodOverrideCEHelper 1 setEnabled
04-22 21:39:38.567  1050  1380 I SurfaceFlinger: Capture layer list: 	 com.brave.browser/ChromeChildSurface#174783(seamlessTransition:0)
04-22 21:39:38.568  1050  1380 I SurfaceFlinger: Capture layer list: 	 com.brave.browser/com.google.android.apps.chrome.Main$_5900#174777(seamlessTransition:0)
04-22 21:39:38.594  1050  1050 D CompositionEngine: AodOverrideCEHelper 1 setEnabled
