--------- beginning of main
04-22 21:39:33.686  1050  1380 I SurfaceFlinger: Capture layer list: 	 com.brave.browser/com.google.android.apps.chrome.Main$_5900#174777(seamlessTransition:0)
04-22 21:39:33.697  1050  1050 D CompositionEngine: AodOverrideCEHelper 1 setEnabled
04-22 21:39:33.707  2069  2218 D SatelliteController: isInCarrierRoamingNbIotNtn: satellite is disabled
04-22 21:39:33.714  1050  1050 D CompositionEngine: AodOverrideCEHelper 1 setEnabled
04-22 21:39:33.731  1050  1050 D CompositionEngine: AodOverrideCEHelper 1 setEnabled
04-22 21:39:33.747  1050  1050 D CompositionEngine: AodOverrideCEHelper 1 setEnabled
04-22 21:39:33.751  2055  2061 D WifiHAL : WifiRequest::create vendor command to iface 53, vendor_id=0x1a11, subcmd=0x1200, buffer_size=0, res=0
04-22 21:39:33.754  2055  2061 I WifiHAL : LLS RSP: data=0xb40000775a022ee0, len=2452
04-22 21:39:33.754  2055  2061 I WifiHAL : LLS check_data_sanity: 1872: current_radio_stat->num_channels=30
04-22 21:39:33.754  2055  2061 I WifiHAL : LLS check_data_sanity: 1872: current_radio_stat->num_channels=8
04-22 21:39:33.754  2055  2061 I WifiHAL : LLS check_data_sanity: confirmed_size=2452, len=2452
04-22 21:39:33.756  1581  1873 E WifiStaIfaceAidlImpl: getCachedScanData failed with service-specific exception: android.os.ServiceSpecificException:  (code 4)
04-22 21:39:33.764  1050  1050 D CompositionEngine: AodOverrideCEHelper 1 setEnabled
04-22 21:39:33.765  1581  8684 D SemWifiUsabilityStatsMonitor: onWifiUsabilityStats - seqNum 106817, isSameBssidAndFreq true
04-22 21:39:33.766  1581  1971 I SemWifiLinkQualityMonitor: Link stat: 1656 / 316 / 1.95 (109) / 78 / -39.0 || 100.0 : 78.00 / B (B) || f3400c502437: 0.472 / 16.947 / N || N N / 0 0 / Y 2.0 / Y X 0 / 789546081 0 || Invalid
04-22 21:39:33.780  1050  1050 D CompositionEngine: AodOverrideCEHelper 1 setEnabled
04-22 21:39:33.786  1050  1380 I SurfaceFlinger: Capture layer list: 	 com.brave.browser/ChromeChildSurface#174783(seamlessTransition:0)
04-22 21:39:33.786  1050  1380 I SurfaceFlinger: Capture layer list: 	 com.brave.browser/com.google.android.apps.chrome.Main$_5900#174777(seamlessTransition:0)
04-22 21:39:33.796  1050  1050 I BufferQueueProducer: [com.brave.browser/ChromeChildSurface#174783](this:0xb400007cc3c488e8,id:-1,api:0,p:-1,c:1050) queueBuffer: fps=41.35 dur=1015.81 max=333.21 min=16.37
04-22 21:39:33.797  1050  1050 D CompositionEngine: AodOverrideCEHelper 1 setEnabled
04-22 21:39:33.798   976   990 I hwcomposer: [HWCDisplay] (0 updateFps():3942), (type:1, mode:2) fps:41.351646,dur:1015.68,max:333.19,min:16.03  
04-22 21:39:33.814  1050  1050 D CompositionEngine: AodOverrideCEHelper 1 setEnabled
04-22 21:39:33.831  1050  1050 D CompositionEngine: AodOverrideCEHelper 1 setEnabled
04-22 21:39:33.833  1581  1786 D InputReader: Btn_touch(6): value=1 when=789546.149932
04-22 21:39:33.834  1581  1786 I InputReader: Touch event's action is 0x0 (id=4, t=0) [pCnt=1, s=0.38969 ] when=789546.149932
04-22 21:39:33.834  1581  1785 I InputDispatcher: Delivering touch to (2590): action: 0x4, f=0x0, d=0, 'f1a1c08', t=1 
04-22 21:39:33.835  1581  1785 I InputDispatcher: Delivering touch to (5900): action: 0x0, f=0x0, d=0, '8bb31e7', t=1 
04-22 21:39:33.835  5900  5900 I VRI[Main]@9d1f796: ViewPostIme pointer 0
--------- beginning of system
04-22 21:39:33.835  1581  1785 D PowerManagerService: [api] userActivityFromNative : touch displayId=0 eventTime=789546149
04-22 21:39:33.836  3016  3016 I HoneySpace.GestureInputHandler: inputConsumers = [com.honeyspace.gesture.inputconsumer.InputConsumer$Companion$NO_OP$1@2b7c59b]
04-22 21:39:33.836  3016  3016 I HoneySpace.InputSession: inputConsumers = NO_OP
04-22 21:39:33.836  3016  3016 I HoneySpace.InputSession: open
04-22 21:39:33.838  1581  1606 I GestureDetector: obtain mCurrentDownEvent. id: 245395734 caller: com.android.server.wm.SystemGesturesPointerEventListener.onPointerEvent:17 com.android.server.wm.PointerEventDispatcher.onInputEvent:51 android.view.InputEventReceiver.dispatchInputEvent:392 
04-22 21:39:33.838  1581  1606 I GestureDetector: obtain mCurrentDownEvent. id: 245395734 caller: com.android.server.wm.SystemPerformancePointerEventListener.onPointerEvent:13 com.android.server.wm.PointerEventDispatcher.onInputEvent:51 android.view.InputEventReceiver.dispatchInputEvent:392 
04-22 21:39:33.847  1050  1050 D CompositionEngine: AodOverrideCEHelper 1 setEnabled
04-22 21:39:33.864  1050  1050 D CompositionEngine: AodOverrideCEHelper 1 setEnabled
04-22 21:39:33.865  1581  1606 I GestureDetector: obtain mCurrentMotionEventRaw. action: 2 id: 213342544
04-22 21:39:33.865  1581  1606 I GestureDetector: obtain mCurrentMotionEventRaw. action: 2 id: 213342544
04-22 21:39:33.874  1072 13548 D AALService: [CRTC_114] onALIChanged: 4 -> 7
04-22 21:39:33.880  1050  1050 D CompositionEngine: AodOverrideCEHelper 1 setEnabled
04-22 21:39:33.886  1050  1380 I SurfaceFlinger: Capture layer list: 	 com.brave.browser/ChromeChildSurface#174783(seamlessTransition:0)
04-22 21:39:33.887  1050  1380 I SurfaceFlinger: Capture layer list: 	 com.brave.browser/com.google.android.apps.chrome.Main$_5900#174777(seamlessTransition:0)
04-22 21:39:33.897  1050  1050 D CompositionEngine: AodOverrideCEHelper 1 setEnabled
04-22 21:39:33.914  1050  1050 D CompositionEngine: AodOverrideCEHelper 1 setEnabled
04-22 21:39:33.930  1050  1050 D CompositionEngine: AodOverrideCEHelper 1 setEnabled
04-22 21:39:33.947  1050  1050 D CompositionEngine: AodOverrideCEHelper 1 setEnabled
04-22 21:39:33.964  1050  1050 D CompositionEngine: AodOverrideCEHelper 1 setEnabled
04-22 21:39:33.980  1050  1050 D CompositionEngine: AodOverrideCEHelper 1 setEnabled
04-22 21:39:33.986  1050  1380 I SurfaceFlinger: Capture layer list: 	 com.brave.browser/ChromeChildSurface#174783(seamlessTransition:0)
04-22 21:39:33.986  1050  1380 I SurfaceFlinger: Capture layer list: 	 com.brave.browser/com.google.android.apps.chrome.Main$_5900#174777(seamlessTransition:0)
04-22 21:39:33.997  1050  1050 D CompositionEngine: AodOverrideCEHelper 1 setEnabled
04-22 21:39:34.030  1050  1050 D CompositionEngine: AodOverrideCEHelper 1 setEnabled
04-22 21:39:34.047  1050  1050 D CompositionEngine: AodOverrideCEHelper 1 setEnabled
04-22 21:39:34.064  1050  1050 D CompositionEngine: AodOverrideCEHelper 1 setEnabled
04-22 21:39:34.067   596   596 D io_stats: !@   8,32 r 116261821 2060260124 w 27147679 412046068 d 5503317 301410860 f 1389692 2022095 iot 22063820 0 th 0 0 0 pt 0 inp 0 0 789546.384
04-22 21:39:34.074  1072 13548 D AALService: [CRTC_114] onALIChanged: 7 -> 6
04-22 21:39:34.080  1050  1050 D CompositionEngine: AodOverrideCEHelper 1 setEnabled
04-22 21:39:34.086  1050  1380 I SurfaceFlinger: Capture layer list: 	 com.brave.browser/ChromeChildSurface#174783(seamlessTransition:0)
04-22 21:39:34.087  1050  1380 I SurfaceFlinger: Capture layer list: 	 com.brave.browser/com.google.android.apps.chrome.Main$_5900#174777(seamlessTransition:0)
04-22 21:39:34.129  1050  1376 D libcomposer_ext: ClientImplAidl::kickIdle()
04-22 21:39:34.129   976   990 D libcomposer_ext: DeviceImplAidl::syncPerform(17), client_handle: 0
04-22 21:39:34.129   976   990 D libcomposer_ext: DeviceImplAidl::DeviceClientContextAidl::ParseKickIdle()
04-22 21:39:34.155  1025  1055 E HeatmapThread: ECT Thread time in milliseconds: 1776890374
04-22 21:39:34.156  1025  1055 D HeatmapThread: !@ batteryplugType : 1
04-22 21:39:34.157  1025  1055 D HeatmapThread: !@ batteryLevel : 9  batteryTemperature : 323 
04-22 21:39:34.157  1025  1055 D HeatmapThread: !@ Heatmap currtime: 29614839
04-22 21:39:34.157  1025  1055 D HeatmapThread: !@ Heatmap prevtime: 29614830
04-22 21:39:34.157  1025  1055 D HeatmapThread: !@ Heatmap plugstarttime: 29614828
04-22 21:39:34.157  1025  1055 D HeatmapThread: !@ Heatmap prevv_dsoh_update_time: 29614192
04-22 21:39:34.157  1025  1055 E HeatmapThread: !@ CAM New BSOH: 100
04-22 21:39:34.162  1050  1376 D libcomposer_ext: ClientImplAidl::kickIdle()
04-22 21:39:34.162   976   990 D libcomposer_ext: DeviceImplAidl::syncPerform(17), client_handle: 0
04-22 21:39:34.162   976   990 D libcomposer_ext: DeviceImplAidl::DeviceClientContextAidl::ParseKickIdle()
04-22 21:39:34.195  1050  1376 D libcomposer_ext: ClientImplAidl::kickIdle()
04-22 21:39:34.196   976   990 D libcomposer_ext: DeviceImplAidl::syncPerform(17), client_handle: 0
04-22 21:39:34.196   976   990 D libcomposer_ext: DeviceImplAidl::DeviceClientContextAidl::ParseKickIdle()
04-22 21:39:34.197  1050  1050 D CompositionEngine: AodOverrideCEHelper 1 setEnabled
04-22 21:39:34.200  1050  1380 I SurfaceFlinger: Capture layer list: 	 com.brave.browser/ChromeChildSurface#174783(seamlessTransition:0)
04-22 21:39:34.200  1050  1380 I SurfaceFlinger: Capture layer list: 	 com.brave.browser/com.google.android.apps.chrome.Main$_5900#174777(seamlessTransition:0)
04-22 21:39:34.213  1050  1050 D CompositionEngine: AodOverrideCEHelper 1 setEnabled
04-22 21:39:34.230  1050  1050 D CompositionEngine: AodOverrideCEHelper 1 setEnabled
04-22 21:39:34.247  1050  1050 D CompositionEngine: AodOverrideCEHelper 1 setEnabled
04-22 21:39:34.259  1581  1786 D InputReader: Btn_touch(6): value=0 when=789546.575046
04-22 21:39:34.259  1581  1786 I InputReader: Touch event's action is 0x1 (id=4, t=0) [pCnt=1, s=] when=789546.575046
04-22 21:39:34.259  1581  1785 I InputDispatcher: Delivering touch to (5900): action: 0x1, f=0x0, d=0, '8bb31e7', t=1 
04-22 21:39:34.260  3016  3016 I HoneySpace.GestureInputHandler: reset
04-22 21:39:34.260  3016  3016 I HoneySpace.InputSession: close
04-22 21:39:34.260  5900  5900 I VRI[Main]@9d1f796: ViewPostIme pointer 1
04-22 21:39:34.260  1581  1581 I SemDvfsHyPerManager: acquire hyper - GESTURE_DETECTED/1581@27, type = -999
04-22 21:39:34.261  1581  1581 I SemDvfsHyPerManager: acquire hyper - GESTURE_DETECTED/1581@27, type = -999
04-22 21:39:34.261   981   999 I HYPER-HAL: [RequestManager.cpp]acquire(): Acquired ID : 1293663  [1581 / 27]    HINT : GESTURE_DETECTED    list : [TIMEOUT / 464] 
04-22 21:39:34.261   981   999 I HYPER-HAL: [RequestManager.cpp]acquire(): Acquired ID : 1293663  [1581 / 27]    HINT : GESTURE_DETECTED    list : [TIMEOUT / 464] 
04-22 21:39:34.262  5900  5900 W cr_BotControlsStacker: Height mismatch observed. [Heights before #repositionLayers] expectedHeight= 189 expectedMinHeight= 45 [First pass in #repositionLayers] actualHeight = 144 actualMinHeight= 0
04-22 21:39:34.263  1050  1050 D CompositionEngine: AodOverrideCEHelper 1 setEnabled
04-22 21:39:34.280  1050  1050 D CompositionEngine: AodOverrideCEHelper 1 setEnabled
04-22 21:39:34.297  1050  1050 D CompositionEngine: AodOverrideCEHelper 1 setEnabled
04-22 21:39:34.299  5900  5900 W cr_BotControlsStacker: Height mismatch observed. [Heights before #repositionLayers] expectedHeight= 189 expectedMinHeight= 45 [First pass in #repositionLayers] actualHeight = 144 actualMinHeight= 0
04-22 21:39:34.301  1050  1380 I SurfaceFlinger: Capture layer list: 	 com.brave.browser/ChromeChildSurface#174783(seamlessTransition:0)
04-22 21:39:34.301  1050  1380 I SurfaceFlinger: Capture layer list: 	 com.brave.browser/com.google.android.apps.chrome.Main$_5900#174777(seamlessTransition:0)
04-22 21:39:34.313  1050  1050 D CompositionEngine: AodOverrideCEHelper 1 setEnabled
04-22 21:39:34.316  5900  5900 W cr_BotControlsStacker: Height mismatch observed. [Heights before #repositionLayers] expectedHeight= 189 expectedMinHeight= 45 [First pass in #repositionLayers] actualHeight = 144 actualMinHeight= 0
04-22 21:39:34.329  1050  1050 I BufferQueueProducer: [com.brave.browser/com.google.android.apps.chrome.Main$_5900#174777](this:0xb400007cc3c3d2a8,id:-1,api:0,p:-1,c:1050) queueBuffer: fps=0.20 dur=10026.24 max=9942.08 min=84.15
04-22 21:39:34.330  1050  1050 D CompositionEngine: AodOverrideCEHelper 1 setEnabled
04-22 21:39:34.333  5900  5900 W cr_BotControlsStacker: Height mismatch observed. [Heights before #repositionLayers] expectedHeight= 189 expectedMinHeight= 45 [First pass in #repositionLayers] actualHeight = 144 actualMinHeight= 0
04-22 21:39:34.346  1050  1050 D CompositionEngine: AodOverrideCEHelper 1 setEnabled
04-22 21:39:34.349  5900  5900 W cr_BotControlsStacker: Height mismatch observed. [Heights before #repositionLayers] expectedHeight= 189 expectedMinHeight= 45 [First pass in #repositionLayers] actualHeight = 144 actualMinHeight= 0
04-22 21:39:34.363  1050  1050 D CompositionEngine: AodOverrideCEHelper 1 setEnabled
04-22 21:39:34.365  5900  5900 W cr_BotControlsStacker: Height mismatch observed. [Heights before #repositionLayers] expectedHeight= 189 expectedMinHeight= 45 [First pass in #repositionLayers] actualHeight = 144 actualMinHeight= 0
04-22 21:39:34.380  1050  1050 D CompositionEngine: AodOverrideCEHelper 1 setEnabled
04-22 21:39:34.382  5900  5900 W cr_BotControlsStacker: Height mismatch observed. [Heights before #repositionLayers] expectedHeight= 189 expectedMinHeight= 45 [First pass in #repositionLayers] actualHeight = 144 actualMinHeight= 0
04-22 21:39:34.384  1171  1681 E WiFiFWLogger: port index:0 not opened
04-22 21:39:34.385  1171  1681 E WiFiFWLogger: port index:1 not opened
04-22 21:39:34.385  1171  1681 E WiFiFWLogger: port index:0 not opened
04-22 21:39:34.385  1171  1681 E WiFiFWLogger: port index:1 not opened
04-22 21:39:34.397  1050  1050 D CompositionEngine: AodOverrideCEHelper 1 setEnabled
04-22 21:39:34.400  5900  5900 W cr_BotControlsStacker: Height mismatch observed. [Heights before #repositionLayers] expectedHeight= 189 expectedMinHeight= 45 [First pass in #repositionLayers] actualHeight = 144 actualMinHeight= 0
04-22 21:39:34.401  1050  1380 I SurfaceFlinger: Capture layer list: 	 com.brave.browser/ChromeChildSurface#174783(seamlessTransition:0)
04-22 21:39:34.401  1050  1380 I SurfaceFlinger: Capture layer list: 	 com.brave.browser/com.google.android.apps.chrome.Main$_5900#174777(seamlessTransition:0)
04-22 21:39:34.413  2143 21073 D IpClient/wlan0: interfaceLinkStateChanged: ifindex 53 up
04-22 21:39:34.413  1050  1050 D CompositionEngine: AodOverrideCEHelper 1 setEnabled
04-22 21:39:34.416  5900  5900 W cr_BotControlsStacker: Height mismatch observed. [Heights before #repositionLayers] expectedHeight= 189 expectedMinHeight= 45 [First pass in #repositionLayers] actualHeight = 144 actualMinHeight= 0
04-22 21:39:34.430  1050  1050 D CompositionEngine: AodOverrideCEHelper 1 setEnabled
04-22 21:39:34.433  5900  5900 W cr_BotControlsStacker: Height mismatch observed. [Heights before #repositionLayers] expectedHeight= 189 expectedMinHeight= 45 [First pass in #repositionLayers] actualHeight = 144 actualMinHeight= 0
04-22 21:39:34.447  1050  1050 D CompositionEngine: AodOverrideCEHelper 1 setEnabled
04-22 21:39:34.450  5900  5900 W cr_BotControlsStacker: Height mismatch observed. [Heights before #repositionLayers] expectedHeight= 189 expectedMinHeight= 45 [First pass in #repositionLayers] actualHeight = 144 actualMinHeight= 0
04-22 21:39:34.463  1050  1050 D CompositionEngine: AodOverrideCEHelper 1 setEnabled
04-22 21:39:34.465  5900  5900 W cr_BotControlsStacker: Height mismatch observed. [Heights before #repositionLayers] expectedHeight= 189 expectedMinHeight= 45 [First pass in #repositionLayers] actualHeight = 144 actualMinHeight= 0
04-22 21:39:34.480  1050  1050 D CompositionEngine: AodOverrideCEHelper 1 setEnabled
04-22 21:39:34.483  5900  5900 W cr_BotControlsStacker: Height mismatch observed. [Heights before #repositionLayers] expectedHeight= 189 expectedMinHeight= 45 [First pass in #repositionLayers] actualHeight = 144 actualMinHeight= 0
04-22 21:39:34.496  1050  1050 D CompositionEngine: AodOverrideCEHelper 1 setEnabled
04-22 21:39:34.501  1050  1380 I SurfaceFlinger: Capture layer list: 	 com.brave.browser/ChromeChildSurface#174783(seamlessTransition:0)
04-22 21:39:34.501  1050  1380 I SurfaceFlinger: Capture layer list: 	 com.brave.browser/com.google.android.apps.chrome.Main$_5900#174777(seamlessTransition:0)
04-22 21:39:34.514  1050  1050 D CompositionEngine: AodOverrideCEHelper 1 setEnabled
04-22 21:39:34.530  1050  1050 D CompositionEngine: AodOverrideCEHelper 1 setEnabled
04-22 21:39:34.554  1072 13548 D AALService: [CRTC_114] onALIChanged: 6 -> 5
04-22 21:39:34.578  1050  1376 D libcomposer_ext: ClientImplAidl::kickIdle()
04-22 21:39:34.579   976   990 D libcomposer_ext: DeviceImplAidl::syncPerform(17), client_handle: 0
04-22 21:39:34.579   976   990 D libcomposer_ext: DeviceImplAidl::DeviceClientContextAidl::ParseKickIdle()
04-22 21:39:34.602  1050  1380 I SurfaceFlinger: Capture layer list: 	 com.brave.browser/ChromeChildSurface#174783(seamlessTransition:0)
04-22 21:39:34.602  1050  1380 I SurfaceFlinger: Capture layer list: 	 com.brave.browser/com.google.android.apps.chrome.Main$_5900#174777(seamlessTransition:0)
04-22 21:39:34.612  1050  1376 D libcomposer_ext: ClientImplAidl::kickIdle()
04-22 21:39:34.612   976   990 D libcomposer_ext: DeviceImplAidl::syncPerform(17), client_handle: 0
04-22 21:39:34.612   976   990 D libcomposer_ext: DeviceImplAidl::DeviceClientContextAidl::ParseKickIdle()
04-22 21:39:34.624  1010  6496 W APM::HwModule: getDeviceDescriptor: could not find HW module for device  (AUDIO_DEVICE_OUT_WIRED_HEADSET, 00000004) address 
04-22 21:39:34.624  1010  6496 V APM_AudioPolicyManager: getDeviceConnectionState() undeclared device, type 00000004, address: 
04-22 21:39:34.624  1010  6496 W APM::HwModule: getDeviceDescriptor: could not find HW module for device  (AUDIO_DEVICE_OUT_WIRED_HEADPHONE, 00000008) address 
04-22 21:39:34.624  1010  6496 V APM_AudioPolicyManager: getDeviceConnectionState() undeclared device, type 00000008, address: 
04-22 21:39:34.645  1050  1376 D libcomposer_ext: ClientImplAidl::kickIdle()
04-22 21:39:34.645   976   990 D libcomposer_ext: DeviceImplAidl::syncPerform(17), client_handle: 0
04-22 21:39:34.645   976   990 D libcomposer_ext: DeviceImplAidl::DeviceClientContextAidl::ParseKickIdle()
04-22 21:39:34.678  1050  1376 D libcomposer_ext: ClientImplAidl::kickIdle()
04-22 21:39:34.678   976   990 D libcomposer_ext: DeviceImplAidl::syncPerform(17), client_handle: 0
04-22 21:39:34.678   976   990 D libcomposer_ext: DeviceImplAidl::DeviceClientContextAidl::ParseKickIdle()
04-22 21:39:34.713  1050  1376 D libcomposer_ext: ClientImplAidl::kickIdle()
04-22 21:39:34.713   976   990 D libcomposer_ext: DeviceImplAidl::syncPerform(17), client_handle: 0
04-22 21:39:34.713   976   990 D libcomposer_ext: DeviceImplAidl::DeviceClientContextAidl::ParseKickIdle()
04-22 21:39:34.726   981   372 I HYPER-HAL: [RequestManager.cpp]releaseLocked(): Released ID : 1293663
04-22 21:39:34.735  1581  1786 D InputReader: Btn_touch(6): value=1 when=789547.051067
04-22 21:39:34.735  1581  1786 I InputReader: Touch event's action is 0x0 (id=4, t=0) [pCnt=1, s=0.38970 ] when=789547.051067
04-22 21:39:34.736  1581  1785 I InputDispatcher: Delivering touch to (2590): action: 0x4, f=0x0, d=0, 'f1a1c08', t=1 
04-22 21:39:34.736  1581  1785 I InputDispatcher: Delivering touch to (5900): action: 0x0, f=0x0, d=0, '8bb31e7', t=1 
04-22 21:39:34.737  5900  5900 I VRI[Main]@9d1f796: ViewPostIme pointer 0
04-22 21:39:34.738  3016  3016 I HoneySpace.GestureInputHandler: inputConsumers = [com.honeyspace.gesture.inputconsumer.InputConsumer$Companion$NO_OP$1@2b7c59b]
04-22 21:39:34.739  3016  3016 I HoneySpace.InputSession: inputConsumers = NO_OP
04-22 21:39:34.739  3016  3016 I HoneySpace.InputSession: open
04-22 21:39:34.740  1581  1606 I GestureDetector: obtain mCurrentDownEvent. id: 56426738 caller: com.android.server.wm.SystemGesturesPointerEventListener.onPointerEvent:17 com.android.server.wm.PointerEventDispatcher.onInputEvent:51 android.view.InputEventReceiver.dispatchInputEvent:392 
04-22 21:39:34.740  1581  1606 I GestureDetector: obtain mCurrentDownEvent. id: 56426738 caller: com.android.server.wm.SystemPerformancePointerEventListener.onPointerEvent:13 com.android.server.wm.PointerEventDispatcher.onInputEvent:51 android.view.InputEventReceiver.dispatchInputEvent:392 
04-22 21:39:34.745  1050  1376 D libcomposer_ext: ClientImplAidl::kickIdle()
04-22 21:39:34.745   976   990 D libcomposer_ext: DeviceImplAidl::syncPerform(17), client_handle: 0
04-22 21:39:34.745   976   990 D libcomposer_ext: DeviceImplAidl::DeviceClientContextAidl::ParseKickIdle()
04-22 21:39:34.758   977 22660 D C2MtkBufferManager: over 5000ms not request from VCodec but callback hooked, slow BM Cc fetch thread. Last get time was 953044ms ago.
04-22 21:39:34.769  1581  1606 I GestureDetector: obtain mCurrentMotionEventRaw. action: 2 id: 330554433
04-22 21:39:34.769  1581  1606 I GestureDetector: obtain mCurrentMotionEventRaw. action: 2 id: 330554433
04-22 21:39:34.778  1050  1376 D libcomposer_ext: ClientImplAidl::kickIdle()
04-22 21:39:34.778   976   990 D libcomposer_ext: DeviceImplAidl::syncPerform(17), client_handle: 0
04-22 21:39:34.778   976   990 D libcomposer_ext: DeviceImplAidl::DeviceClientContextAidl::ParseKickIdle()
04-22 21:39:34.812  1050  1376 D libcomposer_ext: ClientImplAidl::kickIdle()
04-22 21:39:34.812   976   990 D libcomposer_ext: DeviceImplAidl::syncPerform(17), client_handle: 0
04-22 21:39:34.812   976   990 D libcomposer_ext: DeviceImplAidl::DeviceClientContextAidl::ParseKickIdle()
04-22 21:39:34.844  1581  1785 D PowerManagerService: [api] userActivityFromNative : touch displayId=0 eventTime=789547159
04-22 21:39:34.845  1050  1376 D libcomposer_ext: ClientImplAidl::kickIdle()
04-22 21:39:34.845   976   990 D libcomposer_ext: DeviceImplAidl::syncPerform(17), client_handle: 0
04-22 21:39:34.845   976   990 D libcomposer_ext: DeviceImplAidl::DeviceClientContextAidl::ParseKickIdle()
04-22 21:39:34.862  1050  1050 I BufferQueueProducer: [com.brave.browser/ChromeChildSurface#174783](this:0xb400007cc3c488e8,id:-1,api:0,p:-1,c:1050) queueBuffer: fps=35.65 dur=1065.87 max=333.21 min=16.01
04-22 21:39:34.863  1050  1050 D CompositionEngine: AodOverrideCEHelper 1 setEnabled
04-22 21:39:34.864   976   990 I hwcomposer: [HWCDisplay] (0 updateFps():3942), (type:1, mode:2) fps:35.637287,dur:1066.30,max:334.04,min:15.43  
04-22 21:39:34.866  1050  1380 I SurfaceFlinger: Capture layer list: 	 com.brave.browser/ChromeChildSurface#174783(seamlessTransition:0)
04-22 21:39:34.866  1050  1380 I SurfaceFlinger: Capture layer list: 	 com.brave.browser/com.google.android.apps.chrome.Main$_5900#174777(seamlessTransition:0)
04-22 21:39:34.879  1050  1050 D CompositionEngine: AodOverrideCEHelper 1 setEnabled
04-22 21:39:34.896  1050  1050 D CompositionEngine: AodOverrideCEHelper 1 setEnabled
04-22 21:39:34.913  1050  1050 D CompositionEngine: AodOverrideCEHelper 1 setEnabled
04-22 21:39:34.929  1050  1050 D CompositionEngine: AodOverrideCEHelper 1 setEnabled
04-22 21:39:34.941  1581  3312 I NSLocationMonitor: getGPSUsingApps() called
04-22 21:39:34.941  3306 14212 I NSLocationManager_FLP: getGPSUsingApps, No change
04-22 21:39:34.945  1581  3312 D FreecessHandler: freeze com.urbandroid.ddc(10380) result : 9
04-22 21:39:34.946  1050  1050 D CompositionEngine: AodOverrideCEHelper 1 setEnabled
04-22 21:39:34.963  1050  1050 D CompositionEngine: AodOverrideCEHelper 1 setEnabled
04-22 21:39:34.966  1050  1380 I SurfaceFlinger: Capture layer list: 	 com.brave.browser/ChromeChildSurface#174783(seamlessTransition:0)
04-22 21:39:34.967  1050  1380 I SurfaceFlinger: Capture layer list: 	 com.brave.browser/com.google.android.apps.chrome.Main$_5900#174777(seamlessTransition:0)
04-22 21:39:34.979  1050  1050 D CompositionEngine: AodOverrideCEHelper 1 setEnabled
04-22 21:39:34.993  1072 13548 D AALService: [CRTC_114] onALIChanged: 5 -> 4
04-22 21:39:34.996  1050  1050 D CompositionEngine: AodOverrideCEHelper 1 setEnabled
04-22 21:39:35.011 31776 31884 V CpEventLog(u0): [P] cp_state: [                 contacts = {contacts=263, raw_contacts=672, data=2858, account={secphone(1)=0, sim2(2)=56, sim(3)=57, samsung(4)=0, agg(5)=0, com.microsoft.appmanager(9)=0, telegram(10)=169, google(11)=0, whatsapp(14)=182, google(16)=52, google(24)=0, google(30)=0, google(32)=49, google(33)=0, google(60)=105, com.facebook.messenger(65)=0, com.github.android(93)=0, google(100)=0, duo(104)=2, mobileservice(117)=0}, trash=3, trash_acc={google=3}, trash_sync=0, database=contacts2.db} ]
04-22 21:39:35.011 31776 31884 V CpEventLog(u0): [P] cp_state: [               aggregated = {[10,10,16,3]=1, [10,14,60]=1, [10,16,3,14]=13, [10,16,3,32,14]=1, [10,16,3,32]=1, [10,16,32,14]=1, [10,16,3]=4, [10,3,14]=1, [10,32,14,104]=1, [10,32,14]=11, [10,32,32,14]=1, [10,32]=2, [10]=43, [14]=3, [16,3,10,14]=1, [16,3,10]=1, [16,3,14]=12, [16,3,32]=1, [16,32,14]=2, [16,32]=3, [16,3]=11, [2,10,14]=26, [2,10]=8, [2,14,10]=2, [2,14]=10, [2]=10, [3,10,14]=4, [3,10]=1, [3,14]=4, [32,10,14]=2, [32,14,10]=1, [32,14]=5, [32]=16, [3]=1, [60,10,14,104]=1, [60,10,14]=27, [60,10]=2, [60,14,10]=11, [60,14]=41, [60]=22} ]
04-22 21:39:35.011 31776 31884 V CpEventLog(u0): [P] cp_state: [                  request = {} ]
04-22 21:39:35.011 31776 31884 V CpEventLog(u0): [P] cp_state: [                    calls = {types={[100]=2000, [300]=500}, database=calllog.db} ]
04-22 21:39:35.011 31776 31884 V CpEventLog(u0): [P] cp_state: [                  profile = {contacts=0, raw_contacts=0, data=0, account={secphone(1)=0, samsung(2)=0, sim(3)=0, sim2(4)=0, agg(5)=0, com.microsoft.appmanager(9)=0, telegram(10)=0, google(11)=0, whatsapp(14)=0, google(16)=0, google(24)=0, google(30)=0, google(32)=0, google(33)=0, google(60)=0, com.facebook.messenger(65)=0, com.github.android(93)=0, google(100)=0, duo(104)=0, mobileservice(117)=0}, trash=0, trash_acc={}, trash_sync=0, database=profile.db} ]
04-22 21:39:35.011 31776 31884 V CpEventLog(u0): [P] cp_state: [               sa_profile = {contacts=1, raw_contacts=1, data=1, account={secphone(1)=1, samsung(2)=0, sim(3)=0, sim2(4)=0, agg(5)=0, com.microsoft.appmanager(9)=0, telegram(10)=0, google(11)=0, whatsapp(14)=0, google(16)=0, google(24)=0, google(30)=0, google(32)=0, google(33)=0, google(60)=0, com.facebook.messenger(65)=0, com.github.android(93)=0, google(100)=0, duo(104)=0, mobileservice(117)=0}, trash=0, trash_acc={}, trash_sync=0, database=profile_sa.db} ]
04-22 21:39:35.011 31776 31884 V CpEventLog(u0): [P] cp_state: [                      etc = {binders=0, country_iso=DZ, version=15.6.28, db_version=2000, db_size=2, db_wal_size=1, csc=XSP/XSP, sec_enabled=false, is_roaming=false} ]
04-22 21:39:35.011 31776 31884 V CpEventLog(u0): [P] cp_state: ------------------------------------------------------------------------------
04-22 21:39:35.013  1050  1050 D CompositionEngine: AodOverrideCEHelper 1 setEnabled
04-22 21:39:35.029  1050  1050 D CompositionEngine: AodOverrideCEHelper 1 setEnabled
04-22 21:39:35.046  1050  1050 D CompositionEngine: AodOverrideCEHelper 1 setEnabled
04-22 21:39:35.063  1050  1050 D CompositionEngine: AodOverrideCEHelper 1 setEnabled
04-22 21:39:35.067  1050  1380 I SurfaceFlinger: Capture layer list: 	 com.brave.browser/ChromeChildSurface#174783(seamlessTransition:0)
04-22 21:39:35.067  1050  1380 I SurfaceFlinger: Capture layer list: 	 com.brave.browser/com.google.android.apps.chrome.Main$_5900#174777(seamlessTransition:0)
04-22 21:39:35.080  1050  1050 D CompositionEngine: AodOverrideCEHelper 1 setEnabled
04-22 21:39:35.080  2069  2218 D SatelliteController: isInCarrierRoamingNbIotNtn: satellite is disabled
04-22 21:39:35.096  1050  1050 D CompositionEngine: AodOverrideCEHelper 1 setEnabled
04-22 21:39:35.113  1050  1050 D CompositionEngine: AodOverrideCEHelper 1 setEnabled
04-22 21:39:35.126 11755 11755 I wpa_supplicant: Heartbeat 1893
04-22 21:39:35.130  1050  1050 D CompositionEngine: AodOverrideCEHelper 1 setEnabled
04-22 21:39:35.146  1050  1050 D CompositionEngine: AodOverrideCEHelper 1 setEnabled
04-22 21:39:35.156  1025  1055 E HeatmapThread: ECT Thread time in milliseconds: 1776890375
04-22 21:39:35.157  1025  1055 D HeatmapThread: !@ batteryplugType : 1
04-22 21:39:35.157  1025  1055 D HeatmapThread: !@ batteryLevel : 9  batteryTemperature : 323 
04-22 21:39:35.157  1025  1055 D HeatmapThread: !@ Heatmap currtime: 29614839
04-22 21:39:35.157  1025  1055 D HeatmapThread: !@ Heatmap prevtime: 29614830
04-22 21:39:35.157  1025  1055 D HeatmapThread: !@ Heatmap plugstarttime: 29614828
04-22 21:39:35.157  1025  1055 D HeatmapThread: !@ Heatmap prevv_dsoh_update_time: 29614192
04-22 21:39:35.157  1025  1055 E HeatmapThread: !@ CAM New BSOH: 100
04-22 21:39:35.168  1050  1380 I SurfaceFlinger: Capture layer list: 	 com.brave.browser/ChromeChildSurface#174783(seamlessTransition:0)
04-22 21:39:35.168  1050  1380 I SurfaceFlinger: Capture layer list: 	 com.brave.browser/com.google.android.apps.chrome.Main$_5900#174777(seamlessTransition:0)
04-22 21:39:35.179  1050  1050 D CompositionEngine: AodOverrideCEHelper 1 setEnabled
04-22 21:39:35.213  1050  1050 D CompositionEngine: AodOverrideCEHelper 1 setEnabled
04-22 21:39:35.246  1050  1050 D CompositionEngine: AodOverrideCEHelper 1 setEnabled
04-22 21:39:35.268  1050  1380 I SurfaceFlinger: Capture layer list: 	 com.brave.browser/ChromeChildSurface#174783(seamlessTransition:0)
04-22 21:39:35.268  1050  1380 I SurfaceFlinger: Capture layer list: 	 com.brave.browser/com.google.android.apps.chrome.Main$_5900#174777(seamlessTransition:0)
04-22 21:39:35.279  1050  1050 D CompositionEngine: AodOverrideCEHelper 1 setEnabled
04-22 21:39:35.328  1050  1376 D libcomposer_ext: ClientImplAidl::kickIdle()
04-22 21:39:35.328   976   990 D libcomposer_ext: DeviceImplAidl::syncPerform(17), client_handle: 0
04-22 21:39:35.328   976   990 D libcomposer_ext: DeviceImplAidl::DeviceClientContextAidl::ParseKickIdle()
04-22 21:39:35.330  1050  1050 D CompositionEngine: AodOverrideCEHelper 1 setEnabled
04-22 21:39:35.368  1050  1380 I SurfaceFlinger: Capture layer list: 	 com.brave.browser/ChromeChildSurface#174783(seamlessTransition:0)
04-22 21:39:35.369  1050  1380 I SurfaceFlinger: Capture layer list: 	 com.brave.browser/com.google.android.apps.chrome.Main$_5900#174777(seamlessTransition:0)
04-22 21:39:35.378  1050  1376 D libcomposer_ext: ClientImplAidl::kickIdle()
04-22 21:39:35.378   976   990 D libcomposer_ext: DeviceImplAidl::syncPerform(17), client_handle: 0
04-22 21:39:35.378   976   990 D libcomposer_ext: DeviceImplAidl::DeviceClientContextAidl::ParseKickIdle()
04-22 21:39:35.388  1171  1681 E WiFiFWLogger: port index:0 not opened
04-22 21:39:35.388  1171  1681 E WiFiFWLogger: port index:1 not opened
04-22 21:39:35.388  1171  1681 E WiFiFWLogger: port index:0 not opened
04-22 21:39:35.388  1171  1681 E WiFiFWLogger: port index:1 not opened
04-22 21:39:35.411  1050  1376 D libcomposer_ext: ClientImplAidl::kickIdle()
04-22 21:39:35.411   976   990 D libcomposer_ext: DeviceImplAidl::syncPerform(17), client_handle: 0
04-22 21:39:35.411   976   990 D libcomposer_ext: DeviceImplAidl::DeviceClientContextAidl::ParseKickIdle()
04-22 21:39:35.424  1581  1786 D InputReader: Btn_touch(6): value=0 when=789547.740749
04-22 21:39:35.424  1581  1786 I InputReader: Touch event's action is 0x1 (id=4, t=0) [pCnt=1, s=] when=789547.740749
04-22 21:39:35.425  1581  1785 I InputDispatcher: Delivering touch to (5900): action: 0x1, f=0x0, d=0, '8bb31e7', t=1 
04-22 21:39:35.426  3016  3016 I HoneySpace.GestureInputHandler: reset
04-22 21:39:35.426  5900  5900 I VRI[Main]@9d1f796: ViewPostIme pointer 1
04-22 21:39:35.426  1581  1581 I SemDvfsHyPerManager: acquire hyper - GESTURE_DETECTED/1581@27, type = -999
04-22 21:39:35.426  1581  1581 I SemDvfsHyPerManager: acquire hyper - GESTURE_DETECTED/1581@27, type = -999
04-22 21:39:35.426  3016  3016 I HoneySpace.InputSession: close
04-22 21:39:35.427   981   999 I HYPER-HAL: [RequestManager.cpp]acquire(): Acquired ID : 1293663  [1581 / 27]    HINT : GESTURE_DETECTED    list : [TIMEOUT / 348] 
04-22 21:39:35.428   981   999 I HYPER-HAL: [RequestManager.cpp]acquire(): Acquired ID : 1293663  [1581 / 27]    HINT : GESTURE_DETECTED    list : [TIMEOUT / 348] 
04-22 21:39:35.429  1050  1050 D CompositionEngine: AodOverrideCEHelper 1 setEnabled
04-22 21:39:35.446  1050  1050 D CompositionEngine: AodOverrideCEHelper 1 setEnabled
04-22 21:39:35.462  1050  1050 D CompositionEngine: AodOverrideCEHelper 1 setEnabled
04-22 21:39:35.469  1050  1380 I SurfaceFlinger: Capture layer list: 	 com.brave.browser/ChromeChildSurface#174783(seamlessTransition:0)
04-22 21:39:35.469  1050  1380 I SurfaceFlinger: Capture layer list: 	 com.brave.browser/com.google.android.apps.chrome.Main$_5900#174777(seamlessTransition:0)
04-22 21:39:35.479  1050  1050 D CompositionEngine: AodOverrideCEHelper 1 setEnabled
04-22 21:39:35.496  1050  1050 D CompositionEngine: AodOverrideCEHelper 1 setEnabled
04-22 21:39:35.512  1050  1050 D CompositionEngine: AodOverrideCEHelper 1 setEnabled
04-22 21:39:35.514  1072 13548 D AALService: [CRTC_114] onALIChanged: 4 -> 5
04-22 21:39:35.529  1050  1050 D CompositionEngine: AodOverrideCEHelper 1 setEnabled
04-22 21:39:35.545  1050  1050 D CompositionEngine: AodOverrideCEHelper 1 setEnabled
04-22 21:39:35.562  1050  1050 D CompositionEngine: AodOverrideCEHelper 1 setEnabled
04-22 21:39:35.569  1050  1380 I SurfaceFlinger: Capture layer list: 	 com.brave.browser/ChromeChildSurface#174783(seamlessTransition:0)
04-22 21:39:35.569  1050  1380 I SurfaceFlinger: Capture layer list: 	 com.brave.browser/com.google.android.apps.chrome.Main$_5900#174777(seamlessTransition:0)
04-22 21:39:35.579  1050  1050 D CompositionEngine: AodOverrideCEHelper 1 setEnabled
04-22 21:39:35.596  1050  1050 D CompositionEngine: AodOverrideCEHelper 1 setEnabled
04-22 21:39:35.613  1050  1050 D CompositionEngine: AodOverrideCEHelper 1 setEnabled
04-22 21:39:35.619  1581  1612 E Watchdog: !@Sync: 26302 heap(MB): 188 / 212 FD: 1756 [2026-04-22 21:39:35.619]
04-22 21:39:35.629  1050  1050 D CompositionEngine: AodOverrideCEHelper 1 setEnabled
04-22 21:39:35.646  1050  1050 D CompositionEngine: AodOverrideCEHelper 1 setEnabled
04-22 21:39:35.662  1050  1050 D CompositionEngine: AodOverrideCEHelper 1 setEnabled
04-22 21:39:35.669  1050  1380 I SurfaceFlinger: Capture layer list: 	 com.brave.browser/ChromeChildSurface#174783(seamlessTransition:0)
04-22 21:39:35.669  1050  1380 I SurfaceFlinger: Capture layer list: 	 com.brave.browser/com.google.android.apps.chrome.Main$_5900#174777(seamlessTransition:0)
04-22 21:39:35.679  1050  1050 D CompositionEngine: AodOverrideCEHelper 1 setEnabled
04-22 21:39:35.695  1050  1050 D CompositionEngine: AodOverrideCEHelper 1 setEnabled
04-22 21:39:35.712  1050  1050 D CompositionEngine: AodOverrideCEHelper 1 setEnabled
04-22 21:39:35.729  1050  1050 D CompositionEngine: AodOverrideCEHelper 1 setEnabled
04-22 21:39:35.770  1050  1380 I SurfaceFlinger: Capture layer list: 	 com.brave.browser/ChromeChildSurface#174783(seamlessTransition:0)
04-22 21:39:35.770  1050  1380 I SurfaceFlinger: Capture layer list: 	 com.brave.browser/com.google.android.apps.chrome.Main$_5900#174777(seamlessTransition:0)
04-22 21:39:35.776   981   383 I HYPER-HAL: [RequestManager.cpp]releaseLocked(): Released ID : 1293663
04-22 21:39:35.777  1050  1376 D libcomposer_ext: ClientImplAidl::kickIdle()
04-22 21:39:35.778   976   990 D libcomposer_ext: DeviceImplAidl::syncPerform(17), client_handle: 0
04-22 21:39:35.778   976   990 D libcomposer_ext: DeviceImplAidl::DeviceClientContextAidl::ParseKickIdle()
04-22 21:39:35.794  1072 13548 D AALService: [CRTC_114] onALIChanged: 5 -> 8
04-22 21:39:35.811  1050  1376 D libcomposer_ext: ClientImplAidl::kickIdle()
04-22 21:39:35.811   976   990 D libcomposer_ext: DeviceImplAidl::syncPerform(17), client_handle: 0
04-22 21:39:35.811   976   990 D libcomposer_ext: DeviceImplAidl::DeviceClientContextAidl::ParseKickIdle()
04-22 21:39:35.829  1050  1050 D CompositionEngine: AodOverrideCEHelper 1 setEnabled
04-22 21:39:35.846  1050  1050 D CompositionEngine: AodOverrideCEHelper 1 setEnabled
04-22 21:39:35.862  1050  1050 D CompositionEngine: AodOverrideCEHelper 1 setEnabled
04-22 21:39:35.870  1050  1380 I SurfaceFlinger: Capture layer list: 	 com.brave.browser/ChromeChildSurface#174783(seamlessTransition:0)
04-22 21:39:35.870  1050  1380 I SurfaceFlinger: Capture layer list: 	 com.brave.browser/com.google.android.apps.chrome.Main$_5900#174777(seamlessTransition:0)
04-22 21:39:35.878  1050  1050 I BufferQueueProducer: [com.brave.browser/ChromeChildSurface#174783](this:0xb400007cc3c488e8,id:-1,api:0,p:-1,c:1050) queueBuffer: fps=44.30 dur=1015.71 max=99.95 min=16.39
04-22 21:39:35.879  1050  1050 D CompositionEngine: AodOverrideCEHelper 1 setEnabled
04-22 21:39:35.880   976   990 I hwcomposer: [HWCDisplay] (0 updateFps():3942), (type:1, mode:2) fps:44.319565,dur:1015.35,max:99.92,min:15.80  
04-22 21:39:35.895  1050  1050 D CompositionEngine: AodOverrideCEHelper 1 setEnabled
04-22 21:39:35.912  1050  1050 D CompositionEngine: AodOverrideCEHelper 1 setEnabled
04-22 21:39:35.929  1050  1050 D CompositionEngine: AodOverrideCEHelper 1 setEnabled
04-22 21:39:35.946  1050  1050 D CompositionEngine: AodOverrideCEHelper 1 setEnabled
04-22 21:39:35.963  1050  1050 D CompositionEngine: AodOverrideCEHelper 1 setEnabled
04-22 21:39:35.971  1050  1380 I SurfaceFlinger: Capture layer list: 	 com.brave.browser/ChromeChildSurface#174783(seamlessTransition:0)
04-22 21:39:35.972  1050  1380 I SurfaceFlinger: Capture layer list: 	 com.brave.browser/com.google.android.apps.chrome.Main$_5900#174777(seamlessTransition:0)
04-22 21:39:35.979  1050  1050 D CompositionEngine: AodOverrideCEHelper 1 setEnabled
04-22 21:39:35.996  1050  1050 D CompositionEngine: AodOverrideCEHelper 1 setEnabled
04-22 21:39:36.013  1050  1050 D CompositionEngine: AodOverrideCEHelper 1 setEnabled
04-22 21:39:36.029  1050  1050 D CompositionEngine: AodOverrideCEHelper 1 setEnabled
04-22 21:39:36.046  1050  1050 D CompositionEngine: AodOverrideCEHelper 1 setEnabled
04-22 21:39:36.063  1050  1050 D CompositionEngine: AodOverrideCEHelper 1 setEnabled
04-22 21:39:36.070   596   596 D io_stats: !@   8,32 r 116262109 2060262660 w 27147743 412046948 d 5503317 301410860 f 1389692 2022095 iot 22063924 0 th 0 0 0 pt 0 inp 0 0 789548.386
04-22 21:39:36.070   596   596 D io_stats: !@ Read_top(KB): d.process.acore:low(31776) 1212 ileged_process0:top(6060) 1056 ocessService0:7:top(16746) 576
04-22 21:39:36.071   596   596 D io_stats: !@ Write_top(KB): kworker/u16:0:/(31406) 856 m.brave.browser:top(5900) 100 jbd2/sdc30-8:/(514) 24
04-22 21:39:36.072  1050  1380 I SurfaceFlinger: Capture layer list: 	 com.brave.browser/ChromeChildSurface#174783(seamlessTransition:0)
04-22 21:39:36.072  1050  1380 I SurfaceFlinger: Capture layer list: 	 com.brave.browser/com.google.android.apps.chrome.Main$_5900#174777(seamlessTransition:0)
04-22 21:39:36.079  1050  1050 D CompositionEngine: AodOverrideCEHelper 1 setEnabled
04-22 21:39:36.096  1050  1050 D CompositionEngine: AodOverrideCEHelper 1 setEnabled
04-22 21:39:36.112  1050  1050 D CompositionEngine: AodOverrideCEHelper 1 setEnabled
04-22 21:39:36.129  1050  1050 D CompositionEngine: AodOverrideCEHelper 1 setEnabled
04-22 21:39:36.156  1025  1055 E HeatmapThread: ECT Thread time in milliseconds: 1776890376
04-22 21:39:36.158  1025  1055 D HeatmapThread: !@ batteryplugType : 1
04-22 21:39:36.158  1025  1055 D HeatmapThread: !@ batteryLevel : 9  batteryTemperature : 323 
04-22 21:39:36.159  1025  1055 D HeatmapThread: !@ Heatmap currtime: 29614839
04-22 21:39:36.159  1025  1055 D HeatmapThread: !@ Heatmap prevtime: 29614830
04-22 21:39:36.160  1025  1055 D HeatmapThread: !@ Heatmap plugstarttime: 29614828
04-22 21:39:36.160  1025  1055 D HeatmapThread: !@ Heatmap prevv_dsoh_update_time: 29614192
04-22 21:39:36.160  1025  1055 E HeatmapThread: !@ CAM New BSOH: 100
04-22 21:39:36.174  1050  1380 I SurfaceFlinger: Capture layer list: 	 com.brave.browser/ChromeChildSurface#174783(seamlessTransition:0)
04-22 21:39:36.174  1050  1380 I SurfaceFlinger: Capture layer list: 	 com.brave.browser/com.google.android.apps.chrome.Main$_5900#174777(seamlessTransition:0)
04-22 21:39:36.177  1050  1376 D libcomposer_ext: ClientImplAidl::kickIdle()
04-22 21:39:36.178   976   990 D libcomposer_ext: DeviceImplAidl::syncPerform(17), client_handle: 0
04-22 21:39:36.178   976   990 D libcomposer_ext: DeviceImplAidl::DeviceClientContextAidl::ParseKickIdle()
04-22 21:39:36.211  1050  1376 D libcomposer_ext: ClientImplAidl::kickIdle()
04-22 21:39:36.211   976   990 D libcomposer_ext: DeviceImplAidl::syncPerform(17), client_handle: 0
04-22 21:39:36.211   976   990 D libcomposer_ext: DeviceImplAidl::DeviceClientContextAidl::ParseKickIdle()
04-22 21:39:36.244  1050  1376 D libcomposer_ext: ClientImplAidl::kickIdle()
04-22 21:39:36.244   976   990 D libcomposer_ext: DeviceImplAidl::syncPerform(17), client_handle: 0
04-22 21:39:36.244   976   990 D libcomposer_ext: DeviceImplAidl::DeviceClientContextAidl::ParseKickIdle()
04-22 21:39:36.277  1050  1376 D libcomposer_ext: ClientImplAidl::kickIdle()
04-22 21:39:36.277   976   990 D libcomposer_ext: DeviceImplAidl::syncPerform(17), client_handle: 0
04-22 21:39:36.277   976   990 D libcomposer_ext: DeviceImplAidl::DeviceClientContextAidl::ParseKickIdle()
04-22 21:39:36.284  2069  2218 D SatelliteController: isInCarrierRoamingNbIotNtn: satellite is disabled
04-22 21:39:36.311  1050  1376 D libcomposer_ext: ClientImplAidl::kickIdle()
04-22 21:39:36.311   976   990 D libcomposer_ext: DeviceImplAidl::syncPerform(17), client_handle: 0
04-22 21:39:36.311   976   990 D libcomposer_ext: DeviceImplAidl::DeviceClientContextAidl::ParseKickIdle()
04-22 21:39:36.345  1050  1376 D libcomposer_ext: ClientImplAidl::kickIdle()
04-22 21:39:36.346   976   990 D libcomposer_ext: DeviceImplAidl::syncPerform(17), client_handle: 0
04-22 21:39:36.346   976   990 D libcomposer_ext: DeviceImplAidl::DeviceClientContextAidl::ParseKickIdle()
04-22 21:39:36.366  2069  2218 D SatelliteController: isInCarrierRoamingNbIotNtn: satellite is disabled
04-22 21:39:36.377  1050  1376 D libcomposer_ext: ClientImplAidl::kickIdle()
04-22 21:39:36.377   976   990 D libcomposer_ext: DeviceImplAidl::syncPerform(17), client_handle: 0
04-22 21:39:36.377   976   990 D libcomposer_ext: DeviceImplAidl::DeviceClientContextAidl::ParseKickIdle()
04-22 21:39:36.395  1581  1786 D InputReader: Btn_touch(6): value=1 when=789548.711702
04-22 21:39:36.396  1581  1786 I InputReader: Touch event's action is 0x0 (id=4, t=0) [pCnt=1, s=0.38971 ] when=789548.711702
04-22 21:39:36.397  1581  1785 I InputDispatcher: Delivering touch to (2590): action: 0x4, f=0x0, d=0, 'f1a1c08', t=1 
04-22 21:39:36.397  1581  1785 I InputDispatcher: Delivering touch to (5900): action: 0x0, f=0x0, d=0, '8bb31e7', t=1 
04-22 21:39:36.397  5900  5900 I VRI[Main]@9d1f796: ViewPostIme pointer 0
04-22 21:39:36.397  1581  1785 D PowerManagerService: [api] userActivityFromNative : touch displayId=0 eventTime=789548711
04-22 21:39:36.398  1581  1606 I GestureDetector: obtain mCurrentDownEvent. id: 708163566 caller: com.android.server.wm.SystemGesturesPointerEventListener.onPointerEvent:17 com.android.server.wm.PointerEventDispatcher.onInputEvent:51 android.view.InputEventReceiver.dispatchInputEvent:392 
04-22 21:39:36.398  1581  1606 I GestureDetector: obtain mCurrentDownEvent. id: 708163566 caller: com.android.server.wm.SystemPerformancePointerEventListener.onPointerEvent:13 com.android.server.wm.PointerEventDispatcher.onInputEvent:51 android.view.InputEventReceiver.dispatchInputEvent:392 
04-22 21:39:36.399  3016  3016 I HoneySpace.GestureInputHandler: inputConsumers = [com.honeyspace.gesture.inputconsumer.InputConsumer$Companion$NO_OP$1@2b7c59b]
04-22 21:39:36.399  3016  3016 I HoneySpace.InputSession: inputConsumers = NO_OP
04-22 21:39:36.401  3016  3016 I HoneySpace.InputSession: open
04-22 21:39:36.410  1050  1376 D libcomposer_ext: ClientImplAidl::kickIdle()
04-22 21:39:36.411   976   990 D libcomposer_ext: DeviceImplAidl::syncPerform(17), client_handle: 0
04-22 21:39:36.411   976   990 D libcomposer_ext: DeviceImplAidl::DeviceClientContextAidl::ParseKickIdle()
04-22 21:39:36.418  1581  1606 I GestureDetector: obtain mCurrentMotionEventRaw. action: 2 id: 354137630
04-22 21:39:36.418  1581  1606 I GestureDetector: obtain mCurrentMotionEventRaw. action: 2 id: 354137630
04-22 21:39:36.424  1171  1681 E WiFiFWLogger: port index:0 not opened
04-22 21:39:36.424  1171  1681 E WiFiFWLogger: port index:1 not opened
04-22 21:39:36.424  1171  1681 E WiFiFWLogger: port index:0 not opened
04-22 21:39:36.424  1171  1681 E WiFiFWLogger: port index:1 not opened
04-22 21:39:36.443  1050  1376 D libcomposer_ext: ClientImplAidl::kickIdle()
04-22 21:39:36.444   976   990 D libcomposer_ext: DeviceImplAidl::syncPerform(17), client_handle: 0
04-22 21:39:36.444   976   990 D libcomposer_ext: DeviceImplAidl::DeviceClientContextAidl::ParseKickIdle()
04-22 21:39:36.477  1050  1376 D libcomposer_ext: ClientImplAidl::kickIdle()
04-22 21:39:36.477   976   990 D libcomposer_ext: DeviceImplAidl::syncPerform(17), client_handle: 0
04-22 21:39:36.477   976   990 D libcomposer_ext: DeviceImplAidl::DeviceClientContextAidl::ParseKickIdle()
04-22 21:39:36.507  1581  1786 D InputReader: Btn_touch(6): value=0 when=789548.823462
04-22 21:39:36.507  1581  1786 I InputReader: Touch event's action is 0x1 (id=4, t=0) [pCnt=1, s=] when=789548.823462
04-22 21:39:36.508  1581  1785 I InputDispatcher: Delivering touch to (5900): action: 0x1, f=0x0, d=0, '8bb31e7', t=1 
04-22 21:39:36.509  5900  5900 I VRI[Main]@9d1f796: ViewPostIme pointer 1
04-22 21:39:36.509  3016  3016 I HoneySpace.GestureInputHandler: reset
04-22 21:39:36.509  3016  3016 I HoneySpace.InputSession: close
04-22 21:39:36.510  1050  1376 D libcomposer_ext: ClientImplAidl::kickIdle()
04-22 21:39:36.511   976   990 D libcomposer_ext: DeviceImplAidl::syncPerform(17), client_handle: 0
04-22 21:39:36.511   976   990 D libcomposer_ext: DeviceImplAidl::DeviceClientContextAidl::ParseKickIdle()
04-22 21:39:36.544  1050  1376 D libcomposer_ext: ClientImplAidl::kickIdle()
04-22 21:39:36.544   976   990 D libcomposer_ext: DeviceImplAidl::syncPerform(17), client_handle: 0
04-22 21:39:36.544   976   990 D libcomposer_ext: DeviceImplAidl::DeviceClientContextAidl::ParseKickIdle()
04-22 21:39:36.546  1050  1050 D CompositionEngine: AodOverrideCEHelper 1 setEnabled
04-22 21:39:36.549  1050  1380 I SurfaceFlinger: Capture layer list: 	 com.brave.browser/ChromeChildSurface#174783(seamlessTransition:0)
04-22 21:39:36.549  1050  1380 I SurfaceFlinger: Capture layer list: 	 com.brave.browser/com.google.android.apps.chrome.Main$_5900#174777(seamlessTransition:0)
04-22 21:39:36.561  1050  1050 I BufferQueueProducer: [com.brave.browser/com.google.android.apps.chrome.Main$_5900#174777](this:0xb400007cc3c3d2a8,id:-1,api:0,p:-1,c:1050) queueBuffer: fps=1.34 dur=2231.83 max=2047.96 min=34.03
04-22 21:39:36.562  1050  1050 D CompositionEngine: AodOverrideCEHelper 1 setEnabled
04-22 21:39:36.605  5900  5900 I cr_E2E_DCController: setSafeAreaConstraint: false
04-22 21:39:36.605  5900  5900 W cr_BotControlsStacker: Height mismatch observed. [Heights before #repositionLayers] expectedHeight= 189 expectedMinHeight= 0 [First pass in #repositionLayers] actualHeight = 144 actualMinHeight= 0
04-22 21:39:36.610  1050  1376 D libcomposer_ext: ClientImplAidl::kickIdle()
04-22 21:39:36.610   976   990 D libcomposer_ext: DeviceImplAidl::syncPerform(17), client_handle: 0
04-22 21:39:36.610   976   990 D libcomposer_ext: DeviceImplAidl::DeviceClientContextAidl::ParseKickIdle()
04-22 21:39:36.611  5900  5900 I BLASTBufferQueue_Java: update, w= 1080 h= 2340 mName = VRI[Main]@9d1f796 mNativeObject= 0xb40000796a397010 sc.mNativeObject= 0xb4000078fa39c390 format= -3 caller= android.view.ViewRootImpl.updateBlastSurfaceIfNeeded:3574 android.view.ViewRootImpl.relayoutWindow:11685 android.view.ViewRootImpl.performTraversals:4804 android.view.ViewRootImpl.doTraversal:3924 android.view.ViewRootImpl$TraversalRunnable.run:12903 android.view.Choreographer$CallbackRecord.run:1901 
04-22 21:39:36.611  5900  5900 I VRI[Main]@9d1f796: Relayout returned: old=(0,0,1080,2340) new=(0,0,1080,2340) relayoutAsync=true req=(1080,2340)0 dur=1 res=0x0 s={true 0xb40000798a4a4930} ch=false seqId=0
04-22 21:39:36.611  5900  5900 I VRI[Main]@9d1f796: updateBoundsLayer: t=android.view.SurfaceControl$Transaction@5bd5243 sc=Surface(name=Bounds for - com.brave.browser/com.google.android.apps.chrome.Main@15)/@0x7534691 frame=29
04-22 21:39:36.611  1581  4854 I WindowManager: Relayout Window{8bb31e7 u0 com.brave.browser/com.google.android.apps.chrome.Main}: viewVisibility=0 req=1080x2340 ty=1 d0
04-22 21:39:36.612  5900  5900 I VRI[Main]@9d1f796: registerCallbackForPendingTransactions
04-22 21:39:36.612  1050  1050 D CompositionEngine: AodOverrideCEHelper 1 setEnabled
04-22 21:39:36.613  5900  5930 I VRI[Main]@9d1f796: mWNT: t=0xb400007a6a448690 mBlastBufferQueue=0xb40000796a397010 fn= 29 HdrRenderState mRenderHdrSdrRatio=1.0 caller= android.view.ViewRootImpl$10.onFrameDraw:6536 android.view.ViewRootImpl$4.onFrameDraw:2489 android.view.ThreadedRenderer$1.onFrameDraw:718 
04-22 21:39:36.616  1581  4854 I WindowManager: Relayout hash=8bb31e7, pid=0, syncId=-1: mAttrs={(0,0)(fillxfill) sim={state=always_hidden adjust=resize} layoutInDisplayCutoutMode=always ty=BASE_APPLICATION fmt=TRANSLUCENT wanim=0x1030317
04-22 21:39:36.616  1581  4854 I WindowManager:   fl=81810100
04-22 21:39:36.616  1581  4854 I WindowManager:   pfl=10008840
04-22 21:39:36.616  1581  4854 I WindowManager:   bhv=1
04-22 21:39:36.616  1581  4854 I WindowManager:   fitSides=0
04-22 21:39:36.616  1581  4854 I WindowManager:   frameRateBoostOnTouch=true
04-22 21:39:36.616  1581  4854 I WindowManager:   dvrrWindowFrameRateHint=true naviIconColor=0}
04-22 21:39:36.628  1050  1050 D CompositionEngine: AodOverrideCEHelper 1 setEnabled
04-22 21:39:36.635  1072 13548 D AALLightSensor: oldLux=8 [SA:-1 LA:-1] newLux=8 (oriLux: 8)
04-22 21:39:36.645  1050  1050 D CompositionEngine: AodOverrideCEHelper 1 setEnabled
