04-22 21:39:37.973  2590  2590 D NowBarMediaCardView@70: applyCardContent : NowBarItem{notiID=, nowBarKey='0|com.brave.browser|2130774203|null|10494, nowBarPackage='com.brave.browser, nowBarViewStyle=1, userId=-10000, pendingIntent=PendingIntent{3dd1eb8: android.os.BinderProxy@91a876c}, pendingIntentOnSubScreen=null, chipIcon=null, expandedChipView=null, chipBackground=-7208933, actions=[com.android.systemui.plugins.keyguardstatusview.PluginOngoingMediaAction@ed25491], actionBgColors=null, primaryActionNum=0, cardIcon=Icon(typ=BITMAP size=320x180), cardIconBg=-7208933, primaryInfo='اغرب حدود بين ايطاليا وسويسرا !, primaryInfoColor=-197377, secondaryInfo='الجغرافيا ببساطة, secondaryInfoColor=-197377, moreInfo=', customExpandedCardView=null, cardBackground=-7208933, faceWidgetMediaData=com.android.systemui.plugins.keyguardstatusview.PluginFaceWidgetMediaData@e785ff6, expandedChipText=, chronometerView=null, chronometerViewOnSubScreen=null, chronometerTag=null, shouldRemoveCard=false, contentViewForNormalCard=null, contentViewForExpandCardOnSubScreen=null, contentViewForNormalCard=null, contentViewForExpandCardOnSubScreen=null}
04-22 21:39:37.973  2590  2590 W Settings: Setting accessibility_reduce_transparency has moved from android.provider.Settings.System to android.provider.Settings.Global, returning read-only value.
04-22 21:39:37.975  2590  2590 D NowBarMediaCardView@70: bindTitleArtist, maxWidth = 290, nowBarItem.actions.size = 1
04-22 21:39:37.976  2590  2590 I NowBarMediaCardView@70: applySettingCardLayout 0 / , 0|com.brave.browser|2130774203|null|10494, MEDIA | 1 / settingCardView com.samsung.android.app.facewidget.presentation.NowbarCardSettingView{d264f90 V.E...... ......I. 0,0-0,0 #7f0a22d1 app:id/nowbar_card_settings_rootview}
04-22 21:39:37.976  2590  2590 E NowbarCardSettingView: applySettingCardContent failed appIcon applySettingCardContent
04-22 21:39:37.976  2590  2590 I NowBarMediaCardView@70: setCardSettingViewState cardState: 0 -> 0  isExpanded false nowbarCardSettingView android.widget.FrameLayout{d8f588e G.E...... ......I. 0,0-0,0 #7f0a241e app:id/setting_content_rootview}
04-22 21:39:37.976  2590  2590 I NowBarCardViewModel: onSettingViewVisibilityChanged visible = false / isCollapsed = true
04-22 21:39:37.976  2590  2590 D NotificationPanelView: setNowBarExpandMode() enabled = false, duration = 300, listener = null, mKeyguardSecBottomArea = com.android.systemui.statusbar.phone.KeyguardSecBottomAreaView{6d9b89a G.E...... ......ID 0,0-1080,2340 #7f0a05fd app:id/keyguard_bottom_shortcut_area}
04-22 21:39:37.976  2590  2590 D SecQuickSettingsAffordanceInteractor: setNowBarExpandMode enable = false
04-22 21:39:37.976  2590  2590 E NowBarCardViewModel: updateExpandedClickPanelVisibility screen on = true expanded false isTopCardSettingViewOpened = false
04-22 21:39:37.976  2590  2590 I NowBarCardStackView: updateCardVisibilityBySettingView isExpandedCardState = false  / settingViewOpened false
04-22 21:39:37.976  2590  2590 I NowBarCardStackView: startAiCardEffect needToHide = true
04-22 21:39:37.976  2590  2590 I NowBarGuidingEffect: hide effectLeftShortCut null effectNowBarCenterView null effectRightShortCut null centerCardView null
04-22 21:39:37.976  2590  2590 I NowBarMediaCardView@70: setCardSettingViewState skipped same cardState: 0
04-22 21:39:37.976  2590  2590 I NowBarCardStackView: updateMediaItemData done
04-22 21:39:37.976  2590  2590 D NowBarItemManager: startMediaPauseTimerIfNeeded
04-22 21:39:37.976  1050  1050 I BufferQueueProducer: [StatusBar$_2590#105](this:0xb400007cc3ad9358,id:-1,api:0,p:-1,c:1050) queueBuffer: fps=3.87 dur=1032.85 max=383.14 min=199.70
04-22 21:39:37.977  2590  2590 I NowBarItemManager: stopMediaPauseTimer
04-22 21:39:37.977  2590  2590 I NowBarItemManager: onMediaNowBarItemRemoved current size = 2 (before),changed size=2
04-22 21:39:37.977  2590  2590 D SecPlayerViewHolder: ColorUpdate progressBarPrimaryColor changed from 0xFFFFDAD4 to 0xFFFFDAD4
04-22 21:39:37.977  2590  2590 D SecPlayerViewHolder: ColorUpdate progressBarSecondaryColor changed from 0xFFFFB4A6 to 0xFFFFB4A6
04-22 21:39:37.977  2590  2590 D SecColorSchemeTransition: ColorUpdate updateAlbumGradient bgColor 0xFF303030 bgGradientStart 0x01050202 bgGradientEnd 0x00000000
04-22 21:39:37.977  2590  2590 D SecColorSchemeTransition: ColorUpdate updateAlbumGradient bgColor 0xFF303030 bgGradientStart 0x01050202 bgGradientEnd 0x02050101
04-22 21:39:37.978  1050  1050 D CompositionEngine: AodOverrideCEHelper 1 setEnabled
04-22 21:39:37.990  2590  2590 D MediaControlPanel: ColorUpdate bindArtworkAndColors update artwork key 0|com.brave.browser|2130774203|null|10494
04-22 21:39:37.990  2590  2590 D OAMusicChipController: updateChip Called, isPlayerOAPlayed : true
04-22 21:39:37.991  2590  2590 D MediaOngoingActivity:  U.M.C.D. - اغرب حدود بين ايطاليا وسويسرا ! ff8d141f true
04-22 21:39:37.991  2590  2590 D MediaOngoingActivity: mediadata for chip view is updated. mNeedMarquee:true
04-22 21:39:37.991  2590  2590 D SecColorSchemeTransition: ColorUpdate updateColorScheme enableGradient true
04-22 21:39:37.991  2590  2590 D SecPlayerViewHolder: ColorUpdate progressBarPrimaryColor changed from 0xFFFFDAD4 to 0xFFFFDAD4
04-22 21:39:37.991  2590  2590 D SecPlayerViewHolder: ColorUpdate progressBarSecondaryColor changed from 0xFFFFB4A6 to 0xFFFFB4A6
04-22 21:39:37.991  2590  2590 D SecColorSchemeTransition: ColorUpdate updateAlbumGradient bgColor 0xFF303030 bgGradientStart 0x00000000 bgGradientEnd 0x00000000
04-22 21:39:37.991  2590  2590 D SecColorSchemeTransition: ColorUpdate updateAlbumGradient bgColor 0xFF303030 bgGradientStart 0x00000000 bgGradientEnd 0x00000000
04-22 21:39:37.991  2590  2590 D MediaControlPanel: ColorUpdate bindArtworkAndColors update artwork end key 0|com.brave.browser|2130774203|null|10494
04-22 21:39:37.992  2590  2796 D MediaControlPanel: ColorUpdate bindArtworkAndColors add artwork key 0|com.brave.browser|2130774203|null|10494
04-22 21:39:37.993  2590  2590 D SecPlayerViewHolder: ColorUpdate progressBarPrimaryColor changed from 0xFFFFDAD4 to 0xFFFFDAD4
04-22 21:39:37.993  2590  2590 D SecPlayerViewHolder: ColorUpdate progressBarSecondaryColor changed from 0xFFFFB4A6 to 0xFFFFB4A6
04-22 21:39:37.993  2590  2590 D SecColorSchemeTransition: ColorUpdate updateAlbumGradient bgColor 0xFF303030 bgGradientStart 0x03090404 bgGradientEnd 0x02050101
04-22 21:39:37.993  2590  2590 D SecColorSchemeTransition: ColorUpdate updateAlbumGradient bgColor 0xFF303030 bgGradientStart 0x03090404 bgGradientEnd 0x06090102
04-22 21:39:37.993  2590  2590 D SecPlayerViewHolder: ColorUpdate progressBarPrimaryColor changed from 0xFFFFDAD4 to 0xFFFFDAD4
04-22 21:39:37.993  2590  2590 D SecPlayerViewHolder: ColorUpdate progressBarSecondaryColor changed from 0xFFFFB4A6 to 0xFFFFB4A6
04-22 21:39:37.993  2590  2590 D SecColorSchemeTransition: ColorUpdate updateAlbumGradient bgColor 0xFF303030 bgGradientStart 0x00000000 bgGradientEnd 0x00000000
04-22 21:39:37.993  2590  2590 D SecColorSchemeTransition: ColorUpdate updateAlbumGradient bgColor 0xFF303030 bgGradientStart 0x00000000 bgGradientEnd 0x00000000
04-22 21:39:38.009  2590  2590 D SecPlayerViewHolder: ColorUpdate progressBarPrimaryColor changed from 0xFFFFDAD4 to 0xFFFFDAD4
04-22 21:39:38.010  2590  2590 D SecPlayerViewHolder: ColorUpdate progressBarSecondaryColor changed from 0xFFFFB4A6 to 0xFFFFB4A7
04-22 21:39:38.010  2590  2590 D SecColorSchemeTransition: ColorUpdate updateAlbumGradient bgColor 0xFF303030 bgGradientStart 0x060E0606 bgGradientEnd 0x06090102
04-22 21:39:38.010  2590  2590 D SecColorSchemeTransition: ColorUpdate updateAlbumGradient bgColor 0xFF303030 bgGradientStart 0x060E0606 bgGradientEnd 0x0E0E0203
04-22 21:39:38.010  2590  2590 D SecPlayerViewHolder: ColorUpdate progressBarPrimaryColor changed from 0xFFFFDAD4 to 0xFFFFDAD4
04-22 21:39:38.010  2590  2590 D SecPlayerViewHolder: ColorUpdate progressBarSecondaryColor changed from 0xFFFFB4A6 to 0xFFFFB4A6
04-22 21:39:38.010  2590  2590 D SecColorSchemeTransition: ColorUpdate updateAlbumGradient bgColor 0xFF303030 bgGradientStart 0x01050202 bgGradientEnd 0x00000000
04-22 21:39:38.010  2590  2590 D SecColorSchemeTransition: ColorUpdate updateAlbumGradient bgColor 0xFF303030 bgGradientStart 0x01050202 bgGradientEnd 0x02050101
04-22 21:39:38.025  2590  2590 D MediaControlPanel: ColorUpdate bindArtworkAndColors update artwork key 0|com.brave.browser|2130774203|null|10494
04-22 21:39:38.025  2590  2590 D SecColorSchemeTransition: ColorUpdate updateColorScheme enableGradient true
04-22 21:39:38.025  2590  2590 D SecPlayerViewHolder: ColorUpdate progressBarPrimaryColor changed from 0xFFFFDAD4 to 0xFFFFDAD4
04-22 21:39:38.025  2590  2590 D SecPlayerViewHolder: ColorUpdate progressBarSecondaryColor changed from 0xFFFFB4A6 to 0xFFFFB4A6
04-22 21:39:38.025  2590  2590 D SecColorSchemeTransition: ColorUpdate updateAlbumGradient bgColor 0xFF303030 bgGradientStart 0x00000000 bgGradientEnd 0x00000000
04-22 21:39:38.025  2590  2590 D SecColorSchemeTransition: ColorUpdate updateAlbumGradient bgColor 0xFF303030 bgGradientStart 0x00000000 bgGradientEnd 0x00000000
04-22 21:39:38.025  2590  2590 D MediaControlPanel: ColorUpdate bindArtworkAndColors update artwork end key 0|com.brave.browser|2130774203|null|10494
04-22 21:39:38.026  1050  1376 D libcomposer_ext: ClientImplAidl::kickIdle()
04-22 21:39:38.026   976   990 D libcomposer_ext: DeviceImplAidl::syncPerform(17), client_handle: 0
04-22 21:39:38.026   976   990 D libcomposer_ext: DeviceImplAidl::DeviceClientContextAidl::ParseKickIdle()
04-22 21:39:38.026  2590  2590 D SecPlayerViewHolder: ColorUpdate progressBarPrimaryColor changed from 0xFFFFDAD4 to 0xFFFFDAD4
04-22 21:39:38.026  2590  2590 D SecPlayerViewHolder: ColorUpdate progressBarSecondaryColor changed from 0xFFFFB4A7 to 0xFFFFB4A7
04-22 21:39:38.026  2590  2590 D SecColorSchemeTransition: ColorUpdate updateAlbumGradient bgColor 0xFF303030 bgGradientStart 0x0B120808 bgGradientEnd 0x0E0E0203
04-22 21:39:38.026  2590  2590 D SecColorSchemeTransition: ColorUpdate updateAlbumGradient bgColor 0xFF303030 bgGradientStart 0x0B120808 bgGradientEnd 0x19120204
04-22 21:39:38.026  2590  2590 D SecPlayerViewHolder: ColorUpdate progressBarPrimaryColor changed from 0xFFFFDAD4 to 0xFFFFDAD4
04-22 21:39:38.026  2590  2590 D SecPlayerViewHolder: ColorUpdate progressBarSecondaryColor changed from 0xFFFFB4A6 to 0xFFFFB4A6
04-22 21:39:38.026  2590  2590 D SecColorSchemeTransition: ColorUpdate updateAlbumGradient bgColor 0xFF303030 bgGradientStart 0x030A0404 bgGradientEnd 0x02050101
04-22 21:39:38.026  2590  2590 D SecColorSchemeTransition: ColorUpdate updateAlbumGradient bgColor 0xFF303030 bgGradientStart 0x030A0404 bgGradientEnd 0x070A0102
04-22 21:39:38.026  2590  2590 D SecPlayerViewHolder: ColorUpdate progressBarPrimaryColor changed from 0xFFFFDAD4 to 0xFFFFDAD4
04-22 21:39:38.026  2590  2590 D SecPlayerViewHolder: ColorUpdate progressBarSecondaryColor changed from 0xFFFFB4A6 to 0xFFFFB4A6
04-22 21:39:38.026  2590  2590 D SecColorSchemeTransition: ColorUpdate updateAlbumGradient bgColor 0xFF303030 bgGradientStart 0x00000000 bgGradientEnd 0x00000000
04-22 21:39:38.026  2590  2590 D SecColorSchemeTransition: ColorUpdate updateAlbumGradient bgColor 0xFF303030 bgGradientStart 0x00000000 bgGradientEnd 0x00000000
04-22 21:39:38.043  2590  2590 D SecPlayerViewHolder: ColorUpdate progressBarPrimaryColor changed from 0xFFFFDAD4 to 0xFFFFDAD5
04-22 21:39:38.043  2590  2590 D SecPlayerViewHolder: ColorUpdate progressBarSecondaryColor changed from 0xFFFFB4A7 to 0xFFFFB4A8
04-22 21:39:38.043  2590  2590 D SecColorSchemeTransition: ColorUpdate updateAlbumGradient bgColor 0xFF303030 bgGradientStart 0x11150A09 bgGradientEnd 0x19120204
04-22 21:39:38.043  2590  2590 D SecColorSchemeTransition: ColorUpdate updateAlbumGradient bgColor 0xFF303030 bgGradientStart 0x11150A09 bgGradientEnd 0x25150305
04-22 21:39:38.043  2590  2590 D SecPlayerViewHolder: ColorUpdate progressBarPrimaryColor changed from 0xFFFFDAD4 to 0xFFFFDAD4
04-22 21:39:38.043  2590  2590 D SecPlayerViewHolder: ColorUpdate progressBarSecondaryColor changed from 0xFFFFB4A6 to 0xFFFFB4A7
04-22 21:39:38.043  2590  2590 D SecColorSchemeTransition: ColorUpdate updateAlbumGradient bgColor 0xFF303030 bgGradientStart 0x060E0606 bgGradientEnd 0x070A0102
04-22 21:39:38.043  2590  2590 D SecColorSchemeTransition: ColorUpdate updateAlbumGradient bgColor 0xFF303030 bgGradientStart 0x060E0606 bgGradientEnd 0x0E0E0203
04-22 21:39:38.043  2590  2590 D SecPlayerViewHolder: ColorUpdate progressBarPrimaryColor changed from 0xFFFFDAD4 to 0xFFFFDAD4
04-22 21:39:38.043  2590  2590 D SecPlayerViewHolder: ColorUpdate progressBarSecondaryColor changed from 0xFFFFB4A6 to 0xFFFFB4A6
04-22 21:39:38.043  2590  2590 D SecColorSchemeTransition: ColorUpdate updateAlbumGradient bgColor 0xFF303030 bgGradientStart 0x01050202 bgGradientEnd 0x00000000
04-22 21:39:38.043  2590  2590 D SecColorSchemeTransition: ColorUpdate updateAlbumGradient bgColor 0xFF303030 bgGradientStart 0x01050202 bgGradientEnd 0x01050101
04-22 21:39:38.059  1050  1376 D libcomposer_ext: ClientImplAidl::kickIdle()
04-22 21:39:38.059   976   990 D libcomposer_ext: DeviceImplAidl::syncPerform(17), client_handle: 0
04-22 21:39:38.059   976   990 D libcomposer_ext: DeviceImplAidl::DeviceClientContextAidl::ParseKickIdle()
04-22 21:39:38.059  2590  2590 D SecPlayerViewHolder: ColorUpdate progressBarPrimaryColor changed from 0xFFFFDAD5 to 0xFFFFDAD5
04-22 21:39:38.059  2590  2590 D SecPlayerViewHolder: ColorUpdate progressBarSecondaryColor changed from 0xFFFFB4A8 to 0xFFFFB4A8
04-22 21:39:38.060  2590  2590 D SecColorSchemeTransition: ColorUpdate updateAlbumGradient bgColor 0xFF303030 bgGradientStart 0x18190B0B bgGradientEnd 0x25150305
04-22 21:39:38.060  2590  2590 D SecColorSchemeTransition: ColorUpdate updateAlbumGradient bgColor 0xFF303030 bgGradientStart 0x18190B0B bgGradientEnd 0x35190305
04-22 21:39:38.060  1050  1050 I SurfaceFlinger: [com.brave.browser/ChromeChildSurface#174783] setFrameRate: 0.000000, ExactOrMultiple, OnlySeamless
04-22 21:39:38.060  2590  2590 D SecPlayerViewHolder: ColorUpdate progressBarPrimaryColor changed from 0xFFFFDAD4 to 0xFFFFDAD4
04-22 21:39:38.060  2590  2590 D SecPlayerViewHolder: ColorUpdate progressBarSecondaryColor changed from 0xFFFFB4A7 to 0xFFFFB4A7
04-22 21:39:38.060  2590  2590 D SecColorSchemeTransition: ColorUpdate updateAlbumGradient bgColor 0xFF303030 bgGradientStart 0x0B120808 bgGradientEnd 0x0E0E0203
04-22 21:39:38.060  2590  2590 D SecColorSchemeTransition: ColorUpdate updateAlbumGradient bgColor 0xFF303030 bgGradientStart 0x0B120808 bgGradientEnd 0x19120204
04-22 21:39:38.060  2590  2590 D SecPlayerViewHolder: ColorUpdate progressBarPrimaryColor changed from 0xFFFFDAD4 to 0xFFFFDAD4
04-22 21:39:38.060  2590  2590 D SecPlayerViewHolder: ColorUpdate progressBarSecondaryColor changed from 0xFFFFB4A6 to 0xFFFFB4A6
04-22 21:39:38.060  2590  2590 D SecColorSchemeTransition: ColorUpdate updateAlbumGradient bgColor 0xFF303030 bgGradientStart 0x03090404 bgGradientEnd 0x01050101
04-22 21:39:38.060  2590  2590 D SecColorSchemeTransition: ColorUpdate updateAlbumGradient bgColor 0xFF303030 bgGradientStart 0x03090404 bgGradientEnd 0x06090102
04-22 21:39:38.062  1050  1050 D CompositionEngine: AodOverrideCEHelper 1 setEnabled
04-22 21:39:38.066  1050  1380 I SurfaceFlinger: Capture layer list: 	 com.brave.browser/ChromeChildSurface#174783(seamlessTransition:0)
04-22 21:39:38.066  1050  1380 I SurfaceFlinger: Capture layer list: 	 com.brave.browser/com.google.android.apps.chrome.Main$_5900#174777(seamlessTransition:0)
04-22 21:39:38.071   596   596 D io_stats: !@   8,32 r 116262467 2060268280 w 27147755 412047692 d 5503317 301410860 f 1389692 2022095 iot 22064020 0 th 0 0 0 pt 0 inp 0 0 789550.387
04-22 21:39:38.077  2590  2590 D SecPlayerViewHolder: ColorUpdate progressBarPrimaryColor changed from 0xFFFFDAD5 to 0xFFFFDAD5
04-22 21:39:38.077  2590  2590 D SecPlayerViewHolder: ColorUpdate progressBarSecondaryColor changed from 0xFFFFB4A8 to 0xFFFFB4A9
04-22 21:39:38.077  2590  2590 D SecColorSchemeTransition: ColorUpdate updateAlbumGradient bgColor 0xFF303030 bgGradientStart 0x1F1C0D0C bgGradientEnd 0x35190305
04-22 21:39:38.077  2590  2590 D SecColorSchemeTransition: ColorUpdate updateAlbumGradient bgColor 0xFF303030 bgGradientStart 0x1F1C0D0C bgGradientEnd 0x461C0406
04-22 21:39:38.077  2590  2590 D SecPlayerViewHolder: ColorUpdate progressBarPrimaryColor changed from 0xFFFFDAD4 to 0xFFFFDAD5
04-22 21:39:38.077  2590  2590 D SecPlayerViewHolder: ColorUpdate progressBarSecondaryColor changed from 0xFFFFB4A7 to 0xFFFFB4A8
04-22 21:39:38.077  1050  1050 D CompositionEngine: AodOverrideCEHelper 1 setEnabled
04-22 21:39:38.078  2590  2590 D SecColorSchemeTransition: ColorUpdate updateAlbumGradient bgColor 0xFF303030 bgGradientStart 0x11150A09 bgGradientEnd 0x19120204
04-22 21:39:38.078  2590  2590 D SecColorSchemeTransition: ColorUpdate updateAlbumGradient bgColor 0xFF303030 bgGradientStart 0x11150A09 bgGradientEnd 0x26150305
04-22 21:39:38.078  2590  2590 D SecPlayerViewHolder: ColorUpdate progressBarPrimaryColor changed from 0xFFFFDAD4 to 0xFFFFDAD4
04-22 21:39:38.078  2590  2590 D SecPlayerViewHolder: ColorUpdate progressBarSecondaryColor changed from 0xFFFFB4A6 to 0xFFFFB4A7
04-22 21:39:38.078  2590  2590 D SecColorSchemeTransition: ColorUpdate updateAlbumGradient bgColor 0xFF303030 bgGradientStart 0x060E0606 bgGradientEnd 0x06090102
04-22 21:39:38.078  2590  2590 D SecColorSchemeTransition: ColorUpdate updateAlbumGradient bgColor 0xFF303030 bgGradientStart 0x060E0606 bgGradientEnd 0x0E0E0203
04-22 21:39:38.094  2590  2590 D SecPlayerViewHolder: ColorUpdate progressBarPrimaryColor changed from 0xFFFFDAD5 to 0xFFFFDAD5
04-22 21:39:38.094  2590  2590 D SecPlayerViewHolder: ColorUpdate progressBarSecondaryColor changed from 0xFFFFB4A9 to 0xFFFFB4AA
04-22 21:39:38.094  2590  2590 D SecColorSchemeTransition: ColorUpdate updateAlbumGradient bgColor 0xFF303030 bgGradientStart 0x271F0E0E bgGradientEnd 0x461C0406
04-22 21:39:38.094  2590  2590 D SecColorSchemeTransition: ColorUpdate updateAlbumGradient bgColor 0xFF303030 bgGradientStart 0x271F0E0E bgGradientEnd 0x581F0407
04-22 21:39:38.094  2590  2590 D SecPlayerViewHolder: ColorUpdate progressBarPrimaryColor changed from 0xFFFFDAD5 to 0xFFFFDAD5
04-22 21:39:38.095  2590  2590 D SecPlayerViewHolder: ColorUpdate progressBarSecondaryColor changed from 0xFFFFB4A8 to 0xFFFFB4A8
04-22 21:39:38.095  2590  2590 D SecColorSchemeTransition: ColorUpdate updateAlbumGradient bgColor 0xFF303030 bgGradientStart 0x18190B0B bgGradientEnd 0x26150305
04-22 21:39:38.095  2590  2590 D SecColorSchemeTransition: ColorUpdate updateAlbumGradient bgColor 0xFF303030 bgGradientStart 0x18190B0B bgGradientEnd 0x35190305
04-22 21:39:38.095  2590  2590 D SecPlayerViewHolder: ColorUpdate progressBarPrimaryColor changed from 0xFFFFDAD4 to 0xFFFFDAD4
04-22 21:39:38.095  2590  2590 D SecPlayerViewHolder: ColorUpdate progressBarSecondaryColor changed from 0xFFFFB4A7 to 0xFFFFB4A7
04-22 21:39:38.096  2590  2590 D SecColorSchemeTransition: ColorUpdate updateAlbumGradient bgColor 0xFF303030 bgGradientStart 0x0B110808 bgGradientEnd 0x0E0E0203
04-22 21:39:38.096  2590  2590 D SecColorSchemeTransition: ColorUpdate updateAlbumGradient bgColor 0xFF303030 bgGradientStart 0x0B110808 bgGradientEnd 0x18110204
04-22 21:39:38.111  2590  2590 D SecPlayerViewHolder: ColorUpdate progressBarPrimaryColor changed from 0xFFFFDAD5 to 0xFFFFDAD6
04-22 21:39:38.111  2590  2590 D SecPlayerViewHolder: ColorUpdate progressBarSecondaryColor changed from 0xFFFFB4AA to 0xFFFFB4AA
04-22 21:39:38.111  2590  2590 D SecColorSchemeTransition: ColorUpdate updateAlbumGradient bgColor 0xFF303030 bgGradientStart 0x3022100F bgGradientEnd 0x581F0407
04-22 21:39:38.111  2590  2590 D SecColorSchemeTransition: ColorUpdate updateAlbumGradient bgColor 0xFF303030 bgGradientStart 0x3022100F bgGradientEnd 0x6C220507
04-22 21:39:38.111  2590  2590 D SecPlayerViewHolder: ColorUpdate progressBarPrimaryColor changed from 0xFFFFDAD5 to 0xFFFFDAD5
04-22 21:39:38.111  2590  2590 D SecPlayerViewHolder: ColorUpdate progressBarSecondaryColor changed from 0xFFFFB4A8 to 0xFFFFB4A9
04-22 21:39:38.111  2590  2590 D SecColorSchemeTransition: ColorUpdate updateAlbumGradient bgColor 0xFF303030 bgGradientStart 0x1F1C0D0C bgGradientEnd 0x35190305
04-22 21:39:38.112  2590  2590 D SecColorSchemeTransition: ColorUpdate updateAlbumGradient bgColor 0xFF303030 bgGradientStart 0x1F1C0D0C bgGradientEnd 0x461C0406
04-22 21:39:38.112  2590  2590 D SecPlayerViewHolder: ColorUpdate progressBarPrimaryColor changed from 0xFFFFDAD4 to 0xFFFFDAD5
04-22 21:39:38.112  2590  2590 D SecPlayerViewHolder: ColorUpdate progressBarSecondaryColor changed from 0xFFFFB4A7 to 0xFFFFB4A8
04-22 21:39:38.112  2590  2590 D SecColorSchemeTransition: ColorUpdate updateAlbumGradient bgColor 0xFF303030 bgGradientStart 0x11150A09 bgGradientEnd 0x18110204
04-22 21:39:38.113  2590  2590 D SecColorSchemeTransition: ColorUpdate updateAlbumGradient bgColor 0xFF303030 bgGradientStart 0x11150A09 bgGradientEnd 0x25150305
04-22 21:39:38.126  1050  1376 D libcomposer_ext: ClientImplAidl::kickIdle()
04-22 21:39:38.126   976   990 D libcomposer_ext: DeviceImplAidl::syncPerform(17), client_handle: 0
04-22 21:39:38.126   976   990 D libcomposer_ext: DeviceImplAidl::DeviceClientContextAidl::ParseKickIdle()
04-22 21:39:38.127  2590  2590 D SecPlayerViewHolder: ColorUpdate progressBarPrimaryColor changed from 0xFFFFDAD6 to 0xFFFFDAD6
04-22 21:39:38.127  2590  2590 D SecPlayerViewHolder: ColorUpdate progressBarSecondaryColor changed from 0xFFFFB4AA to 0xFFFFB3AB
04-22 21:39:38.127  2590  2590 D SecColorSchemeTransition: ColorUpdate updateAlbumGradient bgColor 0xFF303030 bgGradientStart 0x39251110 bgGradientEnd 0x6C220507
04-22 21:39:38.127  2590  2590 D SecColorSchemeTransition: ColorUpdate updateAlbumGradient bgColor 0xFF303030 bgGradientStart 0x39251110 bgGradientEnd 0x80250508
04-22 21:39:38.128  2590  2590 D SecPlayerViewHolder: ColorUpdate progressBarPrimaryColor changed from 0xFFFFDAD5 to 0xFFFFDAD5
04-22 21:39:38.128  2590  2590 D SecPlayerViewHolder: ColorUpdate progressBarSecondaryColor changed from 0xFFFFB4A9 to 0xFFFFB4AA
04-22 21:39:38.129  2590  2590 D SecColorSchemeTransition: ColorUpdate updateAlbumGradient bgColor 0xFF303030 bgGradientStart 0x28200E0E bgGradientEnd 0x461C0406
04-22 21:39:38.129  2590  2590 D SecColorSchemeTransition: ColorUpdate updateAlbumGradient bgColor 0xFF303030 bgGradientStart 0x28200E0E bgGradientEnd 0x59200407
04-22 21:39:38.129  2590  2590 D SecPlayerViewHolder: ColorUpdate progressBarPrimaryColor changed from 0xFFFFDAD5 to 0xFFFFDAD5
04-22 21:39:38.129  2590  2590 D SecPlayerViewHolder: ColorUpdate progressBarSecondaryColor changed from 0xFFFFB4A8 to 0xFFFFB4A8
04-22 21:39:38.129  2590  2590 D SecColorSchemeTransition: ColorUpdate updateAlbumGradient bgColor 0xFF303030 bgGradientStart 0x18190B0B bgGradientEnd 0x25150305
04-22 21:39:38.129  2590  2590 D SecColorSchemeTransition: ColorUpdate updateAlbumGradient bgColor 0xFF303030 bgGradientStart 0x18190B0B bgGradientEnd 0x35190305
04-22 21:39:38.144  2590  2590 D SecPlayerViewHolder: ColorUpdate progressBarPrimaryColor changed from 0xFFFFDAD6 to 0xFFFFDAD6
04-22 21:39:38.144  2590  2590 D SecPlayerViewHolder: ColorUpdate progressBarSecondaryColor changed from 0xFFFFB3AB to 0xFFFFB3AC
04-22 21:39:38.144  2590  2590 D SecColorSchemeTransition: ColorUpdate updateAlbumGradient bgColor 0xFF303030 bgGradientStart 0x42281211 bgGradientEnd 0x80250508
04-22 21:39:38.144  2590  2590 D SecColorSchemeTransition: ColorUpdate updateAlbumGradient bgColor 0xFF303030 bgGradientStart 0x42281211 bgGradientEnd 0x93280509
04-22 21:39:38.145  2590  2590 D SecPlayerViewHolder: ColorUpdate progressBarPrimaryColor changed from 0xFFFFDAD5 to 0xFFFFDAD6
04-22 21:39:38.145  2590  2590 D SecPlayerViewHolder: ColorUpdate progressBarSecondaryColor changed from 0xFFFFB4AA to 0xFFFFB4AA
04-22 21:39:38.145  2590  2590 D SecColorSchemeTransition: ColorUpdate updateAlbumGradient bgColor 0xFF303030 bgGradientStart 0x3022100F bgGradientEnd 0x59200407
04-22 21:39:38.145  2590  2590 D SecColorSchemeTransition: ColorUpdate updateAlbumGradient bgColor 0xFF303030 bgGradientStart 0x3022100F bgGradientEnd 0x6C220507
04-22 21:39:38.145  2590  2590 D SecPlayerViewHolder: ColorUpdate progressBarPrimaryColor changed from 0xFFFFDAD5 to 0xFFFFDAD5
04-22 21:39:38.145  2590  2590 D SecPlayerViewHolder: ColorUpdate progressBarSecondaryColor changed from 0xFFFFB4A8 to 0xFFFFB4A9
04-22 21:39:38.145  2590  2590 D SecColorSchemeTransition: ColorUpdate updateAlbumGradient bgColor 0xFF303030 bgGradientStart 0x1F1C0D0C bgGradientEnd 0x35190305
04-22 21:39:38.145  2590  2590 D SecColorSchemeTransition: ColorUpdate updateAlbumGradient bgColor 0xFF303030 bgGradientStart 0x1F1C0D0C bgGradientEnd 0x451C0406
04-22 21:39:38.146 32680 32680 I AudioPathManager: loadAudioPath() : loaded audio path is bluetooth (2)
04-22 21:39:38.146 32680 32680 I AudioManager: getParameters keys = g_effect_active_sound_info=track
04-22 21:39:38.146  2590  2590 D Bubbles : onEntryUpdated : shouldBubbleUp=false ,key=0|com.brave.browser|2130774203|null|10494
04-22 21:39:38.147  1010 12836 I SecAudioParamFlinger: getActiveSoundInfo 5, trackFormat 5, outputFormat 1
04-22 21:39:38.147 32680 32680 I AudioManagerWrapper: getActiveSoundFormat() : active sound format is 5
04-22 21:39:38.148  2590  2590 D InterruptionStateProvider:  no Heads up : edgelighting enabled app. 0|com.brave.browser|2130774203|null|10494
04-22 21:39:38.148 32680 32680 I RestrictModeUtil: isOwnerMode() : user id is 0
04-22 21:39:38.148 32680 32680 I RestrictModeUtil: isDexMode() : DeX mode is off
04-22 21:39:38.149 32680 32680 I RestrictModeUtil: isAdaptSoundTestMode() : adaptsound test mode is false
04-22 21:39:38.149 32680 32680 I EffectManager: isSupportDolbyAtmosOnThisAudioPath() : path is bluetooth (2)
04-22 21:39:38.149 32680 32680 I EffectManager: isSpatialAudioActive() : mode is off (0)
04-22 21:39:38.149 32680 32680 I AudioPathManager: loadAudioPath() : loaded audio path is bluetooth (2)
04-22 21:39:38.149  1010 12836 D DlbEffectContext: getParam() received parameter EFFECT_PARAM_PROFILE
04-22 21:39:38.150  1010 12836 D DlbEffectContext: getParam() received parameter EFFECT_PARAM_PROFILE
04-22 21:39:38.150  1010 12836 D DlbEffectContext: getParam() received parameter EFFECT_PARAM_PROFILE
04-22 21:39:38.150  1010 12836 D DlbEffectContext: getParam() received parameter EFFECT_PARAM_PROFILE
04-22 21:39:38.150  1010 12836 D DlbEffectContext: getParam() received parameter EFFECT_PARAM_PROFILE
04-22 21:39:38.150  1010 12836 D DlbEffectContext: getParam() received parameter EFFECT_PARAM_PROFILE
04-22 21:39:38.151 32680 32680 I DolbyAtmosWrapper: getProfile() : for dolby atmos, 0
04-22 21:39:38.151 32680 32680 I AudioManager: setParameters keyValuePairs = g_effect_dolby_enable=1;g_effect_dolby_profile=0
04-22 21:39:38.153  1010 12836 V APM_AudioPolicyManager: setAudioPolicyConfig: g_effect_dolby_enable=1;g_effect_dolby_profile=0
04-22 21:39:38.154  1010  6090 D DlbSpatializerEffectContext: setParam() received parameter SPATIALIZER_PARAM_ENABLE
04-22 21:39:38.154  1010  6090 D DlbSpatializerEffectContext: setParam() received parameter SPATIALIZER_PARAM_ENABLE
04-22 21:39:38.154  1010  6090 D DlbEffectContext: setParam() received parameter EFFECT_PARAM_ENABLE
04-22 21:39:38.155  1010  6090 I AudioEffectExtendAction: Non Spatialized stage -2107, disable content proc
04-22 21:39:38.155  1010  6090 D DlbEffectContext: setContentProcEnabled(enabled=0)
04-22 21:39:38.155  1010  6090 D DlbEffectContext: setParam() received parameter EFFECT_PARAM_ENABLE
04-22 21:39:38.155  1010  6090 D DlbEffectContext: setParam() received parameter EFFECT_PARAM_ENABLE
04-22 21:39:38.155  1010  6090 D DlbEffectContext: setParam() received parameter EFFECT_PARAM_ENABLE
04-22 21:39:38.155  1010  6090 D DlbEffectContext: setParam() received parameter EFFECT_PARAM_ENABLE
04-22 21:39:38.155  1010  6090 I AudioEffectExtendAction: Non Spatialized stage -100507, disable content proc
04-22 21:39:38.155  1010  6090 D DlbEffectContext: setContentProcEnabled(enabled=0)
04-22 21:39:38.155  1010  6090 D DlbEffectContext: setParam() received parameter EFFECT_PARAM_ENABLE
04-22 21:39:38.155 32680 32680 I DolbyAtmosWrapper: setProfileEnabled() : for dolby atmos, true
04-22 21:39:38.155  1010  6090 D DlbSpatializerEffectContext: setParam() received parameter SPATIALIZER_PARAM_PROFILE
04-22 21:39:38.155  1010  6090 D DlbSpatializerEffectContext: setParam() received parameter SPATIALIZER_PARAM_PROFILE
04-22 21:39:38.155  1010  6090 D DlbEffectContext: setParam() received parameter EFFECT_PARAM_PROFILE
04-22 21:39:38.155  1010  6090 D DlbEffectContext: setParam() received parameter EFFECT_PARAM_PROFILE
04-22 21:39:38.155  1010  6090 D DlbEffectContext: setProfile(profile=0) stageIdx:-2107
04-22 21:39:38.155  1010  6090 D DlbEffectContext: setParam() received parameter EFFECT_PARAM_PROFILE
04-22 21:39:38.155  1010  6090 D DlbEffectContext: setParam() received parameter EFFECT_PARAM_PROFILE
04-22 21:39:38.155  1010  6090 D DlbEffectContext: setParam() received parameter EFFECT_PARAM_PROFILE
04-22 21:39:38.155  1010  6090 D DlbEffectContext: setParam() received parameter EFFECT_PARAM_PROFILE
04-22 21:39:38.155  1010  6090 D DlbEffectContext: setProfile(profile=0) stageIdx:-100507
04-22 21:39:38.156  1025  1055 E HeatmapThread: ECT Thread time in milliseconds: 1776890378
04-22 21:39:38.156 32680 32680 I DolbyAtmosWrapper: setProfile() : for dolby atmos, 0
04-22 21:39:38.156 32680 32680 I AudioPathManager: loadAudioPath() : loaded audio path is bluetooth (2)
04-22 21:39:38.156 32680 32680 I EffectManager: setEffectVolumeNormalization() : mode is 1, current profile is 0
04-22 21:39:38.156 32680 32680 I EffectManager: isSpatialAudioActive() : mode is off (0)
04-22 21:39:38.156 32680 32680 I AudioManager: setParameters keyValuePairs = g_effect_dolby_enable=1;g_effect_dolby_profile=0
04-22 21:39:38.157  1025  1055 D HeatmapThread: !@ batteryplugType : 1
04-22 21:39:38.157  1025  1055 D HeatmapThread: !@ batteryLevel : 9  batteryTemperature : 323 
04-22 21:39:38.157  1025  1055 D HeatmapThread: !@ Heatmap currtime: 29614839
04-22 21:39:38.157  1025  1055 D HeatmapThread: !@ Heatmap prevtime: 29614830
04-22 21:39:38.157  1010  6090 V APM_AudioPolicyManager: setAudioPolicyConfig: g_effect_dolby_enable=1;g_effect_dolby_profile=0
04-22 21:39:38.157  1025  1055 D HeatmapThread: !@ Heatmap plugstarttime: 29614828
04-22 21:39:38.157  1025  1055 D HeatmapThread: !@ Heatmap prevv_dsoh_update_time: 29614192
04-22 21:39:38.158  1025  1055 E HeatmapThread: !@ CAM New BSOH: 100
04-22 21:39:38.158  1010 12836 D DlbSpatializerEffectContext: setParam() received parameter SPATIALIZER_PARAM_ENABLE
04-22 21:39:38.158  1010 12836 D DlbSpatializerEffectContext: setParam() received parameter SPATIALIZER_PARAM_ENABLE
04-22 21:39:38.159  1010 12836 D DlbEffectContext: setParam() received parameter EFFECT_PARAM_ENABLE
04-22 21:39:38.159  1010 12836 I AudioEffectExtendAction: Non Spatialized stage -2107, disable content proc
04-22 21:39:38.159  1010 12836 D DlbEffectContext: setContentProcEnabled(enabled=0)
04-22 21:39:38.159  1010 12836 D DlbEffectContext: setParam() received parameter EFFECT_PARAM_ENABLE
04-22 21:39:38.159  1010 12836 D DlbEffectContext: setParam() received parameter EFFECT_PARAM_ENABLE
04-22 21:39:38.159  1010 12836 D DlbEffectContext: setParam() received parameter EFFECT_PARAM_ENABLE
04-22 21:39:38.159  1010 12836 D DlbEffectContext: setParam() received parameter EFFECT_PARAM_ENABLE
04-22 21:39:38.159  1010 12836 I AudioEffectExtendAction: Non Spatialized stage -100507, disable content proc
04-22 21:39:38.159  1010 12836 D DlbEffectContext: setContentProcEnabled(enabled=0)
04-22 21:39:38.159  1010 12836 D DlbEffectContext: setParam() received parameter EFFECT_PARAM_ENABLE
04-22 21:39:38.159 32680 32680 I DolbyAtmosWrapper: setProfileEnabled() : for dolby atmos, true
04-22 21:39:38.159  1050  1376 D libcomposer_ext: ClientImplAidl::kickIdle()
04-22 21:39:38.159  1010 12836 D DlbSpatializerEffectContext: setParam() received parameter SPATIALIZER_PARAM_PROFILE
04-22 21:39:38.159  1010 12836 D DlbSpatializerEffectContext: setParam() received parameter SPATIALIZER_PARAM_PROFILE
04-22 21:39:38.159  1010 12836 D DlbEffectContext: setParam() received parameter EFFECT_PARAM_PROFILE
04-22 21:39:38.159  1010 12836 D DlbEffectContext: setParam() received parameter EFFECT_PARAM_PROFILE
04-22 21:39:38.159  1010 12836 D DlbEffectContext: setProfile(profile=0) stageIdx:-2107
04-22 21:39:38.159  1010 12836 D DlbEffectContext: setParam() received parameter EFFECT_PARAM_PROFILE
04-22 21:39:38.159  1010 12836 D DlbEffectContext: setParam() received parameter EFFECT_PARAM_PROFILE
04-22 21:39:38.159  1010 12836 D DlbEffectContext: setParam() received parameter EFFECT_PARAM_PROFILE
04-22 21:39:38.159  1010 12836 D DlbEffectContext: setParam() received parameter EFFECT_PARAM_PROFILE
04-22 21:39:38.159  1010 12836 D DlbEffectContext: setProfile(profile=0) stageIdx:-100507
04-22 21:39:38.159   976   990 D libcomposer_ext: DeviceImplAidl::syncPerform(17), client_handle: 0
04-22 21:39:38.159   976   990 D libcomposer_ext: DeviceImplAidl::DeviceClientContextAidl::ParseKickIdle()
04-22 21:39:38.159 32680 32680 I DolbyAtmosWrapper: setProfile() : for dolby atmos, 0
04-22 21:39:38.159 32680 32680 I AudioManager: setParameters keyValuePairs = g_effect_dolby_volume_leveler=7
04-22 21:39:38.160  2590  2590 D SecPlayerViewHolder: ColorUpdate progressBarPrimaryColor changed from 0xFFFFDAD6 to 0xFFFFDAD7
04-22 21:39:38.160  2590  2590 D SecPlayerViewHolder: ColorUpdate progressBarSecondaryColor changed from 0xFFFFB3AC to 0xFFFFB3AD
04-22 21:39:38.160  1010 12836 V APM_AudioPolicyManager: setAudioPolicyConfig: g_effect_dolby_volume_leveler=7
04-22 21:39:38.160  2590  2590 D SecColorSchemeTransition: ColorUpdate updateAlbumGradient bgColor 0xFF303030 bgGradientStart 0x4B2A1312 bgGradientEnd 0x93280509
04-22 21:39:38.160  1010 12836 I SecAudioParamPolicy: g_effect_dolby_volume_leveler: 1 
04-22 21:39:38.161  2590  2590 D SecColorSchemeTransition: ColorUpdate updateAlbumGradient bgColor 0xFF303030 bgGradientStart 0x4B2A1312 bgGradientEnd 0xA72A0609
04-22 21:39:38.161  2590  2590 D SecPlayerViewHolder: ColorUpdate progressBarPrimaryColor changed from 0xFFFFDAD6 to 0xFFFFDAD6
04-22 21:39:38.161  2590  2590 D SecPlayerViewHolder: ColorUpdate progressBarSecondaryColor changed from 0xFFFFB4AA to 0xFFFFB3AB
04-22 21:39:38.161  2590  2590 D SecColorSchemeTransition: ColorUpdate updateAlbumGradient bgColor 0xFF303030 bgGradientStart 0x39251110 bgGradientEnd 0x6C220507
04-22 21:39:38.161  2590  2590 D SecColorSchemeTransition: ColorUpdate updateAlbumGradient bgColor 0xFF303030 bgGradientStart 0x39251110 bgGradientEnd 0x80250508
04-22 21:39:38.161  2590  2590 D SecPlayerViewHolder: ColorUpdate progressBarPrimaryColor changed from 0xFFFFDAD5 to 0xFFFFDAD5
04-22 21:39:38.161  2590  2590 D SecPlayerViewHolder: ColorUpdate progressBarSecondaryColor changed from 0xFFFFB4A9 to 0xFFFFB4AA
04-22 21:39:38.161  2590  2590 D SecColorSchemeTransition: ColorUpdate updateAlbumGradient bgColor 0xFF303030 bgGradientStart 0x271F0E0E bgGradientEnd 0x451C0406
04-22 21:39:38.162  2590  2590 D SecColorSchemeTransition: ColorUpdate updateAlbumGradient bgColor 0xFF303030 bgGradientStart 0x271F0E0E bgGradientEnd 0x581F0407
04-22 21:39:38.162 32680 32680 I EffectManager: setEffectDolbyAtmos() : enable is true, mode is auto (0)
04-22 21:39:38.162 32680 32680 I EffectManager: setEffectDolbyAtmos() : concert hall will be off
04-22 21:39:38.163   971  1018 I SoundAlive_Interface_a64: [ 0 ][ 48000 ]Set_User_CH() : 0
04-22 21:39:38.163  1010 12836 I SoundAlive_Interface_a64: [ 1 ][ 48000 ]Set_User_CH() : 0
04-22 21:39:38.164  1010 12836 I SoundAlive_Interface_a64: [ 3 ][ 48000 ]Set_User_CH() : 0
04-22 21:39:38.164  1010 12836 I SoundAlive_Interface_a64: [ 131 ][ 44100 ]Set_User_CH() : 0
04-22 21:39:38.164 32680 32680 I SoundAliveWrapper: setStrength() : type is concert hall (3), strength is 0
04-22 21:39:38.164 32680 32680 I EffectManager: isSupportDolbyAtmosOnThisAudioPath() : path is bluetooth (2)
04-22 21:39:38.164 32680 32680 I AudioPathManager: loadAudioPath() : loaded audio path is bluetooth (2)
04-22 21:39:38.164 32680 32680 I EffectManager: isSupportDolbyAtmosOnThisAudioPath() : path is bluetooth (2)
04-22 21:39:38.164 32680 32680 I AudioManager: setParameters keyValuePairs = g_effect_game_dolby_enable=1
04-22 21:39:38.165  1010 12836 V APM_AudioPolicyManager: setAudioPolicyConfig: g_effect_game_dolby_enable=1
04-22 21:39:38.166  1010 12836 D DlbEffectContext: setParam() received parameter EFFECT_PARAM_ENABLE
04-22 21:39:38.166  1010 12836 D DlbEffectContext: setParam() received parameter EFFECT_PARAM_ENABLE
04-22 21:39:38.166  2590  2590 D SubscreenNotificationListCoordinator: onAfterRenderList() isSubScreen = false, pluginLockMode = 0, doNotShowOnCover = false
04-22 21:39:38.166 32680 32680 I DolbyAtmosWrapper: setProfileEnabled() : for dolby atmos for gaming, true
04-22 21:39:38.167  1050  1380 I SurfaceFlinger: Capture layer list: 	 com.brave.browser/ChromeChildSurface#174783(seamlessTransition:0)
04-22 21:39:38.167  1010  6090 D DlbEffectContext: setParam() received parameter EFFECT_PARAM_PROFILE
04-22 21:39:38.167  1010  6090 D DlbEffectContext: setParam() received parameter EFFECT_PARAM_PROFILE
04-22 21:39:38.167  1050  1380 I SurfaceFlinger: Capture layer list: 	 com.brave.browser/com.google.android.apps.chrome.Main$_5900#174777(seamlessTransition:0)
04-22 21:39:38.167 32680 32680 I DolbyAtmosWrapper: setProfile() : for dolby atmos for gaming, 4
04-22 21:39:38.167 32680 32680 I AudioPathManager: loadAudioPath() : loaded audio path is bluetooth (2)
04-22 21:39:38.167 32680 32680 I RestrictModeUtil: isOwnerMode() : user id is 0
04-22 21:39:38.168 32680 32680 I RestrictModeUtil: isDexMode() : DeX mode is off
04-22 21:39:38.168 32680 32680 I RestrictModeUtil: isAdaptSoundTestMode() : adaptsound test mode is false
04-22 21:39:38.168   971  1018 W EffectOffloadContext: offload_param_dump()
04-22 21:39:38.169  2590  2590 I LockscreenNotificationIconsOnlyController: onNotificationInfoUpdated 0
04-22 21:39:38.169   971  1018 I SoundAlive_Interface_a64: [ 0 ][ 48000 ]Set_USER_EQ() : 0, 0, 0, 0, 0, 0, 0, 0, 0
04-22 21:39:38.169  2590  2590 I AODNotificationManager: updateNotification() 
04-22 21:39:38.170  1010  6090 I SoundAlive_Interface_a64: [ 1 ][ 48000 ]Set_USER_EQ() : 0, 0, 0, 0, 0, 0, 0, 0, 0
04-22 21:39:38.170  1010  6090 I SoundAlive_Interface_a64: [ 3 ][ 48000 ]Set_USER_EQ() : 0, 0, 0, 0, 0, 0, 0, 0, 0
04-22 21:39:38.170  1010  6090 I SoundAlive_Interface_a64: [ 131 ][ 44100 ]Set_USER_EQ() : 0, 0, 0, 0, 0, 0, 0, 0, 0
04-22 21:39:38.170 32680 32680 I SoundAliveWrapper: setEqualizer() : preset is balanced (0), levels for 9 bands are 0 0 0 0 0 0 0 0 0 
04-22 21:39:38.170 32680 32680 I EffectManager: updateUHQUpscalerState() : this device doesn't support uhq upscaler
04-22 21:39:38.170 32680 32680 I AudioPathManager: loadAudioPath() : loaded audio path is bluetooth (2)
04-22 21:39:38.170 32680 32680 I EffectManager: isSupportVolumeNormalizationOnCurrentAudioPath() : path is bluetooth (2)
04-22 21:39:38.170 32680 32680 I AudioPathManager: loadAudioPath() : loaded audio path is bluetooth (2)
04-22 21:39:38.170 32680 32680 I EffectManager: setEffectVolumeNormalization() : mode is 1, current profile is 0
04-22 21:39:38.170 32680 32680 I EffectManager: isSpatialAudioActive() : mode is off (0)
04-22 21:39:38.170 32680 32680 I AudioManager: setParameters keyValuePairs = g_effect_dolby_enable=1;g_effect_dolby_profile=0
04-22 21:39:38.171  1581  1607 D KNOX_MDM_SettingsProvider: isChangeAllowed() : name = enabled_notification_listeners
04-22 21:39:38.171  1581  1607 D KNOX_MDM_SettingsProvider: isChangeAllowed() : name = enabled_notification_listeners
04-22 21:39:38.171  1010  6090 V APM_AudioPolicyManager: setAudioPolicyConfig: g_effect_dolby_enable=1;g_effect_dolby_profile=0
04-22 21:39:38.171  1581  1607 D KNOX_MDM_SettingsProvider: isChangeAllowed() : name = enabled_notification_listeners
04-22 21:39:38.173  1010  6090 D DlbSpatializerEffectContext: setParam() received parameter SPATIALIZER_PARAM_ENABLE
04-22 21:39:38.173  1010  6090 D DlbSpatializerEffectContext: setParam() received parameter SPATIALIZER_PARAM_ENABLE
04-22 21:39:38.173  1010  6090 D DlbEffectContext: setParam() received parameter EFFECT_PARAM_ENABLE
04-22 21:39:38.173  1010  6090 I AudioEffectExtendAction: Non Spatialized stage -2107, disable content proc
04-22 21:39:38.173  1010  6090 D DlbEffectContext: setContentProcEnabled(enabled=0)
04-22 21:39:38.173  1010  6090 D DlbEffectContext: setParam() received parameter EFFECT_PARAM_ENABLE
04-22 21:39:38.173  1010  6090 D DlbEffectContext: setParam() received parameter EFFECT_PARAM_ENABLE
04-22 21:39:38.173  1010  6090 D DlbEffectContext: setParam() received parameter EFFECT_PARAM_ENABLE
04-22 21:39:38.173  1010  6090 D DlbEffectContext: setParam() received parameter EFFECT_PARAM_ENABLE
04-22 21:39:38.173  1010  6090 I AudioEffectExtendAction: Non Spatialized stage -100507, disable content proc
04-22 21:39:38.173  1010  6090 D DlbEffectContext: setContentProcEnabled(enabled=0)
04-22 21:39:38.173  1010  6090 D DlbEffectContext: setParam() received parameter EFFECT_PARAM_ENABLE
04-22 21:39:38.173 32680 32680 I DolbyAtmosWrapper: setProfileEnabled() : for dolby atmos, true
04-22 21:39:38.173  1010  6090 D DlbSpatializerEffectContext: setParam() received parameter SPATIALIZER_PARAM_PROFILE
04-22 21:39:38.173  1010  6090 D DlbSpatializerEffectContext: setParam() received parameter SPATIALIZER_PARAM_PROFILE
04-22 21:39:38.173  1010  6090 D DlbEffectContext: setParam() received parameter EFFECT_PARAM_PROFILE
04-22 21:39:38.174  1010  6090 D DlbEffectContext: setParam() received parameter EFFECT_PARAM_PROFILE
04-22 21:39:38.174  1010  6090 D DlbEffectContext: setProfile(profile=0) stageIdx:-2107
04-22 21:39:38.174  1010  6090 D DlbEffectContext: setParam() received parameter EFFECT_PARAM_PROFILE
04-22 21:39:38.174  1010  6090 D DlbEffectContext: setParam() received parameter EFFECT_PARAM_PROFILE
04-22 21:39:38.174  1010  6090 D DlbEffectContext: setParam() received parameter EFFECT_PARAM_PROFILE
04-22 21:39:38.174  1010  6090 D DlbEffectContext: setParam() received parameter EFFECT_PARAM_PROFILE
04-22 21:39:38.174  1010  6090 D DlbEffectContext: setProfile(profile=0) stageIdx:-100507
04-22 21:39:38.174 32680 32680 I DolbyAtmosWrapper: setProfile() : for dolby atmos, 0
04-22 21:39:38.174 32680 32680 I AudioManager: setParameters keyValuePairs = g_effect_dolby_volume_leveler=7
04-22 21:39:38.174  1010  6090 V APM_AudioPolicyManager: setAudioPolicyConfig: g_effect_dolby_volume_leveler=7
04-22 21:39:38.174  1010  6090 I SecAudioParamPolicy: g_effect_dolby_volume_leveler: 1 
04-22 21:39:38.176 32680 32680 I LocalBroadcastManager: sendLocalBroadcast() : action is 1
04-22 21:39:38.176 32680 32680 I LocalBroadcastManager: sendLocalBroadcast() : action is 2
04-22 21:39:38.176  2590  2590 D SecPlayerViewHolder: ColorUpdate progressBarPrimaryColor changed from 0xFFFFDAD7 to 0xFFFFDAD7
04-22 21:39:38.177  2590  2590 D SecPlayerViewHolder: ColorUpdate progressBarSecondaryColor changed from 0xFFFFB3AD to 0xFFFFB3AD
04-22 21:39:38.177  2590  2590 D SecColorSchemeTransition: ColorUpdate updateAlbumGradient bgColor 0xFF303030 bgGradientStart 0x532C1413 bgGradientEnd 0xA72A0609
04-22 21:39:38.177  2590  2590 D SecColorSchemeTransition: ColorUpdate updateAlbumGradient bgColor 0xFF303030 bgGradientStart 0x532C1413 bgGradientEnd 0xBA2C060A
04-22 21:39:38.177  2590  2590 D SecPlayerViewHolder: ColorUpdate progressBarPrimaryColor changed from 0xFFFFDAD6 to 0xFFFFDAD6
04-22 21:39:38.177  1050  1050 D CompositionEngine: AodOverrideCEHelper 1 setEnabled
04-22 21:39:38.178  2590  2590 D SecPlayerViewHolder: ColorUpdate progressBarSecondaryColor changed from 0xFFFFB3AB to 0xFFFFB3AC
04-22 21:39:38.178  2590  2590 D SecColorSchemeTransition: ColorUpdate updateAlbumGradient bgColor 0xFF303030 bgGradientStart 0x42281211 bgGradientEnd 0x80250508
04-22 21:39:38.178  2590  2590 D SecColorSchemeTransition: ColorUpdate updateAlbumGradient bgColor 0xFF303030 bgGradientStart 0x42281211 bgGradientEnd 0x94280509
04-22 21:39:38.178  2590  2590 D SecPlayerViewHolder: ColorUpdate progressBarPrimaryColor changed from 0xFFFFDAD5 to 0xFFFFDAD6
04-22 21:39:38.178  2590  2590 D SecPlayerViewHolder: ColorUpdate progressBarSecondaryColor changed from 0xFFFFB4AA to 0xFFFFB4AA
04-22 21:39:38.178  2590  2590 D SecColorSchemeTransition: ColorUpdate updateAlbumGradient bgColor 0xFF303030 bgGradientStart 0x3022100F bgGradientEnd 0x581F0407
04-22 21:39:38.178  2590  2590 D SecColorSchemeTransition: ColorUpdate updateAlbumGradient bgColor 0xFF303030 bgGradientStart 0x3022100F bgGradientEnd 0x6C220507
04-22 21:39:38.179 32680 32680 I AudioManagerWrapper: getCurrentMediaVolume() : current media volume is 7
04-22 21:39:38.179 32680 32680 I AudioPathManager: loadAudioPath() : loaded audio path is bluetooth (2)
04-22 21:39:38.179 32680 32680 I EffectManager: isSupportDolbyAtmosOnThisAudioPath() : path is bluetooth (2)
04-22 21:39:38.179 32680 32680 I AudioPathManager: loadAudioPath() : loaded audio path is bluetooth (2)
04-22 21:39:38.179 32680 32680 I EffectManager: isSupportVolumeNormalizationOnCurrentAudioPath() : path is bluetooth (2)
04-22 21:39:38.179 32680 32680 I DVFSHelper: isNecessaryToBoostCPU() : isDolbyOn? true, isUHQUpscalerOn? false, isVoiceBoostOn? false, isVolumeNormalizationOn? true
04-22 21:39:38.179 32680 32680 I SemDvfsHyPerManager: acquire hyper - class com.sec.android.app.soundalive.SoundAliveApplication/32680@0, type = -999
04-22 21:39:38.181 32680 32680 I DVFSHelper: acquireBoostingCPU() : cpu is boosting by hint 10006
04-22 21:39:38.181   981   999 I HYPER-HAL: [RequestManager.cpp]acquire(): Acquired ID : 534007540  [32680 / 0]    HINT : SOUNDALIVE_DVFS_30_PERCENT    list : [TIMEOUT / 30000] 
04-22 21:39:38.193  2590  2590 D SecPlayerViewHolder: ColorUpdate progressBarPrimaryColor changed from 0xFFFFDAD7 to 0xFFFFDAD7
04-22 21:39:38.193  2590  2590 D SecPlayerViewHolder: ColorUpdate progressBarSecondaryColor changed from 0xFFFFB3AD to 0xFFFFB3AE
04-22 21:39:38.193  2590  2590 D SecColorSchemeTransition: ColorUpdate updateAlbumGradient bgColor 0xFF303030 bgGradientStart 0x5A2E1514 bgGradientEnd 0xBA2C060A
04-22 21:39:38.193  2590  2590 D SecColorSchemeTransition: ColorUpdate updateAlbumGradient bgColor 0xFF303030 bgGradientStart 0x5A2E1514 bgGradientEnd 0xCA2E060A
04-22 21:39:38.193  2590  2590 D SecPlayerViewHolder: ColorUpdate progressBarPrimaryColor changed from 0xFFFFDAD6 to 0xFFFFDAD7
04-22 21:39:38.194  2590  2590 D SecPlayerViewHolder: ColorUpdate progressBarSecondaryColor changed from 0xFFFFB3AC to 0xFFFFB3AD
04-22 21:39:38.194  2590  2590 D SecColorSchemeTransition: ColorUpdate updateAlbumGradient bgColor 0xFF303030 bgGradientStart 0x4B2A1312 bgGradientEnd 0x94280509
04-22 21:39:38.194  2590  2590 D SecColorSchemeTransition: ColorUpdate updateAlbumGradient bgColor 0xFF303030 bgGradientStart 0x4B2A1312 bgGradientEnd 0xA72A0609
04-22 21:39:38.194  1050  1050 D CompositionEngine: AodOverrideCEHelper 1 setEnabled
04-22 21:39:38.194  2590  2590 D SecPlayerViewHolder: ColorUpdate progressBarPrimaryColor changed from 0xFFFFDAD6 to 0xFFFFDAD6
04-22 21:39:38.194  2590  2590 D SecPlayerViewHolder: ColorUpdate progressBarSecondaryColor changed from 0xFFFFB4AA to 0xFFFFB4AB
04-22 21:39:38.194  2590  2590 D SecColorSchemeTransition: ColorUpdate updateAlbumGradient bgColor 0xFF303030 bgGradientStart 0x39251110 bgGradientEnd 0x6C220507
04-22 21:39:38.194  2590  2590 D SecColorSchemeTransition: ColorUpdate updateAlbumGradient bgColor 0xFF303030 bgGradientStart 0x39251110 bgGradientEnd 0x7F250508
04-22 21:39:38.210  2590  2590 D SecPlayerViewHolder: ColorUpdate progressBarPrimaryColor changed from 0xFFFFDAD7 to 0xFFFFDAD7
04-22 21:39:38.210  2590  2590 D SecPlayerViewHolder: ColorUpdate progressBarSecondaryColor changed from 0xFFFFB3AE to 0xFFFFB3AF
04-22 21:39:38.210  2590  2590 D SecColorSchemeTransition: ColorUpdate updateAlbumGradient bgColor 0xFF303030 bgGradientStart 0x612F1514 bgGradientEnd 0xCA2E060A
04-22 21:39:38.210  2590  2590 D SecColorSchemeTransition: ColorUpdate updateAlbumGradient bgColor 0xFF303030 bgGradientStart 0x612F1514 bgGradientEnd 0xDA2F070A
04-22 21:39:38.211  2590  2590 D SecPlayerViewHolder: ColorUpdate progressBarPrimaryColor changed from 0xFFFFDAD7 to 0xFFFFDAD7
04-22 21:39:38.211  2590  2590 D SecPlayerViewHolder: ColorUpdate progressBarSecondaryColor changed from 0xFFFFB3AD to 0xFFFFB3AD
04-22 21:39:38.211  2590  2590 D SecColorSchemeTransition: ColorUpdate updateAlbumGradient bgColor 0xFF303030 bgGradientStart 0x532C1413 bgGradientEnd 0xA72A0609
04-22 21:39:38.211  2590  2590 D SecColorSchemeTransition: ColorUpdate updateAlbumGradient bgColor 0xFF303030 bgGradientStart 0x532C1413 bgGradientEnd 0xBA2C060A
04-22 21:39:38.211  2590  2590 D SecPlayerViewHolder: ColorUpdate progressBarPrimaryColor changed from 0xFFFFDAD6 to 0xFFFFDAD6
04-22 21:39:38.211  2590  2590 D SecPlayerViewHolder: ColorUpdate progressBarSecondaryColor changed from 0xFFFFB4AB to 0xFFFFB3AC
04-22 21:39:38.211  2590  2590 D SecColorSchemeTransition: ColorUpdate updateAlbumGradient bgColor 0xFF303030 bgGradientStart 0x42281211 bgGradientEnd 0x7F250508
04-22 21:39:38.211  2590  2590 D SecColorSchemeTransition: ColorUpdate updateAlbumGradient bgColor 0xFF303030 bgGradientStart 0x42281211 bgGradientEnd 0x93280509
04-22 21:39:38.226  2590  2590 D SecPlayerViewHolder: ColorUpdate progressBarPrimaryColor changed from 0xFFFFDAD7 to 0xFFFFDAD8
