04-22 21:39:37.402  2590  2590 D MediaControlPanel: ColorUpdate bindArtworkAndColors update artwork key 0|com.brave.browser|2130774203|null|10494
04-22 21:39:37.402  2590  2590 D SecColorSchemeTransition: ColorUpdate updateColorScheme enableGradient false
04-22 21:39:37.402  2590  2590 D MediaControlPanel: ColorUpdate bindArtworkAndColors update artwork end key 0|com.brave.browser|2130774203|null|10494
04-22 21:39:37.402  2590  2590 D OAMusicChipController: updateChip Called, isPlayerOAPlayed : true
04-22 21:39:37.403  2590  2590 D MediaOngoingActivity:  U.M.C.D. - - YouTube ff900f00 true
04-22 21:39:37.403  2590  2590 D MediaOngoingActivity: mediadata for chip view is not updated. mNeedMarquee:(prev)true
04-22 21:39:37.405  2590  2955 D MediaDataManager: State updated outside of notification
04-22 21:39:37.405  2590  2590 D MediaLogger: Media data loaded key[0|com.brave.browser|2130774203|null|10494] oldKey[0|com.brave.browser|2130774203|null|10494] title[- Yo] isActive[true]
04-22 21:39:37.406  2590  2590 D MediaControlPanel: updateDeviceName() : deviceName = soundcore R50i, mDualPlayModeEnabled = false, mPlaybackLocation = 0
04-22 21:39:37.406  2590  2590 D MediaControlPanel: bindActionButtons semanticActions=MediaButton(playOrPause=MediaAction(icon=android.graphics.drawable.VectorDrawable@2fe7bbb, action=com.android.systemui.media.controls.domain.pipeline.MediaActionsKt$getStandardAction$2@dafd8d8, contentDescription=Pause, background=android.graphics.drawable.AnimatedVectorDrawable@7015431, rebindId=null), nextOrCustom=null, prevOrCustom=null, custom0=null, custom1=null, reserveNext=false, reservePrev=false)
04-22 21:39:37.406  2590  2590 D MediaControlPanel: bindActionButtons actionsWhenCollapsed=[], actionIcons=[]
04-22 21:39:37.407  2590  2590 D MediaControlPanel: ColorUpdate bindArtworkAndColors key 0|com.brave.browser|2130774203|null|10494
04-22 21:39:37.408  2590  3658 D NowBarItemManager: color = -7336192 title = - YouTube album art = null
04-22 21:39:37.408  2590  3658 D NowBarItemManager: getActionFromFaceWidgetMediaData get mediaData with actionsToShowInCompact index
04-22 21:39:37.408  2590  3658 D NowBarItemManager: refreshMediaItem end
04-22 21:39:37.408  2590  2590 D MediaLogger: [QS] Media player updated [0|com.brave.browser|2130774203|null|10494] isPlaying[true]
04-22 21:39:37.408  2590  2590 I MediaOngoingActivity: onMediaVisibilityChanged. isMediaVisible:true, visible:true
04-22 21:39:37.409  2590  2590 D PlayLastSongHelper: onPlayerVisibilityChanged before: true after: true
04-22 21:39:37.409  2590  2590 D PlayLastSongHelper: enabled: true, enable : true
04-22 21:39:37.409  2590  2590 D PlayLastSongHelper: updateRestartViewVisibility true
04-22 21:39:37.409  2590  2590 D SecQSImplAnimatorManager: updateAnimators
04-22 21:39:37.409  2590  2590 D PanelTransitionAnimator: updateAnimators
04-22 21:39:37.409  2590  2590 D PanelTransitionAnimator: clearAnimationState SHADE_STATE
04-22 21:39:37.409  2590  2796 D MediaControlPanel: ColorUpdate bindArtworkAndColors no artwork key 0|com.brave.browser|2130774203|null|10494
04-22 21:39:37.409  2590  2590 D PanelSplitOpenAnimator: updateAnimators
04-22 21:39:37.410  2590  2590 D QsDetailPopupAnimator: updateAnimators
04-22 21:39:37.410  2590  2590 D QsDetailPopupAnimator: resetSpringAnimator
04-22 21:39:37.410  2590  2590 D MediaLogger: Media data loaded key[0|com.brave.browser|2130774203|null|10494] oldKey[0|com.brave.browser|2130774203|null|10494] title[- Yo] isActive[true]
04-22 21:39:37.414  3016  6937 I HoneySpace.NotificationListener: onNotificationPosted com.brave.browser: 0|com.brave.browser|2130774203|null|10494: 0
04-22 21:39:37.414  2590  2590 D MediaControlPanel: updateDeviceName() : deviceName = soundcore R50i, mDualPlayModeEnabled = false, mPlaybackLocation = 0
04-22 21:39:37.414  3016  6937 I HoneySpace.NotificationListener: invalid notification: com.brave.browser UserHandle{0}: canShowBadge is false
04-22 21:39:37.416  3016 20654 I HoneySpace.PackageEventOperator: [ApplistViewModel] badge count is updated. com.brave.browser/com.google.android.apps.chrome.Main#UserHandle{0}|92469 : 0
04-22 21:39:37.416  3016 20654 I HoneySpace.BadgeDataSourceImpl: Get notification count. PK(p='com.google.android.googlequicksearchbox', u=UserHandle{0}) - forceBadgeCount: false, notification listener: 1, badge provider: 0
04-22 21:39:37.416  3016 20654 I HoneySpace.BadgeDataSourceImpl: Get notification count. PK(p='com.google.android.gm', u=UserHandle{0}) - forceBadgeCount: false, notification listener: 2, badge provider: 0
04-22 21:39:37.416  2590  2590 D MediaControlPanel: bindActionButtons semanticActions=MediaButton(playOrPause=MediaAction(icon=android.graphics.drawable.VectorDrawable@2fe7bbb, action=com.android.systemui.media.controls.domain.pipeline.MediaActionsKt$getStandardAction$2@dafd8d8, contentDescription=Pause, background=android.graphics.drawable.AnimatedVectorDrawable@7015431, rebindId=null), nextOrCustom=null, prevOrCustom=null, custom0=null, custom1=null, reserveNext=false, reservePrev=false)
04-22 21:39:37.417  2590  2590 D MediaControlPanel: bindActionButtons actionsWhenCollapsed=[], actionIcons=[]
04-22 21:39:37.417  2590  2590 D MediaControlPanel: ColorUpdate bindArtworkAndColors key 0|com.brave.browser|2130774203|null|10494
04-22 21:39:37.417  3016 20654 I HoneySpace.BadgeDataSourceImpl: Get notification count. PK(p='com.google.android.apps.messaging', u=UserHandle{0}) - forceBadgeCount: false, notification listener: 1, badge provider: 0
04-22 21:39:37.418  2590  2590 D MediaLogger: [OA] Media player updated [0|com.brave.browser|2130774203|null|10494] isPlaying[true]
04-22 21:39:37.418  2590  2590 D SecMediaHost: Change OA Played State : false
04-22 21:39:37.418  2590  2590 I MediaOngoingActivity: onMediaVisibilityChanged. isMediaVisible:true, visible:true
04-22 21:39:37.419  2590  2590 D PlayLastSongHelper: onPlayerVisibilityChanged before: true after: true
04-22 21:39:37.419  2590  2590 D PlayLastSongHelper: enabled: true, enable : true
04-22 21:39:37.419  2590  2590 D PlayLastSongHelper: updateRestartViewVisibility true
04-22 21:39:37.419  2590  2590 D SecQSImplAnimatorManager: updateAnimators
04-22 21:39:37.419  2590  2590 D PanelTransitionAnimator: updateAnimators
04-22 21:39:37.419  2590  2590 D PanelTransitionAnimator: clearAnimationState SHADE_STATE
04-22 21:39:37.421  2590  2590 D PanelSplitOpenAnimator: updateAnimators
04-22 21:39:37.421  5900  6052 I AAudio  : AAudioStreamBuilder_openStream() called ----------------------------------------
04-22 21:39:37.422  5900  6052 I AudioStreamBuilder: rate   =  48000, channels  = 2, channelMask = 0x3, format   = 5, sharing = SH, dir = OUTPUT
04-22 21:39:37.422  5900  6052 I AudioStreamBuilder: devices = AUDIO_PORT_HANDLE_NONE, sessionId = -1, perfMode = 11, callback: ON with frames = 1024
04-22 21:39:37.422  5900  6052 I AudioStreamBuilder: usage  =      1, contentType = 0, inputPreset = 0, allowedCapturePolicy = 0
04-22 21:39:37.423  5900  6052 I AudioStreamBuilder: privacy sensitive = false, opPackageName = (null), attributionTag = (null)
04-22 21:39:37.423  5900  6052 D AudioStreamBuilder: build, global mmap policy is 0
04-22 21:39:37.423  5900  6052 D AudioStreamBuilder: build, system mmap policy is 1
04-22 21:39:37.423  5900  6052 D AudioStreamBuilder: build, final mmap policy is 1
04-22 21:39:37.424  2590  2590 D QsDetailPopupAnimator: updateAnimators
04-22 21:39:37.424  5900  6052 D AudioStreamBuilder: build, system mmap exclusive policy is 1
04-22 21:39:37.424  5900  6052 D AudioStreamBuilder: build, final mmap exclusive policy is 1
04-22 21:39:37.424  5900  6052 D AudioStreamBuilder: build() MMAP not used because AAUDIO_PERFORMANCE_MODE_LOW_LATENCY not requested.
04-22 21:39:37.424  5900  6052 D m.brave.browser: PlayerBase::PlayerBase()
04-22 21:39:37.424  5900  6052 D AudioStreamTrack: open(), request notificationFrames = 0, frameCount = 0
04-22 21:39:37.424  2590  2590 D QsDetailPopupAnimator: resetSpringAnimator
04-22 21:39:37.425  2590  2590 D MediaLogger: Media data loaded key[0|com.brave.browser|2130774203|null|10494] oldKey[0|com.brave.browser|2130774203|null|10494] title[- Yo] isActive[true]
04-22 21:39:37.426  1171  1681 E WiFiFWLogger: port index:0 not opened
04-22 21:39:37.426  1171  1681 E WiFiFWLogger: port index:1 not opened
04-22 21:39:37.426  1171  1681 E WiFiFWLogger: port index:0 not opened
04-22 21:39:37.426  1171  1681 E WiFiFWLogger: port index:1 not opened
04-22 21:39:37.426  1050  1376 D libcomposer_ext: ClientImplAidl::kickIdle()
04-22 21:39:37.426   976   990 D libcomposer_ext: DeviceImplAidl::syncPerform(17), client_handle: 0
04-22 21:39:37.426   976   990 D libcomposer_ext: DeviceImplAidl::DeviceClientContextAidl::ParseKickIdle()
04-22 21:39:37.427  2590  2590 D MediaControlPanel: updateDeviceName() : deviceName = soundcore R50i, mDualPlayModeEnabled = false, mPlaybackLocation = 0
04-22 21:39:37.427  2590  2590 D MediaControlPanel: bindActionButtons semanticActions=MediaButton(playOrPause=MediaAction(icon=android.graphics.drawable.VectorDrawable@2fe7bbb, action=com.android.systemui.media.controls.domain.pipeline.MediaActionsKt$getStandardAction$2@dafd8d8, contentDescription=Pause, background=android.graphics.drawable.AnimatedVectorDrawable@7015431, rebindId=null), nextOrCustom=null, prevOrCustom=null, custom0=null, custom1=null, reserveNext=false, reservePrev=false)
04-22 21:39:37.427  2590  2590 D MediaControlPanel: bindActionButtons actionsWhenCollapsed=[], actionIcons=[]
04-22 21:39:37.428  2590  2590 D MediaControlPanel: ColorUpdate bindArtworkAndColors key 0|com.brave.browser|2130774203|null|10494
04-22 21:39:37.429  2590  2590 D MediaLogger: [ENR] Media player updated [0|com.brave.browser|2130774203|null|10494] isPlaying[true]
04-22 21:39:37.429  2590  2590 I MediaOngoingActivity: onMediaVisibilityChanged. isMediaVisible:true, visible:true
04-22 21:39:37.429  2590  2590 D PlayLastSongHelper: onPlayerVisibilityChanged before: true after: true
04-22 21:39:37.429  2590  2590 D PlayLastSongHelper: enabled: true, enable : true
04-22 21:39:37.429  2590  2590 D PlayLastSongHelper: updateRestartViewVisibility true
04-22 21:39:37.429  2590  2590 D SecQSImplAnimatorManager: updateAnimators
04-22 21:39:37.429  2590  2590 D PanelTransitionAnimator: updateAnimators
04-22 21:39:37.429  2590  2590 D PanelTransitionAnimator: clearAnimationState SHADE_STATE
04-22 21:39:37.430  2590  2796 D MediaControlPanel: ColorUpdate bindArtworkAndColors no artwork key 0|com.brave.browser|2130774203|null|10494
04-22 21:39:37.431  2590  2590 D PanelSplitOpenAnimator: updateAnimators
04-22 21:39:37.432  2590  2590 D QsDetailPopupAnimator: updateAnimators
04-22 21:39:37.434  2590  2590 D QsDetailPopupAnimator: resetSpringAnimator
04-22 21:39:37.434  2590  2590 D FaceWidgetNotificationControllerWrapper: onMediaDataLoaded, 0|com.brave.browser|2130774203|null|10494, 0|com.brave.browser|2130774203|null|10494,  [ USERID : 0 ] [ INITIALIZED : true ] [ APP : Brave ] [ ARTIST : m.youtube.com ] [ SONG : - YouTube ] [ ACTIONS : Pause,  ] [ ACTIONSTOSHOWINCOMPACT : [] ] [ PACKAGENAME : com.brave.browser ] [ DEVICE : soundcore R50i ] [ SECMEDIADEVICEDATA : 0 ] [ ACTIVE : true ] [ PLAYBACKLOCATION : 0 ] [ RESUMPTION : false ] [ NOTIFICATIONKEY : 0|com.brave.browser|2130774203|null|10494 ] [ HASCHECKFORRESUME : false ] [ ISPLAYING : true ] [ ISCLEARABLE : false ] [ LASTACTIVE : 1970-01-20 04:31:16.972 ] [ INSTANCEID : 1020099 ] [ APPUID : 10494 ]
04-22 21:39:37.434  2590  2590 D FaceWidgetNotificationControllerWrapper: getPluginFaceWidgetMediaData, actionsToShowInCompact = [0]
04-22 21:39:37.434  2590  2590 D FaceWidgetMediaDataRepository: [update] key : 0|com.brave.browser|2130774203|null|10494, oldKey : 0|com.brave.browser|2130774203|null|10494, media : com.brave.browser, sourceType : NOTIFICATION
04-22 21:39:37.435  1010  6496 D NativePermissionController: checkPermission: missing 1 for 10494
04-22 21:39:37.435  1010  6496 D NativePermissionController: checkPermission: missing 3 for 10494
04-22 21:39:37.435  1010  6496 D NativePermissionController: checkPermission: missing 5 for 10494
04-22 21:39:37.435 22531 22617 I avrcp   : system/profile/avrcp/connection_handler.cc:643 MessageCb: Message received on handle 0
04-22 21:39:37.435 22531 22617 I avrcp   : system/profile/avrcp/device.cc:1548 MessageReceived: opcode=Opcode::VENDOR
04-22 21:39:37.435 22531 22617 I avrcp   : system/profile/avrcp/device.cc:200 VendorPacketHandler: pdu=CommandPdu::GET_ELEMENT_ATTRIBUTES
04-22 21:39:37.436 22531 22676 I MediaPlayerWrapper: getCurrentMetadata mCurrentData: { mediaId="NowPlayingId0" title="اغرب حدود بين ايطاليا وسويسرا !" artist="الجغرافيا ببساطة" album="" genre="" duration=18418" genre= trackPosition=1/1 image=<Image source=2> }
04-22 21:39:37.436 22531 22617 I avrcp   : system/profile/avrcp/device.cc:1446 GetElementAttributesResponse: 
04-22 21:39:37.436 22531 22617 I avrcp   : system/profile/avrcp/connection_handler.cc:837 SendMessage: SendMessage to handle=0x0
04-22 21:39:37.436  2590  2590 D FaceWidgetMediaDataRepository: [publish] aod.uH@9c48531
04-22 21:39:37.437  1010  6496 V APM_AudioPolicyManager: getOutputForAttrInt() attributes={ Content type: AUDIO_CONTENT_TYPE_MUSIC Usage: AUDIO_USAGE_MEDIA Source: AUDIO_SOURCE_DEFAULT Flags: 0x600 Tags:  } stream=AUDIO_STREAM_MUSIC session 123097 selectedDeviceId 0
04-22 21:39:37.437  1010  6496 I APM_AudioPolicyManager: selectOutputFlags: remove ULL flag for dolby
04-22 21:39:37.437  1010  6496 V APM_AudioPolicyManager: getOutputForAttrInt() device {AUDIO_DEVICE_OUT_BLUETOOTH_A2DP, @:SUPPRESSED}, sampling rate 48000, format 0x5, channel mask 0x3, flags 0x8 stream AUDIO_STREAM_MUSIC
04-22 21:39:37.438  1010  6496 V APM_AudioPolicyManager: selectOutput new bestOutput 1005 criteria 0 100 0 0 0 0 2 0 
04-22 21:39:37.438  1010  6496 V APM_AudioPolicyManager: getOutputForAttrInt returns output 1005 selectedDeviceIds 14507
04-22 21:39:37.439  1010  6496 V APM_AudioPolicyManager: getOutputForAttr() returns output 1005 requestedPortIds AUDIO_PORT_HANDLE_NONE selectedDeviceIds 14507 for port ID 14555
04-22 21:39:37.439  1010  6496 I AudioFlinger: nonSecFlag 8, secFlag 0, outputFlags 0
04-22 21:39:37.439  1010  6496 W AudioFlinger: createTrack_l(): mismatch between requested flags (00000008) and output flags (00000000)
04-22 21:39:37.440  1010  6496 D AudioFlinger: Client defaulted notificationFrames to 3916 for frameCount 11748
04-22 21:39:37.441  1010  6496 I AF::PthrPatchRecord: creating track with enforcement level 0
04-22 21:39:37.447  1010  6496 I AF::Track: setMixerOutConfig return default condition, mixer key 2001, thread key 201
04-22 21:39:37.449  2590  2590 D SecSeekBarObserver: ColorUpdate progressDrawable !is AudioVisSeekBarProgressDrawable
04-22 21:39:37.453  5900  6052 D AudioTrack: setVolume(1.000000, 1.000000) pid : 5900
04-22 21:39:37.453  5900  6052 D AudioStreamTrack: open() flags changed from 0x00000008 to 0x00000000
04-22 21:39:37.454  1010  6122 I SoundAlive_SRC384 arch64: ~SoundAlive_SRC384(): instance 8405
04-22 21:39:37.454  5900  6052 D AudioStreamTrack: open() perfMode changed from 11 to 10
04-22 21:39:37.454  5900  6052 D AAudioStream: setState(s#17) from 0 to 2
04-22 21:39:37.456  5900  6052 I AAudio  : AAudioStreamBuilder_openStream() returns 0 = AAUDIO_OK for s#17 ----------------
04-22 21:39:37.458  2590  2590 W RefactorFlag: New code path expects SceneContainerFlag to be enabled.
04-22 21:39:37.458  5900  6052 D AAudio  : AAudioStream_requestStart(s#17) called --------------
04-22 21:39:37.458  5900  6052 D AAudioStream: setState(s#17) from 2 to 3
04-22 21:39:37.458  1010  6496 I AF::Track: setMixerOutConfig return default condition, mixer key 2001, thread key 201
04-22 21:39:37.458  1010  6496 I AudioPolicyEffectException: MySpaceHandler::checkDetachCondition media 1, ring 0, mp 0
04-22 21:39:37.458  1010  6496 I AudioPolicyEffectException: MySpace detach value 1
04-22 21:39:37.458  1010  6496 V APM_AudioPolicyManager: startOutput portId 14555
04-22 21:39:37.458  1010  6496 V APM_AudioPolicyManager: startOutput() output 1005, stream 3, session 123097
04-22 21:39:37.458  1010  6496 V APM_AudioPolicyManager: setBeaconMute(1) mBeaconMuteRefCount=17 mBeaconPlayingRefCount=0
04-22 21:39:37.458  2590  2590 I NowBarItemManager: onNowBarItemUpdated updated updatedNowBarItem = , 0|com.brave.browser|2130774203|null|10494, MEDIA | 1 oldNowBarItem = , 0|com.brave.browser|2130774203|null|10494, MEDIA | 1
04-22 21:39:37.458  2590  2590 I NowBarItemManager: notifyUpdateMediaData
04-22 21:39:37.458  2590  2590 I NowBarItemManager: filterVisibleList blocked  = 0|com.android.systemui|12030705|null|10051
04-22 21:39:37.458  2590  2590 I NowBarItemManager: getVisibleList isScreenTurnedOn = true / aodShowState false shouldControlScreenOff false visibleList size = 1
04-22 21:39:37.458  2590  2590 I NowBarItemManager: visibleList idx=0, , 0|com.brave.browser|2130774203|null|10494, MEDIA | 1
04-22 21:39:37.458  2590  2590 I NowBarMediaCardView@70: refreshConfigureValues landscape = false normalCardWidth = 635.04 normalCardHeight = 163.8
04-22 21:39:37.458  2590  2590 D NowBarMediaCardView@70: applyCardContent : NowBarItem{notiID=, nowBarKey='0|com.brave.browser|2130774203|null|10494, nowBarPackage='com.brave.browser, nowBarViewStyle=1, userId=-10000, pendingIntent=PendingIntent{d7b3d83: android.os.BinderProxy@91a876c}, pendingIntentOnSubScreen=null, chipIcon=null, expandedChipView=null, chipBackground=-7336192, actions=[com.android.systemui.plugins.keyguardstatusview.PluginOngoingMediaAction@894b00], actionBgColors=null, primaryActionNum=0, cardIcon=Icon(typ=RESOURCE pkg=com.samsung.android.app.aodservice id=0x7f080395), cardIconBg=-7336192, primaryInfo='- YouTube, primaryInfoColor=-197377, secondaryInfo='m.youtube.com, secondaryInfoColor=-197377, moreInfo=', customExpandedCardView=null, cardBackground=-7336192, faceWidgetMediaData=com.android.systemui.plugins.keyguardstatusview.PluginFaceWidgetMediaData@14f1f39, expandedChipText=, chronometerView=null, chronometerViewOnSubScreen=null, chronometerTag=null, shouldRemoveCard=false, contentViewForNormalCard=null, contentViewForExpandCardOnSubScreen=null, contentViewForNormalCard=null, contentViewForExpandCardOnSubScreen=null}
04-22 21:39:37.458  2590  2590 W Settings: Setting accessibility_reduce_transparency has moved from android.provider.Settings.System to android.provider.Settings.Global, returning read-only value.
04-22 21:39:37.459  1010  6496 V APM_AudioPolicyManager: selectOutputForMusicEffects activeOnly 1 output 1005 flags 0x00000000
04-22 21:39:37.459  1010  6496 V APM_AudioPolicyManager: selectOutputForMusicEffects selected output 1005
04-22 21:39:37.459  1010  6496 V APM_AudioPolicyManager: getNewOutputDevices selected devices {AUDIO_DEVICE_OUT_BLUETOOTH_A2DP, @:SUPPRESSED}
04-22 21:39:37.459  1010  6496 V APM_AudioPolicyManager: setOutputDevices caller startSource[[portId:14508][io:1005, a2dp output]] device {AUDIO_DEVICE_OUT_BLUETOOTH_A2DP, @:SUPPRESSED} delayMs 0
04-22 21:39:37.459  1010  6496 V APM_AudioPolicyManager: setOutputDevices: caller startSource[[portId:14508][io:1005, a2dp output]] suppressing checkDeviceMuteStrategies
04-22 21:39:37.459  1010  6496 V APM_AudioPolicyManager: setOutputDevices caller startSource[[portId:14508][io:1005, a2dp output]] changing device to {AUDIO_DEVICE_OUT_BLUETOOTH_A2DP, @:SUPPRESSED} (prevDevice {AUDIO_DEVICE_OUT_BLUETOOTH_A2DP, @:SUPPRESSED})
04-22 21:39:37.459  1050  1376 D libcomposer_ext: ClientImplAidl::kickIdle()
04-22 21:39:37.460   976   990 D libcomposer_ext: DeviceImplAidl::syncPerform(17), client_handle: 0
04-22 21:39:37.460   976   990 D libcomposer_ext: DeviceImplAidl::DeviceClientContextAidl::ParseKickIdle()
04-22 21:39:37.460  2590  2590 D NowBarMediaCardView@70: bindTitleArtist, maxWidth = 290, nowBarItem.actions.size = 1
04-22 21:39:37.460  2590  2590 I NowBarMediaCardView@70: applySettingCardLayout 0 / , 0|com.brave.browser|2130774203|null|10494, MEDIA | 1 / settingCardView com.samsung.android.app.facewidget.presentation.NowbarCardSettingView{d264f90 V.E...... ......I. 0,0-0,0 #7f0a22d1 app:id/nowbar_card_settings_rootview}
04-22 21:39:37.460  2590  2590 E NowbarCardSettingView: applySettingCardContent failed appIcon applySettingCardContent
04-22 21:39:37.460  2590  2590 I NowBarMediaCardView@70: setCardSettingViewState cardState: 0 -> 0  isExpanded false nowbarCardSettingView android.widget.FrameLayout{d8f588e G.E...... ......I. 0,0-0,0 #7f0a241e app:id/setting_content_rootview}
04-22 21:39:37.460  2590  2590 I NowBarCardViewModel: onSettingViewVisibilityChanged visible = false / isCollapsed = true
04-22 21:39:37.460  2590  2590 D NotificationPanelView: setNowBarExpandMode() enabled = false, duration = 300, listener = null, mKeyguardSecBottomArea = com.android.systemui.statusbar.phone.KeyguardSecBottomAreaView{6d9b89a G.E...... ......ID 0,0-1080,2340 #7f0a05fd app:id/keyguard_bottom_shortcut_area}
04-22 21:39:37.460  2590  2590 D SecQuickSettingsAffordanceInteractor: setNowBarExpandMode enable = false
04-22 21:39:37.460  2590  2590 E NowBarCardViewModel: updateExpandedClickPanelVisibility screen on = true expanded false isTopCardSettingViewOpened = false
04-22 21:39:37.460  2590  2590 I NowBarCardStackView: updateCardVisibilityBySettingView isExpandedCardState = false  / settingViewOpened false
04-22 21:39:37.460  2590  2590 I NowBarCardStackView: startAiCardEffect needToHide = true
04-22 21:39:37.460  2590  2590 I NowBarGuidingEffect: hide effectLeftShortCut null effectNowBarCenterView null effectRightShortCut null centerCardView null
04-22 21:39:37.460  2590  2590 I NowBarMediaCardView@70: setCardSettingViewState skipped same cardState: 0
04-22 21:39:37.460  2590  2590 I NowBarCardStackView: updateMediaItemData done
04-22 21:39:37.460  2590  2590 D NowBarItemManager: startMediaPauseTimerIfNeeded
04-22 21:39:37.461  2590  2590 I NowBarItemManager: stopMediaPauseTimer
04-22 21:39:37.461  2590  2590 I NowBarItemManager: onMediaNowBarItemRemoved current size = 2 (before),changed size=2
04-22 21:39:37.462  1050  1050 D CompositionEngine: AodOverrideCEHelper 1 setEnabled
04-22 21:39:37.462  5900  5900 I BLASTBufferQueue_Java: update, w= 1080 h= 2340 mName = VRI[Main]@9d1f796 mNativeObject= 0xb40000796a397010 sc.mNativeObject= 0xb4000078fa39c390 format= -3 caller= android.view.ViewRootImpl.updateBlastSurfaceIfNeeded:3574 android.view.ViewRootImpl.relayoutWindow:11685 android.view.ViewRootImpl.performTraversals:4804 android.view.ViewRootImpl.doTraversal:3924 android.view.ViewRootImpl$TraversalRunnable.run:12903 android.view.Choreographer$CallbackRecord.run:1901 
04-22 21:39:37.462  5900  5900 I VRI[Main]@9d1f796: Relayout returned: old=(0,0,1080,2340) new=(0,0,1080,2340) relayoutAsync=true req=(1080,2340)0 dur=1 res=0x0 s={true 0xb40000798a4a4930} ch=false seqId=0
04-22 21:39:37.464  1581  1789 I WindowManager: Relayout Window{8bb31e7 u0 com.brave.browser/com.google.android.apps.chrome.Main}: viewVisibility=0 req=1080x2340 ty=1 d0
04-22 21:39:37.464  1050  1380 I SurfaceFlinger: Capture layer list: 	 com.brave.browser/ChromeChildSurface#174783(seamlessTransition:0)
04-22 21:39:37.464  1050  1380 I SurfaceFlinger: Capture layer list: 	 com.brave.browser/com.google.android.apps.chrome.Main$_5900#174777(seamlessTransition:0)
04-22 21:39:37.465  1581  1789 D PowerManagerService: [api] acquire WakeLock SCREEN_BRIGHT_WAKE_LOCK           'WindowManager/displayId:0' ON_AFTER_RELEASE (uid=1000 pid=1581 ws=WorkSource{10494 com.brave.browser} displayId=0 lock=6376e96)
04-22 21:39:37.468  1581  1789 I WindowManager: Relayout hash=8bb31e7, pid=0, syncId=-1: mAttrs={(0,0)(fillxfill) sim={state=always_hidden adjust=resize} layoutInDisplayCutoutMode=always ty=BASE_APPLICATION fmt=TRANSLUCENT wanim=0x1030317 sysuil=true
04-22 21:39:37.468  1581  1789 I WindowManager:   fl=81810180
04-22 21:39:37.468  1581  1789 I WindowManager:   pfl=10008840
04-22 21:39:37.468  1581  1789 I WindowManager:   bhv=1
04-22 21:39:37.468  1581  1789 I WindowManager:   fitSides=0
04-22 21:39:37.468  1581  1789 I WindowManager:   frameRateBoostOnTouch=true
04-22 21:39:37.468  1581  1789 I WindowManager:   dvrrWindowFrameRateHint=true naviIconColor=0}
04-22 21:39:37.470  2590  2796 D MediaControlPanel: ColorUpdate bindArtworkAndColors no artwork key 0|com.brave.browser|2130774203|null|10494
04-22 21:39:37.472  2590  2590 D MediaControlPanel: ColorUpdate bindArtworkAndColors update artwork key 0|com.brave.browser|2130774203|null|10494
04-22 21:39:37.472  2590  2590 D SecColorSchemeTransition: ColorUpdate updateColorScheme enableGradient false
04-22 21:39:37.472  2590  2590 D MediaControlPanel: ColorUpdate bindArtworkAndColors update artwork end key 0|com.brave.browser|2130774203|null|10494
04-22 21:39:37.478  1050  1050 D CompositionEngine: AodOverrideCEHelper 1 setEnabled
04-22 21:39:37.482  2590  2590 D SecSeekBarObserver: ColorUpdate progressDrawable !is AudioVisSeekBarProgressDrawable
04-22 21:39:37.483  2590  2590 D FaceWidgetMusicViewModel: onChanged :: PluginFaceWidgetMediaData{packageName='com.brave.browser'isActive='true', playbackState=3', metaData=اغرب حدود بين ايطاليا وسويسرا !, الجغرافيا ببساطة, null', (APP ICON, )'}
04-22 21:39:37.484  2590  2590 D FaceWidgetMusicPageShownManager: onChanged
04-22 21:39:37.487  2590  2590 D FaceWidgetMusicPageShownManager: mediaData is playing. refresh last played pkg name
04-22 21:39:37.496  1050  1050 D CompositionEngine: AodOverrideCEHelper 1 setEnabled
04-22 21:39:37.500  2590  2590 D InterruptionStateProvider:  no Heads up : edgelighting enabled app. 0|com.brave.browser|2130774203|null|10494
04-22 21:39:37.500  2590  2590 D MediaControlPanel: ColorUpdate bindArtworkAndColors update artwork key 0|com.brave.browser|2130774203|null|10494
04-22 21:39:37.500  2590  2590 D SecColorSchemeTransition: ColorUpdate updateColorScheme enableGradient false
04-22 21:39:37.500  2590  2590 D MediaControlPanel: ColorUpdate bindArtworkAndColors update artwork end key 0|com.brave.browser|2130774203|null|10494
04-22 21:39:37.502  2590  2590 I NowBarItemManager: refreshMediaItem currentMediaDataList size:1 mediaDataList size:1
04-22 21:39:37.504  2590  2590 D MediaControlPanel: ColorUpdate bindArtworkAndColors update artwork key 0|com.brave.browser|2130774203|null|10494
04-22 21:39:37.504  2590  2590 D SecColorSchemeTransition: ColorUpdate updateColorScheme enableGradient false
04-22 21:39:37.504  2590  2590 D MediaControlPanel: ColorUpdate bindArtworkAndColors update artwork end key 0|com.brave.browser|2130774203|null|10494
04-22 21:39:37.504  2590  3658 D NowBarItemManager: refreshMediaItem start
04-22 21:39:37.517  2590  2590 D SubscreenNotificationListCoordinator: onAfterRenderList() isSubScreen = false, pluginLockMode = 0, doNotShowOnCover = false
04-22 21:39:37.518  2590  2590 I LockscreenNotificationIconsOnlyController: onNotificationInfoUpdated 0
04-22 21:39:37.519  2590  2590 I AODNotificationManager: updateNotification() 
04-22 21:39:37.519  2590  3658 D NowBarItemManager: color = -7336192 title = - YouTube album art = null
04-22 21:39:37.520  2590  3658 D NowBarItemManager: getActionFromFaceWidgetMediaData get mediaData with actionsToShowInCompact index
04-22 21:39:37.520  2590  3658 D NowBarItemManager: refreshMediaItem end
04-22 21:39:37.520  2590  2590 I NowBarItemManager: onNowBarItemUpdated updated updatedNowBarItem = , 0|com.brave.browser|2130774203|null|10494, MEDIA | 1 oldNowBarItem = , 0|com.brave.browser|2130774203|null|10494, MEDIA | 1
04-22 21:39:37.520  2590  2590 I NowBarItemManager: notifyUpdateMediaData
04-22 21:39:37.520  2590  2590 I NowBarItemManager: filterVisibleList blocked  = 0|com.android.systemui|12030705|null|10051
04-22 21:39:37.521  2590  2590 I NowBarItemManager: getVisibleList isScreenTurnedOn = true / aodShowState false shouldControlScreenOff false visibleList size = 1
04-22 21:39:37.521  2590  2590 I NowBarItemManager: visibleList idx=0, , 0|com.brave.browser|2130774203|null|10494, MEDIA | 1
04-22 21:39:37.521  2590  2590 I NowBarMediaCardView@70: refreshConfigureValues landscape = false normalCardWidth = 635.04 normalCardHeight = 163.8
04-22 21:39:37.521  2590  2590 D NowBarMediaCardView@70: applyCardContent : NowBarItem{notiID=, nowBarKey='0|com.brave.browser|2130774203|null|10494, nowBarPackage='com.brave.browser, nowBarViewStyle=1, userId=-10000, pendingIntent=PendingIntent{d7b3d83: android.os.BinderProxy@91a876c}, pendingIntentOnSubScreen=null, chipIcon=null, expandedChipView=null, chipBackground=-7336192, actions=[com.android.systemui.plugins.keyguardstatusview.PluginOngoingMediaAction@27121f7], actionBgColors=null, primaryActionNum=0, cardIcon=Icon(typ=RESOURCE pkg=com.samsung.android.app.aodservice id=0x7f080395), cardIconBg=-7336192, primaryInfo='- YouTube, primaryInfoColor=-197377, secondaryInfo='m.youtube.com, secondaryInfoColor=-197377, moreInfo=', customExpandedCardView=null, cardBackground=-7336192, faceWidgetMediaData=com.android.systemui.plugins.keyguardstatusview.PluginFaceWidgetMediaData@e8ee864, expandedChipText=, chronometerView=null, chronometerViewOnSubScreen=null, chronometerTag=null, shouldRemoveCard=false, contentViewForNormalCard=null, contentViewForExpandCardOnSubScreen=null, contentViewForNormalCard=null, contentViewForExpandCardOnSubScreen=null}
04-22 21:39:37.521  2590  2590 W Settings: Setting accessibility_reduce_transparency has moved from android.provider.Settings.System to android.provider.Settings.Global, returning read-only value.
04-22 21:39:37.522  2590  2590 I NowBarMediaCardView@70: applySettingCardLayout 0 / , 0|com.brave.browser|2130774203|null|10494, MEDIA | 1 / settingCardView com.samsung.android.app.facewidget.presentation.NowbarCardSettingView{d264f90 V.E...... ......I. 0,0-0,0 #7f0a22d1 app:id/nowbar_card_settings_rootview}
04-22 21:39:37.522  2590  2590 E NowbarCardSettingView: applySettingCardContent failed appIcon applySettingCardContent
04-22 21:39:37.523  2590  2590 I NowBarMediaCardView@70: setCardSettingViewState cardState: 0 -> 0  isExpanded false nowbarCardSettingView android.widget.FrameLayout{d8f588e G.E...... ......I. 0,0-0,0 #7f0a241e app:id/setting_content_rootview}
04-22 21:39:37.523  2590  2590 I NowBarCardViewModel: onSettingViewVisibilityChanged visible = false / isCollapsed = true
04-22 21:39:37.523  2590  2590 D NotificationPanelView: setNowBarExpandMode() enabled = false, duration = 300, listener = null, mKeyguardSecBottomArea = com.android.systemui.statusbar.phone.KeyguardSecBottomAreaView{6d9b89a G.E...... ......ID 0,0-1080,2340 #7f0a05fd app:id/keyguard_bottom_shortcut_area}
04-22 21:39:37.523  2590  2590 D SecQuickSettingsAffordanceInteractor: setNowBarExpandMode enable = false
04-22 21:39:37.523  2590  2590 E NowBarCardViewModel: updateExpandedClickPanelVisibility screen on = true expanded false isTopCardSettingViewOpened = false
04-22 21:39:37.523  2590  2590 I NowBarCardStackView: updateCardVisibilityBySettingView isExpandedCardState = false  / settingViewOpened false
04-22 21:39:37.523  2590  2590 I NowBarCardStackView: startAiCardEffect needToHide = true
04-22 21:39:37.523  2590  2590 I NowBarGuidingEffect: hide effectLeftShortCut null effectNowBarCenterView null effectRightShortCut null centerCardView null
04-22 21:39:37.523  2590  2590 I NowBarMediaCardView@70: setCardSettingViewState skipped same cardState: 0
04-22 21:39:37.523  2590  2590 I NowBarCardStackView: updateMediaItemData done
04-22 21:39:37.523  2590  2590 D NowBarItemManager: startMediaPauseTimerIfNeeded
04-22 21:39:37.524  2590  2590 I NowBarItemManager: stopMediaPauseTimer
04-22 21:39:37.524  2590  2590 I NowBarItemManager: onMediaNowBarItemRemoved current size = 2 (before),changed size=2
04-22 21:39:37.526  2590  2596 I ndroid.systemui: Background young concurrent mark compact GC freed 36MB AllocSpace bytes, 108(12MB) LOS objects, 32% free, 82MB/121MB, paused 5.990ms,4.978ms total 105.411ms
04-22 21:39:37.528  1050  1050 D CompositionEngine: AodOverrideCEHelper 1 setEnabled
04-22 21:39:37.544  1050  1050 D CompositionEngine: AodOverrideCEHelper 1 setEnabled
04-22 21:39:37.564  1050  1380 I SurfaceFlinger: Capture layer list: 	 com.brave.browser/ChromeChildSurface#174783(seamlessTransition:0)
04-22 21:39:37.565  1050  1380 I SurfaceFlinger: Capture layer list: 	 com.brave.browser/com.google.android.apps.chrome.Main$_5900#174777(seamlessTransition:0)
04-22 21:39:37.578  1050  1050 D CompositionEngine: AodOverrideCEHelper 1 setEnabled
04-22 21:39:37.588  1010  6122 D DlbDlbEffect: handle_EFFECT_CMD_SET_DEVICE(device=0x00000080)
04-22 21:39:37.588  1010  6122 D DlbEffectContext: setDevice(00000080)
04-22 21:39:37.588  1010  6122 D DlbEndpointParamCache: setDevice(device=0x00000080)
04-22 21:39:37.588  1010  6122 D DlbDlbEffect: handle_EFFECT_CMD_SET_DEVICE(device=0x00000080)
04-22 21:39:37.588  1010  6122 D DlbSpatializerEffectContext: setDevice(00000080)
04-22 21:39:37.588  1010  6122 D DlbEndpointParamCache: setDevice(device=0x00000080)
04-22 21:39:37.588  1010  6122 D DlbDlbEffect: handle_EFFECT_CMD_SET_DEVICE(device=0x00000080)
04-22 21:39:37.588  1010  6122 D DlbEffectContext: setDevice(00000080)
04-22 21:39:37.588  1010  6122 D DlbEndpointParamCache: setDevice(device=0x00000080)
04-22 21:39:37.588  1010  6122 V VolumeMonitor_Energy_Effect: VM_setParameter() start
04-22 21:39:37.588  1010  6122 V VolumeMonitor_Energy_Effect: VM_setParameter() VOLUMEMONITOR_SET_BT_TYPE_HEADSET support:1
04-22 21:39:37.588  1010  6122 V VolumeMonitor_Energy_Effect: VM_setParameter() end param:7, status:0
04-22 21:39:37.588  1010  6122 V VolumeMonitor_Energy_Effect: VM_setDevice() sessionId:-100501, device:0x0x80, isBtTypeHeadset:0
04-22 21:39:37.589   971 20873 D AHAL_BluetoothAudioPort: updateSourceMetadata: session_type=A2DP_SOFTWARE_ENCODING_DATAPATH, cookie=0x100, state=STANDBY, 0 track(s)
04-22 21:39:37.589  1010  6122 D DeviceHalAidl: [bluetooth] createAudioPatch: sources: 1 sinks 1
04-22 21:39:37.589  1010  6122 D Hal2AidlMapper: [bluetooth] createOrUpdatePatch: patch ID: 58, [disregard IDs] sources: [AudioPortConfig{id: 14508, portId: 0, sampleRate: Int{value: 44100}, channelMask: AudioChannelLayout{layoutMask: 3}, format: AudioFormatDescription{type: PCM, pcm: INT_16_BIT, encoding: }, gain: (null), flags: AudioIoFlags{output: 0}, ext: AudioPortExt{mix: AudioPortMixExt{handle: 1005, usecase: AudioPortMixExtUseCase{stream: SYS_RESERVED_DEFAULT}, maxOpenStreamCount: 0, maxActiveStreamCount: 0, recommendedMuteDurationMs: 0}}}], sinks: [AudioPortConfig{id: 14507, portId: 0, sampleRate: Int{value: 96000}, channelMask: AudioChannelLayout{layoutMask: 3}, format: AudioFormatDescription{type: PCM, pcm: INT_16_BIT, encoding: }, gain: (null), flags: (null), ext: AudioPortExt{device: AudioPortDeviceExt{device: AudioDevice{type: AudioDeviceDescription{type: OUT_DEVICE, connection: bt-a2dp}, address: AudioDeviceAddress{mac: [52, 9, 201, 22, 134, 39]}}, flags: 0, encodedFormats: [], encapsulationModes: 0, encapsulationMetadataTypes: 0, speakerLayo
04-22 21:39:37.590  1010  6122 I Hal2AidlMapper: findOrCreatePortConfig
04-22 21:39:37.590  1010  6122 I Hal2AidlMapper: createOrUpdatePortConfig
04-22 21:39:37.590   971 20873 D AHAL_Module: setAudioPortConfigImpl: bluetooth: requested AudioPortConfig{id: 179, portId: 178, sampleRate: Int{value: 96000}, channelMask: AudioChannelLayout{layoutMask: 3}, format: AudioFormatDescription{type: PCM, pcm: INT_16_BIT, encoding: }, gain: (null), flags: AudioIoFlags{output: 0}, ext: AudioPortExt{device: AudioPortDeviceExt{device: AudioDevice{type: AudioDeviceDescription{type: OUT_DEVICE, connection: bt-a2dp}, address: AudioDeviceAddress{mac: [52, 9, 201, 22, 134, 39]}}, flags: 0, encodedFormats: [], encapsulationModes: 0, encapsulationMetadataTypes: 0}}}
04-22 21:39:37.590   971 20873 W AHAL_Module: setAudioPortConfigImpl: bluetooth: requested sample rate 96000 is not supported for the format AudioFormatDescription{type: PCM, pcm: INT_16_BIT, encoding: } by the port 178
04-22 21:39:37.591   971 20873 D AHAL_Module: setAudioPortConfigImpl: bluetooth: not applied; existing config ? 1; requested is valid? 0, fully specified? 1
04-22 21:39:37.591  1010  6122 I Hal2AidlMapper: createOrUpdatePortConfig
04-22 21:39:37.592   971 20873 D AHAL_Module: setAudioPortConfigImpl: bluetooth: requested AudioPortConfig{id: 179, portId: 178, sampleRate: Int{value: 44100}, channelMask: AudioChannelLayout{layoutMask: 3}, format: AudioFormatDescription{type: PCM, pcm: INT_16_BIT, encoding: }, gain: (null), flags: AudioIoFlags{output: 0}, ext: AudioPortExt{device: AudioPortDeviceExt{device: AudioDevice{type: AudioDeviceDescription{type: OUT_DEVICE, connection: bt-a2dp}, address: AudioDeviceAddress{mac: [52, 9, 201, 22, 134, 39]}}, flags: 0, encodedFormats: [], encapsulationModes: 0, encapsulationMetadataTypes: 0}}}
04-22 21:39:37.592   971 20873 D AHAL_Module: setAudioPortConfigImpl: bluetooth: updated port config AudioPortConfig{id: 179, portId: 178, sampleRate: Int{value: 44100}, channelMask: AudioChannelLayout{layoutMask: 3}, format: AudioFormatDescription{type: PCM, pcm: INT_16_BIT, encoding: }, gain: (null), flags: AudioIoFlags{output: 0}, ext: AudioPortExt{device: AudioPortDeviceExt{device: AudioDevice{type: AudioDeviceDescription{type: OUT_DEVICE, connection: bt-a2dp}, address: AudioDeviceAddress{mac: [52, 9, 201, 22, 134, 39]}}, flags: 0, encodedFormats: [], encapsulationModes: 0, encapsulationMetadataTypes: 0}}}
04-22 21:39:37.592  1010  6122 I Hal2AidlMapper: findOrCreatePortConfig
04-22 21:39:37.592  1010  6122 I Hal2AidlMapper: findOrCreateMixPortConfig, ioHandle:1005
04-22 21:39:37.592   971  1018 D AHAL_Module: setAudioPatch: bluetooth: requested patch AudioPatch{id: 58, sourcePortConfigIds: [180], sinkPortConfigIds: [179], minimumStreamBufferSizeFrames: 896, latenciesMs: [20]}
04-22 21:39:37.592   971  1018 I AHAL_StreamBluetooth: checkConfigParams: bits per sample, stream value=0x16, BT HAL value=0x16, format.pcm 0x1, rate=44100
04-22 21:39:37.592   971  1018 W AHAL_ModuleBluetooth: checkAudioPatchEndpointsMatch: insert handle 1005 portId 178 A2DP_SOFTWARE_ENCODING_DATAPATH
04-22 21:39:37.592   971  1018 I BTAudioSessionAidl: GetAudioConfig A2DP_SOFTWARE_ENCODING_DATAPATH SehAudioConfiguration{pcmConfig: SehPcmConfiguration{sampleRateHz: 44100, channelMode: STEREO, bitsPerSample: 16, dataIntervalUs: 0}}
04-22 21:39:37.592   971  1018 D AHAL_Module: setAudioPatch: bluetooth: updated patch AudioPatch{id: 58, sourcePortConfigIds: [180], sinkPortConfigIds: [179], minimumStreamBufferSizeFrames: 896, latenciesMs: [20]}
04-22 21:39:37.593  1010  6122 D AudioFlinger: setCurDevice() 0x80
04-22 21:39:37.593   971 20873 D AHAL_Stream: getRecommendedLatencyModes
04-22 21:39:37.593  1010  6122 E StreamHalAidl: Function: getRecommendedLatencyModes Line: 1155 Failed 
04-22 21:39:37.594   971 20873 D AHAL_BluetoothAudioPort: updateSourceMetadata: session_type=A2DP_SOFTWARE_ENCODING_DATAPATH, cookie=0x100, state=STANDBY, 0 track(s)
04-22 21:39:37.596  1010  6496 V APM_AudioPolicyManager: setOutputDevices() AF::createAudioPatch returned 0 patchHandle 222580 num_sources 1 num_sinks 1
04-22 21:39:37.599  1010  6496 V APM_AudioPolicyManager: adjustDeviceAttenuationForAbsVolume: abs vol stream 10 with attenuation 1.000000 is adjusting stream 3 from attenuation 0.089125 to attenuation 1.000000
04-22 21:39:37.599  1010  6496 V APM_AudioPolicyManager: checkAndSetVolume: output 1005, stream 10, index 8, devices 0x80, volume 1.000000, delayMs 0, muted false
04-22 21:39:37.599  1010  6496 V APM_AudioPolicyManager: adjustDeviceAttenuationForAbsVolume: abs vol stream 10 with attenuation 1.000000 is adjusting stream 4 from attenuation 0.211349 to attenuation 1.000000
04-22 21:39:37.599  1010  6496 V APM_AudioPolicyManager: checkAndSetVolume: output 1005, stream 9, index 7, devices 0x80, volume 1.000000, delayMs 0, muted false
04-22 21:39:37.599  1010  6496 V APM_AudioPolicyManager: adjustDeviceAttenuationForAbsVolume: abs vol stream 10 with attenuation 1.000000 is adjusting stream 5 from attenuation 0.251189 to attenuation 1.000000
04-22 21:39:37.599  1010  6496 V APM_AudioPolicyManager: checkAndSetVolume: output 1005, stream 8, index 11, devices 0x80, volume 1.000000, delayMs 0, muted false
04-22 21:39:37.600  1010  6496 V APM_AudioPolicyManager: adjustDeviceAttenuationForAbsVolume: abs vol stream 10 with attenuation 1.000000 is adjusting stream 6 from attenuation 1.000000 to attenuation 1.000000
04-22 21:39:37.601  1010  6496 V APM_AudioPolicyManager: checkAndSetVolume: output 1005, stream 5, index 0, devices 0x80, volume 0.000000, delayMs 0, muted false
04-22 21:39:37.602  1010  6496 V APM_AudioPolicyManager: adjustDeviceAttenuationForAbsVolume: abs vol stream 10 with attenuation 1.000000 is adjusting stream 9 from attenuation 0.251189 to attenuation 1.000000
04-22 21:39:37.602  1010  6496 V APM_AudioPolicyManager: checkAndSetVolume: output 1005, stream 4, index 11, devices 0x80, volume 1.000000, delayMs 0, muted false
04-22 21:39:37.603  1010  6496 V APM_AudioPolicyManager: checkAndSetVolume: output 1005, stream 3, index 7, devices 0x80, volume 1.000000, delayMs 0, muted false
04-22 21:39:37.604  1010  6496 V APM_AudioPolicyManager: adjustDeviceAttenuationForAbsVolume: abs vol stream 10 with attenuation 1.000000 is adjusting stream 11 from attenuation 0.251189 to attenuation 1.000000
04-22 21:39:37.604  1010  6496 V APM_AudioPolicyManager: checkAndSetVolume: output 1005, stream 2, index 11, devices 0x80, volume 1.000000, delayMs 0, muted false
04-22 21:39:37.604  1010  6496 V APM_AudioPolicyManager: adjustDeviceAttenuationForAbsVolume: abs vol stream 10 with attenuation 1.000000 is adjusting stream 12 from attenuation 0.028184 to attenuation 1.000000
04-22 21:39:37.604  1010  6496 V APM_AudioPolicyManager: checkAndSetVolume: output 1005, stream 1, index 6, devices 0x80, volume 1.000000, delayMs 0, muted false
04-22 21:39:37.606  1010  6496 V APM_AudioPolicyManager: adjustDeviceAttenuationForAbsVolume: abs vol stream 10 with attenuation 1.000000 is adjusting stream 13 from attenuation 0.125893 to attenuation 1.000000
04-22 21:39:37.606  1010  6496 V APM_AudioPolicyManager: checkAndSetVolume: output 1005, stream 0, index 2, devices 0x80, volume 1.000000, delayMs 0, muted false
04-22 21:39:37.608  1010  6496 V APM_AudioPolicyManager: adjustDeviceAttenuationForAbsVolume: abs vol stream 10 with attenuation 1.000000 is adjusting stream 14 from attenuation 0.063096 to attenuation 1.000000
04-22 21:39:37.608  1010  6496 V APM_AudioPolicyManager: checkAndSetVolume: output 1005, stream 11, index 7, devices 0x80, volume 1.000000, delayMs 0, muted false
04-22 21:39:37.608  1010  6496 V APM_AudioPolicyManager: checkAndSetVolume: output 1005, stream 3, index 7, devices 0x80, volume 1.000000, delayMs 0, muted false
04-22 21:39:37.611  1010  6496 I AudioFlinger: updateStageIndex new -100502
04-22 21:39:37.612  5900  6052 D AAudio  : AAudioStream_requestStart(s#17) returned 0 ---------
04-22 21:39:37.612  1010  6122 D DlbEffectContext: setParam() received parameter EFFECT_PARAM_SEEK
04-22 21:39:37.612  5900 16003 D AudioStreamLegacy: onAudioDeviceUpdate() devices 14507 => 14507
04-22 21:39:37.612  1010  6122 D DlbEffectContext: setProfile(profile=0) stageIdx:-100502
04-22 21:39:37.612  1010  6122 D DlbProfileParamCache: setProfile(profile=0)
04-22 21:39:37.612  1010  6122 D DlbProfileParamArray: getProfileParams(profile = 0)
04-22 21:39:37.612  1010  6122 D DlbEndpointParamCache: commitChangedParams()
04-22 21:39:37.612  1010  6122 D DlbEndpointParamCache: commit() Applying parameters for device 0x40000000
04-22 21:39:37.612  1010  6122 D DlbDap2Process: setParam(iea = #1[3])
04-22 21:39:37.612  1010  6122 D DlbDap2Process: setParam(rvsa = #1[0])
04-22 21:39:37.612  1010  6122 D DlbDap2Process: setParam(msce = #1[1])
04-22 21:39:37.612  1010  6122 D DlbDap2Process: setParam(mdee = #1[1])
04-22 21:39:37.612  1010  6122 D DlbDap2Process: setParam(miee = #1[1])
04-22 21:39:37.612  1010  6122 D DlbDap2Process: setParam(mdle = #1[1])
04-22 21:39:37.612  1010  6122 D DlbDap2Process: setParam(dvme = #1[0])
04-22 21:39:37.612  1010  6122 D DlbDap2Process: setParam(rvse = #1[0])
04-22 21:39:37.612  1010  6122 D DlbDap2Process: setMave(mave = 1)
04-22 21:39:37.612  1010  6122 D DlbDap2Process: setParam(ieon = #1[1])
04-22 21:39:37.612  1010  6122 D DlbEndpointParamCache: doCommit() Committed 10 parameters out of 15.
04-22 21:39:37.612  1010  6122 D DlbEndpointParamCache: commit() Overriding parameters for current device 0x00000080
04-22 21:39:37.612  1010  6122 D DlbDap2Process: setParam(dea = #1[2])
04-22 21:39:37.612  1010  6122 D DlbDap2Process: setParam(plb = #1[0])
04-22 21:39:37.612  1010  6122 D DlbDap2Process: setParam(vmb = #1[0])
04-22 21:39:37.612  1010  6122 D DlbDap2Process: setParam(dsb = #1[0])
04-22 21:39:37.612  1010  6122 D DlbDap2Process: setParam(ded = #1[2])
04-22 21:39:37.612  1010  6122 D DlbDap2Process: setParam(hte = #1[0])
04-22 21:39:37.612  1010  6122 D DlbDap2Process: setSystemGain(vol = 0)
04-22 21:39:37.612  1010  6122 D DlbDap2Process: There's no mix matrix
04-22 21:39:37.612  1010  6122 D DlbDap2Process: DAP output mode set to 9 with output channel mask 0x3 and null mix matrix.
04-22 21:39:37.612  1010  6122 D DlbDap2Process: setParam(dom = #3[1, 1, 2])
04-22 21:39:37.612  1010  6122 D DlbDap2Process: setParam(hvm = #1[2])
04-22 21:39:37.612  1010  6122 D DlbDap2Process: setParam(svm = #1[2])
04-22 21:39:37.612  1010  6122 D DlbDap2Process: setParam(sdfa = #1[0])
04-22 21:39:37.612  1010  6122 D DlbDap2Process: setParam(dvla = #1[5])
04-22 21:39:37.612  1010  6122 D DlbDap2Process: setParam(hlra = #1[45])
04-22 21:39:37.612  1010  6122 D DlbDap2Process: setParam(avsb = #1[6])
04-22 21:39:37.612  1010  6122 D DlbDap2Process: setParam(hvrc = #8[103, 32568, 11164, 5090, 0, 3, 3, 3])
04-22 21:39:37.613  1010  6122 D DlbDap2Process: setParam(svrc = #8[103, 32568, 6698, 5090, 0, 3, 3, 3])
04-22 21:39:37.613  1010  6122 D DlbDap2Process: setParam(vssd = #1[4])
04-22 21:39:37.613  1010  6122 D DlbDap2Process: setParam(mvbe = #1[0])
04-22 21:39:37.613  1010  6122 D DlbDap2Process: setParam(bmde = #1[0])
04-22 21:39:37.613  1010  6122 D DlbDap2Process: setParam(dvle = #1[1])
04-22 21:39:37.613  1010  6122 D DlbDap2Process: setParam(dvli = #1[-256])
04-22 21:39:37.613  1010  6122 D DlbDap2Process: setParam(vbon = #1[0])
04-22 21:39:37.613  1010  6122 D DlbDap2Process: setParam(vbm = #1[0])
04-22 21:39:37.613  1010  6122 D DlbDap2Process: setParam(beon = #1[0])
04-22 21:39:37.613  1010  6122 D DlbDap2Process: setParam(deon = #1[1])
04-22 21:39:37.613  1010  6122 D DlbDap2Process: setParam(geon = #1[0])
04-22 21:39:37.613  1010  6122 D DlbDap2Process: setParam(ngon = #1[1])
04-22 21:39:37.613  1010  6122 D DlbDap2Process: setParam(dvlo = #1[-224])
04-22 21:39:37.613  1010  6122 D DlbDap2Process: setParam(dplp = #1[256])
04-22 21:39:37.613  1010  6122 D DlbEndpointParamCache: doCommit() Committed 28 parameters out of 40.
04-22 21:39:37.613  1010  6122 D DlbEffectContext: applySpecificConfigForRoomModel(forceSet=0, mRoomModel=0)
04-22 21:39:37.613  1010  6122 D DlbEffectContext: handleSeek(seek operation ends, restore profile to 0)
04-22 21:39:37.613  1010  6122 D DlbEffectContext: applySpecificParams() Apply some user specific parameters
04-22 21:39:37.613  1010  6122 D DlbEndpointParamCache: commitChangedParams()
04-22 21:39:37.613  1010  6122 D DlbEndpointParamCache: commit() Applying parameters for device 0x40000000
04-22 21:39:37.613  1010  6122 D DlbEndpointParamCache: doCommit() Committed 0 parameters out of 15.
04-22 21:39:37.613  1010  6122 D DlbEndpointParamCache: commit() Overriding parameters for current device 0x00000080
04-22 21:39:37.613  1010  6122 D DlbDap2Process: setParam(dvla = #1[7])
04-22 21:39:37.613  1010  6122 D DlbEndpointParamCache: doCommit() Committed 1 parameters out of 40.
04-22 21:39:37.613  1010  6122 D DlbEffectContext: handleSeek(end crossfading for seeking operation)
04-22 21:39:37.613  1010  6122 D DlbCrossfadeProcess: setEnabled transitioning from FADE_TO_BYPASS state to FADE_TO_ACTIVE
04-22 21:39:37.613  1010  6122 D DlbEffectContext: transformExternalGain() volume:0x1000000 fVol:1.000000 extVal:0
04-22 21:39:37.613  1010  6122 D DlbEndpointParamCache: commitChangedParams()
04-22 21:39:37.613  1010  6122 D DlbEndpointParamCache: commit() Applying parameters for device 0x40000000
04-22 21:39:37.613  1010  6122 D DlbDap2Process: setParam(preg = #1[0])
04-22 21:39:37.613  1010  6122 D DlbDap2Process: setSystemGain(vol = 0)
04-22 21:39:37.613  1010  6122 D DlbDap2Process: setParam(svol = #1[0])
04-22 21:39:37.613  1010  6122 D DlbEndpointParamCache: doCommit() Committed 2 parameters out of 15.
04-22 21:39:37.613  1010  6122 D DlbEndpointParamCache: commit() Overriding parameters for current device 0x00000080
04-22 21:39:37.613  1010  6122 D DlbEndpointParamCache: doCommit() Committed 0 parameters out of 40.
04-22 21:39:37.613   971 20873 D AHAL_BluetoothAudioPort: updateSourceMetadata: session_type=A2DP_SOFTWARE_ENCODING_DATAPATH, cookie=0x100, state=STANDBY, 1 track(s)
04-22 21:39:37.615  1581  1581 D AudioPlayerStateMonitor: Found a new active media playback. AudioPlaybackConfiguration piid:90791 deviceIds:[14507] type:AAudio u/pid:10494/5900 state:started attr:AudioAttributes: usage=USAGE_MEDIA content=CONTENT_TYPE_UNKNOWN source=DEFAULT flags=0x400 tags= bundle=null sessionId:-1 mutedState:none  FormatInfo{isSpatialized=false, channelMask=0x0, sampleRate=0}
04-22 21:39:37.615  1581  1581 D MediaSessionService: Audio playback is changed, config=AudioPlaybackConfiguration piid:90791 deviceIds:[14507] type:AAudio u/pid:10494/5900 state:started attr:AudioAttributes: usage=USAGE_MEDIA content=CONTENT_TYPE_UNKNOWN source=DEFAULT flags=0x400 tags= bundle=null sessionId:-1 mutedState:none  FormatInfo{isSpatialized=false, channelMask=0x0, sampleRate=0}, removed=false
